01-03 07:40:39.483 10159 10159 W dex2oat : Skipping class com.meizu.widget.DragSortListView$1 from /system/framework/framework.jar:classes2.dex previously found in /system/framework/framework.jar
01-03 07:40:39.483 10159 10159 W dex2oat : Skipping class com.meizu.widget.DragSortListView$2 from /system/framework/framework.jar:classes2.dex previously found in /system/framework/framework.jar
01-03 07:40:39.483 10159 10159 W dex2oat : Skipping class com.meizu.widget.DragSortListView$AdapterWrapper$1 from /system/framework/framework.jar:classes2.dex previously found in /system/framework/framework.jar
01-03 07:40:39.483 10159 10159 W dex2oat : Skipping class com.meizu.widget.DragSortListView$AdapterWrapper from /system/framework/framework.jar:classes2.dex previously found in /system/framework/framework.jar
01-03 07:40:39.483 10159 10159 W dex2oat : Skipping class com.meizu.widget.DragSortListView$DragListener from /system/framework/framework.jar:classes2.dex previously found in /system/framework/framework.jar
01-03 07:40:39.483 10159 10159 W dex2oat : Skipping class com.meizu.widget.DragSortListView$DragScroller from /system/framework/framework.jar:classes2.dex previously found in /system/framework/framework.jar
01-03 07:40:39.483 10159 10159 W dex2oat : Skipping class com.meizu.widget.DragSortListView$DropListener from /system/framework/framework.jar:classes2.dex previously found in /system/framework/framework.jar
01-03 07:40:39.483 10159 10159 W dex2oat : Skipping class com.meizu.widget.DragSortListView$RemoveListener from /system/framework/framework.jar:classes2.dex previously found in /system/framework/framework.jar
01-03 07:40:39.483 10159 10159 W dex2oat : Skipping class com.meizu.widget.DragSortListView$DragSortListener from /system/framework/framework.jar:classes2.dex previously found in /system/framework/framework.jar
01-03 07:40:39.483 10159 10159 W dex2oat : Skipping class com.meizu.widget.DragSortListView$DragSortTracker from /system/framework/framework.jar:classes2.dex previously found in /system/framework/framework.jar
01-03 07:40:39.483 10159 10159 W dex2oat : Skipping class com.meizu.widget.DragSortListView$SmoothAnimator from /system/framework/framework.jar:classes2.dex previously found in /system/framework/framework.jar
01-03 07:40:39.483 10159 10159 W dex2oat : Skipping class com.meizu.widget.DragSortListView$DropAnimator from /system/framework/framework.jar:classes2.dex previously found in /system/framework/framework.jar
01-03 07:40:39.483 10159 10159 W dex2oat : Skipping class com.meizu.widget.DragSortListView$HeightCache from /system/framework/framework.jar:classes2.dex previously found in /system/framework/framework.jar
01-03 07:40:39.483 10159 10159 W dex2oat : Skipping class com.meizu.widget.DragSortListView$LiftAnimator from /system/framework/framework.jar:classes2.dex previously found in /system/framework/framework.jar
01-03 07:40:39.483 10159 10159 W dex2oat : Skipping class com.meizu.widget.DragSortListView$RemoveAnimator from /system/framework/framework.jar:classes2.dex previously found in /system/framework/framework.jar
01-03 07:40:39.483 10159 10159 W dex2oat : Skipping class com.meizu.widget.DragSortListView from /system/framework/framework.jar:classes2.dex previously found in /system/framework/framework.jar
01-03 07:40:39.483 10159 10159 W dex2oat : Skipping class com.meizu.widget.GlowDelegate$1 from /system/framework/framework.jar:classes2.dex previously found in /system/framework/framework.jar
01-03 07:40:39.483 10159 10159 W dex2oat : Skipping class com.meizu.widget.GlowDelegate from /system/framework/framework.jar:classes2.dex previously found in /system/framework/framework.jar
01-03 07:40:39.483 10159 10159 W dex2oat : Skipping class com.meizu.widget.GlowImageButton from /system/framework/framework.jar:classes2.dex previously found in /system/framework/framework.jar
01-03 07:40:39.483 10159 10159 W dex2oat : Skipping class com.meizu.widget.GlowLinearLayout from /system/framework/framework.jar:classes2.dex previously found in /system/framework/framework.jar
01-03 07:40:39.483 10159 10159 W dex2oat : Skipping class com.meizu.widget.LimitedHeightLinearLayout from /system/framework/framework.jar:classes2.dex previously found in /system/framework/framework.jar
01-03 07:40:39.484 10159 10159 W dex2oat : Skipping class com.meizu.widget.LimitedHeightScrollView$1 from /system/framework/framework.jar:classes2.dex previously found in /system/framework/framework.jar
01-03 07:40:39.484 10159 10159 W dex2oat : Skipping class com.meizu.widget.LimitedHeightScrollView$ScrollRunnable from /system/framework/framework.jar:classes2.dex previously found in /system/framework/framework.jar
01-03 07:40:39.484 10159 10159 W dex2oat : Skipping class com.meizu.widget.LimitedHeightScrollView from /system/framework/framework.jar:classes2.dex previously found in /system/framework/framework.jar
01-03 07:40:39.484 10159 10159 W dex2oat : Skipping class com.meizu.widget.ListSelectFilter from /system/framework/framework.jar:classes2.dex previously found in /system/framework/framework.jar
01-03 07:40:39.484 10159 10159 W dex2oat : Skipping class com.meizu.widget.MagnifierPopupWindow$MagnifierView from /system/framework/framework.jar:classes2.dex previously found in /system/framework/framework.jar
01-03 07:40:39.484 10159 10159 W dex2oat : Skipping class com.meizu.widget.MagnifierPopupWindow$Smoother from /system/framework/framework.jar:classes2.dex previously found in /system/framework/framework.jar
01-03 07:40:39.484 10159 10159 W dex2oat : Skipping class com.meizu.widget.MagnifierPopupWindow from /system/framework/framework.jar:classes2.dex previously found in /system/framework/framework.jar
01-03 07:40:39.484 10159 10159 W dex2oat : Skipping class com.meizu.widget.OptionPopupWindow$HandleView$1 from /system/framework/framework.jar:classes2.dex previously found in /system/framework/framework.jar
01-03 07:40:39.484 10159 10159 W dex2oat : Skipping class com.meizu.widget.OptionPopupWindow$HandleView from /system/framework/framework.jar:classes2.dex previously found in /system/framework/framework.jar
01-03 07:40:39.484 10159 10159 W dex2oat : Skipping class com.meizu.widget.OptionPopupWindow$OptionActionMode from /system/framework/framework.jar:classes2.dex previously found in /system/framework/framework.jar
01-03 07:40:39.484 10159 10159 W dex2oat : Skipping class com.meizu.widget.OptionPopupWindow$OptionMenu from /system/framework/framework.jar:classes2.dex previously found in /system/framework/framework.jar
01-03 07:40:39.484 10159 10159 W dex2oat : Skipping class com.meizu.widget.OptionPopupWindow$PageInfo from /system/framework/framework.jar:classes2.dex previously found in /system/framework/framework.jar
01-03 07:40:39.484 10159 10159 W dex2oat : Skipping class com.meizu.widget.OptionPopupWindow from /system/framework/framework.jar:classes2.dex previously found in /system/framework/framework.jar
01-03 07:40:39.484 10159 10159 W dex2oat : Skipping class com.meizu.widget.OverScrollerExt$SplineOverScroller from /system/framework/framework.jar:classes2.dex previously found in /system/framework/framework.jar
01-03 07:40:39.484 10159 10159 W dex2oat : Skipping class com.meizu.widget.OverScrollerExt from /system/framework/framework.jar:classes2.dex previously found in /system/framework/framework.jar
01-03 07:40:39.484 10159 10159 W dex2oat : Skipping class com.meizu.widget.ShareViewPager from /system/framework/framework.jar:classes2.dex previously found in /system/framework/framework.jar
01-03 07:40:39.484 10159 10159 W dex2oat : Skipping class com.meizu.widget.inputmethod.CoverView from /system/framework/framework.jar:classes2.dex previously found in /system/framework/framework.jar
01-03 07:40:39.484 10159 10159 W dex2oat : Skipping class com.meizu.widget.inputmethod.CustomeDrawable from /system/framework/framework.jar:classes2.dex previously found in /system/framework/framework.jar
01-03 07:40:39.484 10159 10159 W dex2oat : Skipping class com.meizu.widget.inputmethod.SmileView from /system/framework/framework.jar:classes2.dex previously found in /system/framework/framework.jar
01-03 07:40:39.484 10159 10159 W dex2oat : Skipping class com.meizu.widget.inputmethod.VoiceView$1 from /system/framework/framework.jar:classes2.dex previously found in /system/framework/framework.jar
01-03 07:40:39.484 10159 10159 W dex2oat : Skipping class com.meizu.widget.inputmethod.VoiceView$2 from /system/framework/framework.jar:classes2.dex previously found in /system/framework/framework.jar
01-03 07:40:39.484 10159 10159 W dex2oat : Skipping class com.meizu.widget.inputmethod.VoiceView$CheckForLongPress from /system/framework/framework.jar:classes2.dex previously found in /system/framework/framework.jar
01-03 07:40:39.484 10159 10159 W dex2oat : Skipping class com.meizu.widget.inputmethod.VoiceView from /system/framework/framework.jar:classes2.dex previously found in /system/framework/framework.jar
01-03 07:40:39.484 10159 10159 W dex2oat : Skipping class flyme.R$anim from /system/framework/framework.jar:classes2.dex previously found in /system/framework/framework.jar
01-03 07:40:39.484 10159 10159 W dex2oat : Skipping class flyme.R$animator from /system/framework/framework.jar:classes2.dex previously found in /system/framework/framework.jar
01-03 07:40:39.484 10159 10159 W dex2oat : Skipping class flyme.R$array from /system/framework/framework.jar:classes2.dex previously found in /system/framework/framework.jar
01-03 07:40:39.484 10159 10159 W dex2oat : Skipping class flyme.R$attr from /system/framework/framework.jar:classes2.dex previously found in /system/framework/framework.jar
01-03 07:40:39.484 10159 10159 W dex2oat : Skipping class flyme.R$bool from /system/framework/framework.jar:classes2.dex previously found in /system/framework/framework.jar
01-03 07:40:39.484 10159 10159 W dex2oat : Skipping class flyme.R$color from /system/framework/framework.jar:classes2.dex previously found in /system/framework/framework.jar
01-03 07:40:39.484 10159 10159 W dex2oat : Skipping class flyme.R$dimen from /system/framework/framework.jar:classes2.dex previously found in /system/framework/framework.jar
01-03 07:40:39.484 10159 10159 W dex2oat : Skipping class flyme.R$drawable from /system/framework/framework.jar:classes2.dex previously found in /system/framework/framework.jar
01-03 07:40:39.485 10159 10159 W dex2oat : Skipping class flyme.R$fraction from /system/framework/framework.jar:classes2.dex previously found in /system/framework/framework.jar
01-03 07:40:39.485 10159 10159 W dex2oat : Skipping class flyme.R$id from /system/framework/framework.jar:classes2.dex previously found in /system/framework/framework.jar
01-03 07:40:39.485 10159 10159 W dex2oat : Skipping class flyme.R$integer from /system/framework/framework.jar:classes2.dex previously found in /system/framework/framework.jar
01-03 07:40:39.485 10159 10159 W dex2oat : Skipping class flyme.R$interpolator from /system/framework/framework.jar:classes2.dex previously found in /system/framework/framework.jar
01-03 07:40:39.485 10159 10159 W dex2oat : Skipping class flyme.R$layout from /system/framework/framework.jar:classes2.dex previously found in /system/framework/framework.jar
01-03 07:40:39.485 10159 10159 W dex2oat : Skipping class flyme.R$menu from /system/framework/framework.jar:classes2.dex previously found in /system/framework/framework.jar
01-03 07:40:39.485 10159 10159 W dex2oat : Skipping class flyme.R$raw from /system/framework/framework.jar:classes2.dex previously found in /system/framework/framework.jar
01-03 07:40:39.485 10159 10159 W dex2oat : Skipping class flyme.R$string from /system/framework/framework.jar:classes2.dex previously found in /system/framework/framework.jar
01-03 07:40:39.485 10159 10159 W dex2oat : Skipping class flyme.R$style from /system/framework/framework.jar:classes2.dex previously found in /system/framework/framework.jar
01-03 07:40:39.485 10159 10159 W dex2oat : Skipping class flyme.R$styleable from /system/framework/framework.jar:classes2.dex previously found in /system/framework/framework.jar
01-03 07:40:39.485 10159 10159 W dex2oat : Skipping class flyme.R$xml from /system/framework/framework.jar:classes2.dex previously found in /system/framework/framework.jar
01-03 07:40:39.485 10159 10159 W dex2oat : Skipping class flyme.R from /system/framework/framework.jar:classes2.dex previously found in /system/framework/framework.jar
01-03 07:40:39.485 10159 10159 W dex2oat : Skipping class meizu.security.AccessControlManager from /system/framework/framework.jar:classes2.dex previously found in /system/framework/framework.jar
01-03 07:40:39.485 10159 10159 W dex2oat : Skipping class meizu.security.FlymePermissionManager$TitleAndContent from /system/framework/framework.jar:classes2.dex previously found in /system/framework/framework.jar
01-03 07:40:39.485 10159 10159 W dex2oat : Skipping class meizu.security.FlymePermissionManager from /system/framework/framework.jar:classes2.dex previously found in /system/framework/framework.jar
01-03 07:40:39.485 10159 10159 W dex2oat : Skipping class meizu.security.IAccessControlManager from /system/framework/framework.jar:classes2.dex previously found in /system/framework/framework.jar
01-03 07:40:39.485 10159 10159 W dex2oat : Skipping class meizu.security.IAccessControlManager$Stub$Proxy from /system/framework/framework.jar:classes2.dex previously found in /system/framework/framework.jar
01-03 07:40:39.485 10159 10159 W dex2oat : Skipping class meizu.security.IAccessControlManager$Stub from /system/framework/framework.jar:classes2.dex previously found in /system/framework/framework.jar
01-03 07:40:39.485 10159 10159 W dex2oat : Skipping class meizu.security.IFlymePermissionService from /system/framework/framework.jar:classes2.dex previously found in /system/framework/framework.jar
01-03 07:40:39.485 10159 10159 W dex2oat : Skipping class meizu.security.IFlymePermissionService$Stub$Proxy from /system/framework/framework.jar:classes2.dex previously found in /system/framework/framework.jar
01-03 07:40:39.485 10159 10159 W dex2oat : Skipping class meizu.security.IFlymePermissionService$Stub from /system/framework/framework.jar:classes2.dex previously found in /system/framework/framework.jar
01-03 07:40:39.485 10159 10159 W dex2oat : Skipping class meizu.view.IMoveWinCallback from /system/framework/framework.jar:classes2.dex previously found in /system/framework/framework.jar
01-03 07:40:39.485 10159 10159 W dex2oat : Skipping class meizu.view.IMoveWinCallback$Stub$Proxy from /system/framework/framework.jar:classes2.dex previously found in /system/framework/framework.jar
01-03 07:40:39.485 10159 10159 W dex2oat : Skipping class meizu.view.IMoveWinCallback$Stub from /system/framework/framework.jar:classes2.dex previously found in /system/framework/framework.jar
01-03 07:40:39.485 10159 10159 W dex2oat : Skipping class meizu.view.IMoveWindow from /system/framework/framework.jar:classes2.dex previously found in /system/framework/framework.jar
01-03 07:40:39.485 10159 10159 W dex2oat : Skipping class meizu.view.IMoveWindow$Stub$Proxy from /system/framework/framework.jar:classes2.dex previously found in /system/framework/framework.jar
01-03 07:40:39.485 10159 10159 W dex2oat : Skipping class meizu.view.IMoveWindow$Stub from /system/framework/framework.jar:classes2.dex previously found in /system/framework/framework.jar
01-03 07:40:39.485 10159 10159 W dex2oat : Skipping class meizu.view.MoveWinManager$MoveWinCallback from /system/framework/framework.jar:classes2.dex previously found in /system/framework/framework.jar
01-03 07:40:39.485 10159 10159 W dex2oat : Skipping class meizu.view.MoveWinManager$MoveWinListener from /system/framework/framework.jar:classes2.dex previously found in /system/framework/framework.jar
01-03 07:40:39.485 10159 10159 W dex2oat : Skipping class meizu.view.MoveWinManager from /system/framework/framework.jar:classes2.dex previously found in /system/framework/framework.jar
01-03 07:40:39.486 10159 10299 W dex2oat : Skipping class com.meizu.util.StrokeDrawableUtils$StrokeLruCache from /system/framework/framework.jar:classes2.dex previously found in /system/framework/framework.jar
01-03 07:40:39.776 10159 10159 W dex2oat : Skipping class com.quicinc.tcmiface.DpmTcmIface from /system/framework/org.apache.http.legacy.boot.jar previously found in /system/framework/okhttp.jar
01-03 07:40:40.005  1450  1450 D hawaii.hwcomposer: FBDevice::post called 11 times [11 0 0 0 0 0 0 0]
01-03 07:40:40.010  1450  1544 D hawaii.hwcomposer: FBDevice::vsync called 67 times
01-03 07:40:40.283 10154 10154 I ServiceManager: Waiting for service media.camera.proxy...
01-03 07:40:40.981 10153 10153 E Netd    : cannot find interface dummy0
01-03 07:40:40.983 10153 10153 D MDnsDS  : MDnsSdListener::Hander starting up
01-03 07:40:40.984 10153 10419 D MDnsDS  : MDnsSdListener starting to monitor
01-03 07:40:40.984 10153 10419 D MDnsDS  : Going to poll with pollCount 1
01-03 07:40:41.005  1450  1544 D hawaii.hwcomposer: FBDevice::vsync called 66 times
01-03 07:40:41.088  1450  1450 D hawaii.hwcomposer: FBDevice::post called 13 times [13 0 0 0 0 0 0 0]
01-03 07:40:41.284 10154 10154 I AudioPolicyService: AudioPolicyService CSTOR in new mode
01-03 07:40:41.285 10154 10154 I APM::ConfigParsingUtils: loadAudioPolicyConfig() loaded /system/etc/audio_policy.conf
01-03 07:40:41.290 10154 10154 W linker  : /system/lib/lib_Samsung_Resampler.so has text relocations. This is wasting memory and prevents security hardening. Please fix.
01-03 07:40:41.291 10154 10154 D ALSAControl: Opening Control
01-03 07:40:41.297 10154 10154 D ALSAControl: Opening Control passed mHandle = 0x41299910
01-03 07:40:41.298 10154 10154 D ALSAControl: [Hardware.configuration.SSPI.1.index]=1
01-03 07:40:41.298 10154 10154 D ALSAControl: [Hardware.configuration.SSPI.2.index]=0
01-03 07:40:41.298 10154 10154 D ALSAControl: [Hardware.configuration.SSPI.3.index]=0
01-03 07:40:41.298 10154 10154 D ALSAControl: setting up MIC sections
01-03 07:40:41.298 10154 10154 D ALSAControl: MIC section 1: mic number 0=1
01-03 07:40:41.298 10154 10154 D ALSAControl: MIC section 1: mic number 1=4
01-03 07:40:41.298 10154 10154 D ALSAControl: micVal=1, 4, 0, 0, 0, 0
01-03 07:40:41.298 10154 10154 D ALSAControl: MIC section 2: mic number 0=2
01-03 07:40:41.298 10154 10154 D ALSAControl: MIC section 2: mic number 1=4
01-03 07:40:41.298 10154 10154 D ALSAControl: micVal=2, 4, 0, 0, 0, 0
01-03 07:40:41.298 10154 10154 D ALSAControl: MIC section 3: mic number 0=1
01-03 07:40:41.298 10154 10154 D ALSAControl: MIC section 3: mic number 1=4
01-03 07:40:41.299 10154 10154 D ALSAControl: micVal=1, 4, 0, 0, 0, 0
01-03 07:40:41.299 10154 10154 D ALSAControl: MIC section 4: mic number 0=9
01-03 07:40:41.299 10154 10154 D ALSAControl: MIC section 4: mic number 1=4
01-03 07:40:41.299 10154 10154 D ALSAControl: micVal=9, 4, 0, 0, 0, 0
01-03 07:40:41.299 10154 10154 D ALSAControl: MIC section 5: mic number 0=1
01-03 07:40:41.299 10154 10154 D ALSAControl: MIC section 5: mic number 1=4
01-03 07:40:41.299 10154 10154 D ALSAControl: micVal=1, 4, 0, 0, 0, 0
01-03 07:40:41.299 10154 10154 E AudioHardwareALSA: Voice Volume min = 0, max = 5
01-03 07:40:41.299 10154 10154 E AudioHardwareALSA: FM Volume min = 0, max = 14
01-03 07:40:41.301 10154 10154 I AudioFlinger: loadHwModule() Loaded primary audio interface from LEGACY Audio HW HAL (audio) handle 1
01-03 07:40:41.301 10154 10154 I AudioFlinger: openOutput(), module 1 Device 2, SamplingRate 48000, Format 0x000001, Channels 3, flags 2
01-03 07:40:41.301 10154 10154 D AudioHardwareALSA: openOutputStream called for devices: 0x00000002 sampleRate = 48000
01-03 07:40:41.301 10154 10154 I AudioHardwareALSA: persist.debug.audio.pcmout2 = ON
01-03 07:40:41.301 10154 10154 D ALSA_Default: open called for devices 00000002 in mode 0...
01-03 07:40:41.301 10154 10154 D ALSA_Default: deviceName: devString [pcmout1], channels 2, sampleRate 48000 
01-03 07:40:41.302 10154 10154 D ALSA_Default: open called for pcmout1
01-03 07:40:41.302 10154 10154 V ALSA_Default: Set PLAYBACK PCM format to S16_LE (Signed 16 bit Little Endian)
01-03 07:40:41.302 10154 10154 V ALSA_Default: Using 2 channels for PLAYBACK.
01-03 07:40:41.302 10154 10154 V ALSA_Default: Set device 0 sample rate to 48000 HZ
01-03 07:40:41.302 10154 10154 V ALSA_Default: Buffer size: 8192
01-03 07:40:41.302 10154 10154 V ALSA_Default: Latency: 170666
01-03 07:40:41.302 10154 10154 V ALSA_Default: Period Size: 4096
01-03 07:40:41.303 10154 10154 D ALSA_Default: startThreshold=8192 stopThreshold=8192
01-03 07:40:41.303 10154 10154 I ALSA_Default: Initialized ALSA PLAYBACK device pcmout1
01-03 07:40:41.303 10154 10154 D SoundBooster: SoundBoosterInit(): sampleRate=44100
01-03 07:40:41.303 10154 10154 D AudioHardwareALSA: getPlaybackDevice for device = 0x2 returned sink = 4
01-03 07:40:41.303 10154 10154 D ALSAStreamOps: ALSAStreamOps::set format=1 channel=3 rate=48000
01-03 07:40:41.303 10154 10154 D ALSAStreamOps: ALSAStreamOps::set rate=48000
01-03 07:40:41.303 10154 10154 I AudioFlinger: AudioStreamOut::open(), mHalFormatIsLinearPcm = 1
01-03 07:40:41.303 10154 10154 I ALSAStreamOps:  CFG_AUD_BUF bufferSize =16384 P
01-03 07:40:41.303 10154 10154 I AudioFlinger: HAL output buffer size 4096 frames, normal sink buffer size 4096 frames
01-03 07:40:41.307 10154 10154 I BufferProvider: found effect "Multichannel Downmix To Stereo" from The Android Open Source Project
01-03 07:40:41.307 10154 10154 I ALSAStreamOps:  CFG_AUD_BUF bufferSize =16384 P
01-03 07:40:41.308 10154 10154 I AudioFlinger: Using module 1 has the primary audio interface
01-03 07:40:41.308 10154 10154 D AudioHardwareALSA: setMode called to enable voice path mode=0 mMode=0
01-03 07:40:41.308 10154 10426 I AudioFlinger: AudioFlinger's thread 0x43100000 ready to run
01-03 07:40:41.308 10154 10426 V ALSAStreamOps: setParameters() routing=2 for playback rate=48000 modechanging=0 mode=0
01-03 07:40:41.308 10154 10426 V ALSAStreamOps: setParameters() mIsRealCall=0
01-03 07:40:41.308 10154 10426 D ALSAStreamOps: ALSAStreamOps mParent->mModeChanging = 0
01-03 07:40:41.308 10154 10426 D ALSAStreamOps: curDevice = 0x2,newDevice = 0x2
01-03 07:40:41.308 10154 10426 D ALSAStreamOps: setParameters() VoiceOnCounter 0 VoiceCallSw 0 device 2 curDev 2, mode 0, wait for mLock_voiceOn...
01-03 07:40:41.308 10154 10426 D ALSAStreamOps: setParameters() get mLock_voiceOn
01-03 07:40:41.309 10154 10426 D AudioStreamOutALSA: AudioStreamOutALSA::standby--pause, rate = 48000 
01-03 07:40:41.309 10154 10426 I AudioStreamOutALSA: dump.audio.pcm = OFF
01-03 07:40:41.309 10154 10426 V AudioStreamOutALSA: Data Dump is disabled
01-03 07:40:41.309 10154 10424 D AudioHardwareALSA: SetVoiceVolume() volume = 1.000000, mVoipVolFlag = 0
01-03 07:40:41.309 10154 10424 D AudioHardwareALSA: SetVoiceVolume() - volume 1.000000, vol 5, vcVolMin 0, vcVolMax 5
01-03 07:40:41.310 10154 10154 I AudioFlinger: openOutput(), module 1 Device 2, SamplingRate 48000, Format 0x000001, Channels 3, flags 0
01-03 07:40:41.310 10154 10154 D AudioHardwareALSA: openOutputStream called for devices: 0x00000002 sampleRate = 48000
01-03 07:40:41.310 10154 10154 I AudioHardwareALSA: persist.debug.audio.pcmout2 = ON
01-03 07:40:41.310 10154 10154 D AudioHardwareALSA: openOutputStream Unexpected mpOutput=0x412a4188
01-03 07:40:41.310 10154 10426 E AudioFlinger: no wake lock to update!
01-03 07:40:41.310 10154 10154 D ALSA_Default: open called for devices 00000002 in mode 0...
01-03 07:40:41.310 10154 10154 D ALSA_Default: deviceName: devString [pcmout1], channels 2, sampleRate 48000 
01-03 07:40:41.311 10154 10154 D ALSA_Default: open called for pcmout1
01-03 07:40:41.311 10154 10154 V ALSA_Default: Set PLAYBACK PCM format to S16_LE (Signed 16 bit Little Endian)
01-03 07:40:41.311 10154 10154 V ALSA_Default: Using 2 channels for PLAYBACK.
01-03 07:40:41.311 10154 10154 V ALSA_Default: Set device 2 sample rate to 48000 HZ
01-03 07:40:41.311 10154 10154 V ALSA_Default: Buffer size: 8192
01-03 07:40:41.311 10154 10154 V ALSA_Default: Latency: 170666
01-03 07:40:41.311 10154 10154 V ALSA_Default: Period Size: 4096
01-03 07:40:41.312 10154 10154 D ALSA_Default: startThreshold=8192 stopThreshold=8192
01-03 07:40:41.312 10154 10154 I ALSA_Default: Initialized ALSA PLAYBACK device pcmout1
01-03 07:40:41.312 10154 10154 D SoundBooster: SoundBoosterInit(): sampleRate=44100
01-03 07:40:41.312 10154 10154 D AudioHardwareALSA: getPlaybackDevice for device = 0x2 returned sink = 4
01-03 07:40:41.312 10154 10154 D ALSAStreamOps: ALSAStreamOps::set format=1 channel=3 rate=48000
01-03 07:40:41.312 10154 10154 D ALSAStreamOps: ALSAStreamOps::set rate=48000
01-03 07:40:41.312 10154 10154 I AudioFlinger: AudioStreamOut::open(), mHalFormatIsLinearPcm = 1
01-03 07:40:41.312 10154 10154 I ALSAStreamOps:  CFG_AUD_BUF bufferSize =16384 P
01-03 07:40:41.312 10154 10154 I AudioFlinger: HAL output buffer size 4096 frames, normal sink buffer size 4096 frames
01-03 07:40:41.312 10154 10154 I ALSAStreamOps:  CFG_AUD_BUF bufferSize =16384 P
01-03 07:40:41.313 10154 10427 I AudioFlinger: AudioFlinger's thread 0x43380000 ready to run
01-03 07:40:41.313 10154 10427 V ALSAStreamOps: setParameters() routing=2 for playback rate=48000 modechanging=0 mode=0
01-03 07:40:41.313 10154 10427 V ALSAStreamOps: setParameters() mIsRealCall=0
01-03 07:40:41.313 10154 10427 D ALSAStreamOps: ALSAStreamOps mParent->mModeChanging = 0
01-03 07:40:41.313 10154 10427 D ALSAStreamOps: curDevice = 0x2,newDevice = 0x2
01-03 07:40:41.313 10154 10427 D ALSAStreamOps: setParameters() VoiceOnCounter 0 VoiceCallSw 0 device 2 curDev 2, mode 0, wait for mLock_voiceOn...
01-03 07:40:41.313 10154 10427 D ALSAStreamOps: setParameters() get mLock_voiceOn
01-03 07:40:41.313 10154 10427 D AudioStreamOutALSA: AudioStreamOutALSA::standby--pause, rate = 48000 
01-03 07:40:41.313 10154 10427 I AudioStreamOutALSA: dump.audio.pcm = OFF
01-03 07:40:41.313 10154 10427 V AudioStreamOutALSA: Data Dump is disabled
01-03 07:40:41.314 10154 10154 E legacy_audio_hw_hal: int android_audio_legacy::adev_open_input_stream(audio_hw_device*, audio_io_handle_t, audio_devices_t, audio_config*, audio_stream_in**): devices before=0x80000004
01-03 07:40:41.314 10154 10154 E legacy_audio_hw_hal: int android_audio_legacy::adev_open_input_stream(audio_hw_device*, audio_io_handle_t, audio_devices_t, audio_config*, audio_stream_in**): devices after=0x40000
01-03 07:40:41.314 10154 10154 D AudioHardwareALSA: openInputStream device=40000 format=1 channel=12 rate=48000
01-03 07:40:41.314 10154 10154 D AudioHardwareALSA: AudioHardwareALSA::openInputStream it->devices 0x84ff0000, devices 0x40000 
01-03 07:40:41.314 10154 10154 D ALSA_Default: open called for devices 00040000 in mode 0...
01-03 07:40:41.314 10154 10154 D ALSA_Default: deviceName: devString [hqaudioin_hpf], channels 1, sampleRate 48000 
01-03 07:40:41.315 10154 10154 I HPF_FILTER: Filter path=/system/usr/lib/alsa-lib/libbcm_hp_filter.so enable=1 float=9.340000 int=3 
01-03 07:40:41.315 10154 10427 E AudioFlinger: no wake lock to update!
01-03 07:40:41.316 10154 10154 I HPF_FILTER: loaded filter id=HPFT path=/system/usr/lib/alsa-lib/libbcm_hp_filter.so bcmf=0x4011b004 handle=0x4007c684
01-03 07:40:41.316 10154 10154 I HPF_FILTER: DLL filter loaded /system/usr/lib/alsa-lib/libbcm_hp_filter.so version 1000000
01-03 07:40:41.316 10154 10154 D ALSA_Default: open called for hqaudioin_hpf
01-03 07:40:41.316 10154 10154 D ALSA_Default: setHardwareParams: SND_PCM_STREAM_CAPTURE sampleRate 48000, channels 1
01-03 07:40:41.317 10154 10154 V ALSA_Default: Set CAPTURE PCM format to S16_LE (Signed 16 bit Little Endian)
01-03 07:40:41.317 10154 10154 V ALSA_Default: Using 1 channel for CAPTURE.
01-03 07:40:41.317 10154 10154 V ALSA_Default: Set device 0 sample rate to 48000 HZ
01-03 07:40:41.317 10154 10154 V ALSA_Default: Buffer size: 4096
01-03 07:40:41.317 10154 10154 V ALSA_Default: Latency: 85333
01-03 07:40:41.317 10154 10154 V ALSA_Default: Period Size: 2048
01-03 07:40:41.317 10154 10154 I HPF_FILTER: bcmfilter_init
01-03 07:40:41.317 10154 10154 I ALSA_Default: Initialized ALSA CAPTURE device hqaudioin_hpf
01-03 07:40:41.317 10154 10154 D AcousticsModule: Acoustics set_params stub called with 0.
01-03 07:40:41.317 10154 10154 I samsungRecord: [samsungrecord] SamsungRecInit 
01-03 07:40:41.317 10154 10154 I samsungRecord: 1
01-03 07:40:41.317 10154 10154 D AudioHardwareALSA: getRecordingDevice for device = 0x40000 returned source = 1
01-03 07:40:41.317 10154 10154 D ALSAStreamOps: ALSAStreamOps::set format=1 channel=12 rate=48000
01-03 07:40:41.317 10154 10154 D ALSAStreamOps: ALSAStreamOps::set rate=48000
01-03 07:40:41.318 10154 10154 I HPF_FILTER: bcmfilter_close
01-03 07:40:41.318 10154 10154 D ALSA_Default: open called for devices 00040000 in mode 0...
01-03 07:40:41.318 10154 10154 D ALSA_Default: deviceName: devString [hqaudioin_hpf], channels 2, sampleRate 48000 
01-03 07:40:41.318 10154 10154 I HPF_FILTER: Filter path=/system/usr/lib/alsa-lib/libbcm_hp_filter.so enable=1 float=9.340000 int=3 
01-03 07:40:41.319 10154 10154 I HPF_FILTER: loaded filter id=HPFT path=/system/usr/lib/alsa-lib/libbcm_hp_filter.so bcmf=0x40794004 handle=0x4007c684
01-03 07:40:41.320 10154 10154 I HPF_FILTER: DLL filter loaded /system/usr/lib/alsa-lib/libbcm_hp_filter.so version 1000000
01-03 07:40:41.320 10154 10154 D ALSA_Default: open called for hqaudioin_hpf
01-03 07:40:41.320 10154 10154 D ALSA_Default: setHardwareParams: SND_PCM_STREAM_CAPTURE sampleRate 48000, channels 2
01-03 07:40:41.320 10154 10154 V ALSA_Default: Set CAPTURE PCM format to S16_LE (Signed 16 bit Little Endian)
01-03 07:40:41.320 10154 10154 V ALSA_Default: Using 2 channels for CAPTURE.
01-03 07:40:41.320 10154 10154 V ALSA_Default: Set device 262144 sample rate to 48000 HZ
01-03 07:40:41.320 10154 10154 V ALSA_Default: Buffer size: 4096
01-03 07:40:41.320 10154 10154 V ALSA_Default: Latency: 85333
01-03 07:40:41.320 10154 10154 V ALSA_Default: Period Size: 2048
01-03 07:40:41.320 10154 10154 I HPF_FILTER: bcmfilter_init
01-03 07:40:41.320 10154 10154 I ALSA_Default: Initialized ALSA CAPTURE device hqaudioin_hpf
01-03 07:40:41.320 10154 10154 D AudioStreamInALSA: AudioStreamInALSA::set mSamplingRate = 48000, BageIn = 0, IsInCall = 0!!!
01-03 07:40:41.321 10154 10154 D AudioStreamInALSA: AudioStreamInALSA::sampleRate 48000
01-03 07:40:41.321 10154 10154 D AudioStreamInALSA: AudioStreamInALSA::bufferSize() mSamplingRate 48000 channels 2, size 2048
01-03 07:40:41.321 10154 10154 D AudioStreamInALSA: AudioStreamInALSA::bufferSize() mSamplingRate 48000 channels 2, size 2048
01-03 07:40:41.321 10154 10154 D AudioStreamInALSA: AudioStreamInALSA::sampleRate 48000
01-03 07:40:41.321 10154 10429 I AudioFlinger: AudioFlinger's thread 0x432c0000 ready to run
01-03 07:40:41.321 10154 10154 D AudioHardwareALSA: AudioHardwareALSA::closeInputStream
01-03 07:40:41.321 10154 10154 V AudioHardwareALSA: CloseInputStream:refCntInp(updated) =0
01-03 07:40:41.321 10154 10154 D AcousticsModule: Acoustics close stub called.
01-03 07:40:41.322 10154 10154 V AudioHardwareALSA: setAppProfile() routing=0, mode = 0
01-03 07:40:41.322 10154 10154 V AudioHardwareALSA: setAppProfile() device = 0x0, mBargeIn=0
01-03 07:40:41.322 10154 10154 E AudioHardwareALSA: Removing recording profile : -1
01-03 07:40:41.322 10154 10154 W AudioHardwareALSA: EnableAppProfile profile -1 is out of range [0, 17] index=4
01-03 07:40:41.322 10154 10154 V AudioHardwareALSA: setAppProfile() mVoipMode=0, mGvsMode=0, mBargeIn=0, mRecLQMode=0, value[0] = -1
01-03 07:40:41.322 10154 10154 D ALSAStreamOps: Closing the capture device @ rate 48000 
01-03 07:40:41.322 10154 10154 I HPF_FILTER: bcmfilter_close
01-03 07:40:41.322 10154 10154 D ALSAStreamOps: Closed the capture device @ rate 48000 
01-03 07:40:41.323 10154 10428 E FastThread: did not receive expected priority boost
01-03 07:40:41.326 10154 10154 E legacy_audio_hw_hal: int android_audio_legacy::adev_open_input_stream(audio_hw_device*, audio_io_handle_t, audio_devices_t, audio_config*, audio_stream_in**): devices before=0x80000004
01-03 07:40:41.326 10154 10154 E legacy_audio_hw_hal: int android_audio_legacy::adev_open_input_stream(audio_hw_device*, audio_io_handle_t, audio_devices_t, audio_config*, audio_stream_in**): devices after=0x40000
01-03 07:40:41.326 10154 10154 D AudioHardwareALSA: openInputStream device=40000 format=1 channel=12 rate=48000
01-03 07:40:41.326 10154 10154 D AudioHardwareALSA: AudioHardwareALSA::openInputStream it->devices 0x84ff0000, devices 0x40000 
01-03 07:40:41.326 10154 10154 D ALSA_Default: open called for devices 00040000 in mode 0...
01-03 07:40:41.326 10154 10154 D ALSA_Default: deviceName: devString [hqaudioin_hpf], channels 1, sampleRate 48000 
01-03 07:40:41.327 10154 10154 I HPF_FILTER: Filter path=/system/usr/lib/alsa-lib/libbcm_hp_filter.so enable=1 float=9.340000 int=3 
01-03 07:40:41.328 10154 10154 I HPF_FILTER: loaded filter id=HPFT path=/system/usr/lib/alsa-lib/libbcm_hp_filter.so bcmf=0x400aa004 handle=0x4007c684
01-03 07:40:41.328 10154 10154 I HPF_FILTER: DLL filter loaded /system/usr/lib/alsa-lib/libbcm_hp_filter.so version 1000000
01-03 07:40:41.328 10154 10154 D ALSA_Default: open called for hqaudioin_hpf
01-03 07:40:41.328 10154 10154 D ALSA_Default: setHardwareParams: SND_PCM_STREAM_CAPTURE sampleRate 48000, channels 1
01-03 07:40:41.328 10154 10154 V ALSA_Default: Set CAPTURE PCM format to S16_LE (Signed 16 bit Little Endian)
01-03 07:40:41.328 10154 10154 V ALSA_Default: Using 1 channel for CAPTURE.
01-03 07:40:41.329 10154 10154 V ALSA_Default: Set device 262144 sample rate to 48000 HZ
01-03 07:40:41.329 10154 10154 V ALSA_Default: Buffer size: 4096
01-03 07:40:41.329 10154 10154 V ALSA_Default: Latency: 85333
01-03 07:40:41.329 10154 10154 V ALSA_Default: Period Size: 2048
01-03 07:40:41.329 10154 10154 I HPF_FILTER: bcmfilter_init
01-03 07:40:41.329 10154 10154 I ALSA_Default: Initialized ALSA CAPTURE device hqaudioin_hpf
01-03 07:40:41.329 10154 10154 D AcousticsModule: Acoustics set_params stub called with 0.
01-03 07:40:41.329 10154 10154 I samsungRecord: [samsungrecord] SamsungRecInit 
01-03 07:40:41.329 10154 10154 I samsungRecord: 1
01-03 07:40:41.329 10154 10154 D AudioHardwareALSA: getRecordingDevice for device = 0x40000 returned source = 1
01-03 07:40:41.329 10154 10154 D ALSAStreamOps: ALSAStreamOps::set format=1 channel=12 rate=48000
01-03 07:40:41.329 10154 10154 D ALSAStreamOps: ALSAStreamOps::set rate=48000
01-03 07:40:41.330 10154 10154 I HPF_FILTER: bcmfilter_close
01-03 07:40:41.330 10154 10154 D ALSA_Default: open called for devices 00040000 in mode 0...
01-03 07:40:41.330 10154 10154 D ALSA_Default: deviceName: devString [hqaudioin_hpf], channels 2, sampleRate 48000 
01-03 07:40:41.330 10154 10154 I HPF_FILTER: Filter path=/system/usr/lib/alsa-lib/libbcm_hp_filter.so enable=1 float=9.340000 int=3 
01-03 07:40:41.331 10154 10154 I HPF_FILTER: loaded filter id=HPFT path=/system/usr/lib/alsa-lib/libbcm_hp_filter.so bcmf=0x40794004 handle=0x4007c684
01-03 07:40:41.331 10154 10154 I HPF_FILTER: DLL filter loaded /system/usr/lib/alsa-lib/libbcm_hp_filter.so version 1000000
01-03 07:40:41.331 10154 10154 D ALSA_Default: open called for hqaudioin_hpf
01-03 07:40:41.332 10154 10154 D ALSA_Default: setHardwareParams: SND_PCM_STREAM_CAPTURE sampleRate 48000, channels 2
01-03 07:40:41.332 10154 10154 V ALSA_Default: Set CAPTURE PCM format to S16_LE (Signed 16 bit Little Endian)
01-03 07:40:41.332 10154 10154 V ALSA_Default: Using 2 channels for CAPTURE.
01-03 07:40:41.332 10154 10154 V ALSA_Default: Set device 262144 sample rate to 48000 HZ
01-03 07:40:41.332 10154 10154 V ALSA_Default: Buffer size: 4096
01-03 07:40:41.332 10154 10154 V ALSA_Default: Latency: 85333
01-03 07:40:41.332 10154 10154 V ALSA_Default: Period Size: 2048
01-03 07:40:41.332 10154 10154 I HPF_FILTER: bcmfilter_init
01-03 07:40:41.332 10154 10154 I ALSA_Default: Initialized ALSA CAPTURE device hqaudioin_hpf
01-03 07:40:41.332 10154 10154 D AudioStreamInALSA: AudioStreamInALSA::set mSamplingRate = 48000, BageIn = 0, IsInCall = 0!!!
01-03 07:40:41.333 10154 10154 D AudioStreamInALSA: AudioStreamInALSA::sampleRate 48000
01-03 07:40:41.333 10154 10154 D AudioStreamInALSA: AudioStreamInALSA::bufferSize() mSamplingRate 48000 channels 2, size 2048
01-03 07:40:41.333 10154 10154 D AudioStreamInALSA: AudioStreamInALSA::bufferSize() mSamplingRate 48000 channels 2, size 2048
01-03 07:40:41.333 10154 10154 D AudioStreamInALSA: AudioStreamInALSA::sampleRate 48000
01-03 07:40:41.333 10154 10431 I AudioFlinger: AudioFlinger's thread 0x432c0000 ready to run
01-03 07:40:41.333 10154 10154 D AudioHardwareALSA: AudioHardwareALSA::closeInputStream
01-03 07:40:41.333 10154 10154 V AudioHardwareALSA: CloseInputStream:refCntInp(updated) =0
01-03 07:40:41.333 10154 10154 D AcousticsModule: Acoustics close stub called.
01-03 07:40:41.333 10154 10154 V AudioHardwareALSA: setAppProfile() routing=0, mode = 0
01-03 07:40:41.333 10154 10154 V AudioHardwareALSA: setAppProfile() device = 0x0, mBargeIn=0
01-03 07:40:41.333 10154 10154 E AudioHardwareALSA: Removing recording profile : -1
01-03 07:40:41.333 10154 10154 W AudioHardwareALSA: EnableAppProfile profile -1 is out of range [0, 17] index=4
01-03 07:40:41.333 10154 10154 V AudioHardwareALSA: setAppProfile() mVoipMode=0, mGvsMode=0, mBargeIn=0, mRecLQMode=0, value[0] = -1
01-03 07:40:41.333 10154 10154 D ALSAStreamOps: Closing the capture device @ rate 48000 
01-03 07:40:41.334 10154 10154 I HPF_FILTER: bcmfilter_close
01-03 07:40:41.334 10154 10154 D ALSAStreamOps: Closed the capture device @ rate 48000 
01-03 07:40:41.334 10154 10430 E FastThread: did not receive expected priority boost
01-03 07:40:41.339 10154 10154 I bt_a2dp_hw: adev_open:  adev_open in A2dp_hw module
01-03 07:40:41.339 10154 10154 I AudioFlinger: loadHwModule() Loaded a2dp audio interface from A2DP Audio HW HAL (audio) handle 8
01-03 07:40:41.342 10154 10154 I r_submix: adev_open(name=audio_hw_if)
01-03 07:40:41.342 10154 10154 I r_submix: adev_init_check()
01-03 07:40:41.342 10154 10154 I AudioFlinger: loadHwModule() Loaded r_submix audio interface from Wifi Display audio HAL (audio) handle 9
01-03 07:40:41.343 10154 10154 E SoundTriggerHwService: couldn't load sound trigger module sound_trigger.primary (No such file or directory)
01-03 07:40:41.344 10154 10154 I RadioService: RadioService
01-03 07:40:41.344 10154 10154 I RadioService: onFirstRef
01-03 07:40:41.344 10154 10154 E RadioService: couldn't load radio module radio.primary (No such file or directory)
01-03 07:40:42.006  1450  1450 D hawaii.hwcomposer: FBDevice::post called 11 times [11 0 0 0 0 0 0 0]
01-03 07:40:42.009  1450  1544 D hawaii.hwcomposer: FBDevice::vsync called 66 times
01-03 07:40:43.013  1450  1544 D hawaii.hwcomposer: FBDevice::vsync called 66 times
01-03 07:40:43.014  1450  1450 D hawaii.hwcomposer: FBDevice::post called 12 times [12 0 0 0 0 0 0 0]
01-03 07:40:44.007  1450  1544 D hawaii.hwcomposer: FBDevice::vsync called 66 times
01-03 07:40:44.022  1450  1450 D hawaii.hwcomposer: FBDevice::post called 12 times [12 0 0 0 0 0 0 0]
01-03 07:40:45.001  1450  1544 D hawaii.hwcomposer: FBDevice::vsync called 66 times
01-03 07:40:45.015  1450  1450 D hawaii.hwcomposer: FBDevice::post called 12 times [12 0 0 0 0 0 0 0]
01-03 07:40:46.010  1450  1544 D hawaii.hwcomposer: FBDevice::vsync called 67 times
01-03 07:40:46.023  1450  1450 D hawaii.hwcomposer: FBDevice::post called 12 times [12 0 0 0 0 0 0 0]
01-03 07:40:47.004  1450  1544 D hawaii.hwcomposer: FBDevice::vsync called 66 times
01-03 07:40:47.016  1450  1450 D hawaii.hwcomposer: FBDevice::post called 12 times [12 0 0 0 0 0 0 0]
01-03 07:40:48.013  1450  1544 D hawaii.hwcomposer: FBDevice::vsync called 67 times
01-03 07:40:48.024  1450  1450 D hawaii.hwcomposer: FBDevice::post called 12 times [12 0 0 0 0 0 0 0]
01-03 07:40:49.006  1450  1544 D hawaii.hwcomposer: FBDevice::vsync called 66 times
01-03 07:40:49.017  1450  1450 D hawaii.hwcomposer: FBDevice::post called 12 times [12 0 0 0 0 0 0 0]
01-03 07:40:50.002  1450  1544 D hawaii.hwcomposer: FBDevice::vsync called 66 times
01-03 07:40:50.025  1450  1450 D hawaii.hwcomposer: FBDevice::post called 12 times [12 0 0 0 0 0 0 0]
01-03 07:40:51.012  1450  1544 D hawaii.hwcomposer: FBDevice::vsync called 67 times
01-03 07:40:51.033  1450  1450 D hawaii.hwcomposer: FBDevice::post called 12 times [12 0 0 0 0 0 0 0]
01-03 07:40:52.007  1450  1544 D hawaii.hwcomposer: FBDevice::vsync called 66 times
01-03 07:40:52.026  1450  1450 D hawaii.hwcomposer: FBDevice::post called 12 times [12 0 0 0 0 0 0 0]
01-03 07:40:52.542 10159 10299 W dex2oat : Skipping class com.flyme.internal.R$anim from /system/framework/framework.jar:classes2.dex previously found in /system/framework/framework.jar
01-03 07:40:52.542 10159 10299 W dex2oat : Skipping class com.flyme.internal.R$animator from /system/framework/framework.jar:classes2.dex previously found in /system/framework/framework.jar
01-03 07:40:52.542 10159 10299 W dex2oat : Skipping class com.flyme.internal.R$array from /system/framework/framework.jar:classes2.dex previously found in /system/framework/framework.jar
01-03 07:40:52.542 10159 10299 W dex2oat : Skipping class com.flyme.internal.R$attr from /system/framework/framework.jar:classes2.dex previously found in /system/framework/framework.jar
01-03 07:40:52.542 10159 10299 W dex2oat : Skipping class com.flyme.internal.R$bool from /system/framework/framework.jar:classes2.dex previously found in /system/framework/framework.jar
01-03 07:40:52.542 10159 10299 W dex2oat : Skipping class com.flyme.internal.R$color from /system/framework/framework.jar:classes2.dex previously found in /system/framework/framework.jar
01-03 07:40:52.542 10159 10299 W dex2oat : Skipping class com.flyme.internal.R$dimen from /system/framework/framework.jar:classes2.dex previously found in /system/framework/framework.jar
01-03 07:40:52.542 10159 10299 W dex2oat : Skipping class com.flyme.internal.R$drawable from /system/framework/framework.jar:classes2.dex previously found in /system/framework/framework.jar
01-03 07:40:52.542 10159 10299 W dex2oat : Skipping class com.flyme.internal.R$fraction from /system/framework/framework.jar:classes2.dex previously found in /system/framework/framework.jar
01-03 07:40:52.542 10159 10299 W dex2oat : Skipping class com.flyme.internal.R$id from /system/framework/framework.jar:classes2.dex previously found in /system/framework/framework.jar
01-03 07:40:52.542 10159 10299 W dex2oat : Skipping class com.flyme.internal.R$integer from /system/framework/framework.jar:classes2.dex previously found in /system/framework/framework.jar
01-03 07:40:52.542 10159 10299 W dex2oat : Skipping class com.flyme.internal.R$interpolator from /system/framework/framework.jar:classes2.dex previously found in /system/framework/framework.jar
01-03 07:40:52.542 10159 10299 W dex2oat : Skipping class com.flyme.internal.R$layout from /system/framework/framework.jar:classes2.dex previously found in /system/framework/framework.jar
01-03 07:40:52.542 10159 10299 W dex2oat : Skipping class com.flyme.internal.R$menu from /system/framework/framework.jar:classes2.dex previously found in /system/framework/framework.jar
01-03 07:40:52.542 10159 10299 W dex2oat : Skipping class com.flyme.internal.R$raw from /system/framework/framework.jar:classes2.dex previously found in /system/framework/framework.jar
01-03 07:40:52.542 10159 10299 W dex2oat : Skipping class com.flyme.internal.R$string from /system/framework/framework.jar:classes2.dex previously found in /system/framework/framework.jar
01-03 07:40:52.542 10159 10299 W dex2oat : Skipping class com.flyme.internal.R$style from /system/framework/framework.jar:classes2.dex previously found in /system/framework/framework.jar
01-03 07:40:52.542 10159 10299 W dex2oat : Skipping class com.flyme.internal.R$styleable from /system/framework/framework.jar:classes2.dex previously found in /system/framework/framework.jar
01-03 07:40:52.542 10159 10299 W dex2oat : Skipping class com.flyme.internal.R$xml from /system/framework/framework.jar:classes2.dex previously found in /system/framework/framework.jar
01-03 07:40:52.542 10159 10299 W dex2oat : Skipping class com.flyme.internal.R from /system/framework/framework.jar:classes2.dex previously found in /system/framework/framework.jar
01-03 07:40:52.566 10159 10299 W dex2oat : Skipping class com.meizu.common.alphame.AlphaMe$1 from /system/framework/framework.jar:classes2.dex previously found in /system/framework/framework.jar
01-03 07:40:52.566 10159 10299 W dex2oat : Skipping class com.meizu.common.alphame.Receiver from /system/framework/framework.jar:classes2.dex previously found in /system/framework/framework.jar
01-03 07:40:52.567 10159 10299 W dex2oat : Skipping class com.meizu.common.alphame.AlphaMe$ActionReceiver from /system/framework/framework.jar:classes2.dex previously found in /system/framework/framework.jar
01-03 07:40:52.567 10159 10299 W dex2oat : Skipping class com.meizu.common.alphame.IAlphaMeClient from /system/framework/framework.jar:classes2.dex previously found in /system/framework/framework.jar
01-03 07:40:52.567 10159 10299 W dex2oat : Skipping class com.meizu.common.alphame.AlphaMeClientNative from /system/framework/framework.jar:classes2.dex previously found in /system/framework/framework.jar
01-03 07:40:52.567 10159 10299 W dex2oat : Skipping class com.meizu.common.alpha