01-03 07:34:34.008  1450  1544 D hawaii.hwcomposer: FBDevice::vsync called 66 times
01-03 07:34:34.025  1450  1450 D hawaii.hwcomposer: FBDevice::post called 12 times [12 0 0 0 0 0 0 0]
01-03 07:34:34.528  5207  5207 I chatty  : uid=0(root) /system/bin/netd expire 3 lines
01-03 07:34:35.002  1450  1544 D hawaii.hwcomposer: FBDevice::vsync called 66 times
01-03 07:34:35.035  1450  1450 D hawaii.hwcomposer: FBDevice::post called 12 times [12 0 0 0 0 0 0 0]
01-03 07:34:35.250  5208  5208 I chatty  : uid=1013(media) /system/bin/mediaserver expire 183 lines
01-03 07:34:35.482  5208  5236 I chatty  : uid=1013(media) /system/bin/mediaserver expire 1 line
01-03 07:34:35.879  5209  5209 I chatty  : uid=0(root) expire 143 lines
01-03 07:34:36.014  1450  1544 D hawaii.hwcomposer: FBDevice::vsync called 67 times
01-03 07:34:36.029  1450  1450 D hawaii.hwcomposer: FBDevice::post called 12 times [12 0 0 0 0 0 0 0]
01-03 07:34:36.155  5208  5260 I chatty  : uid=1013(media) /system/bin/mediaserver expire 1 line
01-03 07:34:37.014  1450  1544 D hawaii.hwcomposer: FBDevice::vsync called 66 times
01-03 07:34:37.038  1450  1450 D hawaii.hwcomposer: FBDevice::post called 12 times [12 0 0 0 0 0 0 0]
01-03 07:34:37.411  5321  5321 D idmap   : error: no read access to /vendor/overlay: No such file or directory
01-03 07:34:38.007  1450  1544 D hawaii.hwcomposer: FBDevice::vsync called 65 times
01-03 07:34:38.032  1450  1450 D hawaii.hwcomposer: FBDevice::post called 12 times [12 0 0 0 0 0 0 0]
01-03 07:34:38.169  5209  5267 I chatty  : uid=0(root) expire 1 line
01-03 07:34:38.323  5209  5209 F libc    : Fatal signal 6 (SIGABRT), code -6 in tid 5209 (main)
01-03 07:34:38.430  1463  1463 F DEBUG   : *** *** *** *** *** *** *** *** *** *** *** *** *** *** *** ***
01-03 07:34:38.430  1463  1463 F DEBUG   : LineageOS Version: '13.0-20170428-UNOFFICIAL-kyleprods'
01-03 07:34:38.430  1463  1463 F DEBUG   : Build fingerprint: 'unknown'
01-03 07:34:38.430  1463  1463 F DEBUG   : Revision: '0'
01-03 07:34:38.430  1463  1463 F DEBUG   : ABI: 'arm'
01-03 07:34:38.430  1463  1463 F DEBUG   : pid: 5209, tid: 5209, name: main  >>> zygote <<<
01-03 07:34:38.430  1463  1463 F DEBUG   : signal 6 (SIGABRT), code -6 (SI_TKILL), fault addr --------
01-03 07:34:38.448  1463  1463 F DEBUG   : Abort message: 'art/runtime/jni_internal.cc:497] JNI FatalError called: frameworks/base/core/jni/com_android_internal_os_Zygote.cpp:492: Unable to construct file descriptor table.'
01-03 07:34:38.448  1463  1463 F DEBUG   :     r0 00000000  r1 00001459  r2 00000006  r3 00000000
01-03 07:34:38.448  1463  1463 F DEBUG   :     r4 40150b88  r5 00000006  r6 40150b38  r7 0000010c
01-03 07:34:38.448  1463  1463 F DEBUG   :     r8 40b8990d  r9 be99a141  sl be99a19c  fp 000003e8
01-03 07:34:38.448  1463  1463 F DEBUG   :     ip 00000002  sp be99a098  lr 4019b1b1  pc 4019d914  cpsr 200f0010
01-03 07:34:38.472  1463  1463 F DEBUG   : 
01-03 07:34:38.472  1463  1463 F DEBUG   : backtrace:
01-03 07:34:38.472  1463  1463 F DEBUG   :     #00 pc 0004a914  /system/lib/libc.so (tgkill+12)
01-03 07:34:38.473  1463  1463 F DEBUG   :     #01 pc 000481ad  /system/lib/libc.so (pthread_kill+36)
01-03 07:34:38.473  1463  1463 F DEBUG   :     #02 pc 0001be9b  /system/lib/libc.so (raise+10)
01-03 07:34:38.473  1463  1463 F DEBUG   :     #03 pc 00018745  /system/lib/libc.so (__libc_android_abort+36)
01-03 07:34:38.473  1463  1463 F DEBUG   :     #04 pc 0001650c  /system/lib/libc.so (abort+4)
01-03 07:34:38.473  1463  1463 F DEBUG   :     #05 pc 0029f667  /system/lib/libart.so (_ZN3art7Runtime5AbortEv+274)
01-03 07:34:38.473  1463  1463 F DEBUG   :     #06 pc 0008f5f1  /system/lib/libart.so (_ZN3art10LogMessageD2Ev+872)
01-03 07:34:38.473  1463  1463 F DEBUG   :     #07 pc 001fab9f  /system/lib/libart.so (_ZN3art3JNI10FatalErrorEP7_JNIEnvPKc+90)
01-03 07:34:38.473  1463  1463 F DEBUG   :     #08 pc 000b611f  /system/lib/libandroid_runtime.so
01-03 07:34:38.473  1463  1463 F DEBUG   :     #09 pc 000b6283  /system/lib/libandroid_runtime.so
01-03 07:34:38.473  1463  1463 F DEBUG   :     #10 pc 000b6df7  /system/lib/libandroid_runtime.so
01-03 07:34:38.473  1463  1463 F DEBUG   :     #11 pc 731bbcef  /data/dalvik-cache/arm/system@framework@boot.oat (offset 0x21f7000)
01-03 07:34:38.766  1463  1463 F DEBUG   : 
01-03 07:34:38.766  1463  1463 F DEBUG   : Tombstone written to: /data/tombstones/tombstone_07
01-03 07:34:38.835  1449  1449 I ServiceManager: service 'media.audio_flinger' died
01-03 07:34:38.835  1449  1449 I ServiceManager: service 'media.player' died
01-03 07:34:38.835  1449  1449 I ServiceManager: service 'media.resource_manager' died
01-03 07:34:39.014  1450  1544 D hawaii.hwcomposer: FBDevice::vsync called 66 times
01-03 07:34:39.040  1450  1450 D hawaii.hwcomposer: FBDevice::post called 12 times [12 0 0 0 0 0 0 0]
01-03 07:34:39.490  5385  5385 I chatty  : uid=0(root) /system/bin/netd expire 3 lines
01-03 07:34:40.001  1450  1544 D hawaii.hwcomposer: FBDevice::vsync called 65 times
01-03 07:34:40.035  1450  1450 D hawaii.hwcomposer: FBDevice::post called 12 times [12 0 0 0 0 0 0 0]
01-03 07:34:40.295  5386  5386 I chatty  : uid=1013(media) /system/bin/mediaserver expire 182 lines
01-03 07:34:40.503  5386  5420 I chatty  : uid=1013(media) /system/bin/mediaserver expire 1 line
01-03 07:34:40.976  5387  5387 I chatty  : uid=0(root) expire 143 lines
01-03 07:34:41.011  1450  1544 D hawaii.hwcomposer: FBDevice::vsync called 67 times
01-03 07:34:41.044  1450  1450 D hawaii.hwcomposer: FBDevice::post called 12 times [12 0 0 0 0 0 0 0]
01-03 07:34:41.164  5386  5444 I chatty  : uid=1013(media) /system/bin/mediaserver expire 1 line
01-03 07:34:42.012  1450  1544 D hawaii.hwcomposer: FBDevice::vsync called 66 times
01-03 07:34:42.038  1450  1450 D hawaii.hwcomposer: FBDevice::post called 12 times [12 0 0 0 0 0 0 0]
01-03 07:34:42.174  5496  5496 D idmap   : error: no read access to /vendor/overlay: No such file or directory
01-03 07:34:42.728  5387  5454 I chatty  : uid=0(root) expire 1 line
01-03 07:34:42.851  5387  5387 F libc    : Fatal signal 6 (SIGABRT), code -6 in tid 5387 (main)
01-03 07:34:42.955  1463  1463 F DEBUG   : *** *** *** *** *** *** *** *** *** *** *** *** *** *** *** ***
01-03 07:34:42.955  1463  1463 F DEBUG   : LineageOS Version: '13.0-20170428-UNOFFICIAL-kyleprods'
01-03 07:34:42.955  1463  1463 F DEBUG   : Build fingerprint: 'unknown'
01-03 07:34:42.956  1463  1463 F DEBUG   : Revision: '0'
01-03 07:34:42.956  1463  1463 F DEBUG   : ABI: 'arm'
01-03 07:34:42.956  1463  1463 F DEBUG   : pid: 5387, tid: 5387, name: main  >>> zygote <<<
01-03 07:34:42.956  1463  1463 F DEBUG   : signal 6 (SIGABRT), code -6 (SI_TKILL), fault addr --------
01-03 07:34:42.972  1463  1463 F DEBUG   : Abort message: 'art/runtime/jni_internal.cc:497] JNI FatalError called: frameworks/base/core/jni/com_android_internal_os_Zygote.cpp:492: Unable to construct file descriptor table.'
01-03 07:34:42.972  1463  1463 F DEBUG   :     r0 00000000  r1 0000150b  r2 00000006  r3 00000000
01-03 07:34:42.972  1463  1463 F DEBUG   :     r4 40189b88  r5 00000006  r6 40189b38  r7 0000010c
01-03 07:34:42.972  1463  1463 F DEBUG   :     r8 40a9990d  r9 bea78141  sl bea7819c  fp 000003e8
01-03 07:34:42.972  1463  1463 F DEBUG   :     ip 00000002  sp bea78098  lr 4038d1b1  pc 4038f914  cpsr 200f0010
01-03 07:34:42.989  1463  1463 F DEBUG   : 
01-03 07:34:42.989  1463  1463 F DEBUG   : backtrace:
01-03 07:34:42.989  1463  1463 F DEBUG   :     #00 pc 0004a914  /system/lib/libc.so (tgkill+12)
01-03 07:34:42.989  1463  1463 F DEBUG   :     #01 pc 000481ad  /system/lib/libc.so (pthread_kill+36)
01-03 07:34:42.989  1463  1463 F DEBUG   :     #02 pc 0001be9b  /system/lib/libc.so (raise+10)
01-03 07:34:42.989  1463  1463 F DEBUG   :     #03 pc 00018745  /system/lib/libc.so (__libc_android_abort+36)
01-03 07:34:42.989  1463  1463 F DEBUG   :     #04 pc 0001650c  /system/lib/libc.so (abort+4)
01-03 07:34:42.990  1463  1463 F DEBUG   :     #05 pc 0029f667  /system/lib/libart.so (_ZN3art7Runtime5AbortEv+274)
01-03 07:34:42.990  1463  1463 F DEBUG   :     #06 pc 0008f5f1  /system/lib/libart.so (_ZN3art10LogMessageD2Ev+872)
01-03 07:34:42.990  1463  1463 F DEBUG   :     #07 pc 001fab9f  /system/lib/libart.so (_ZN3art3JNI10FatalErrorEP7_JNIEnvPKc+90)
01-03 07:34:42.990  1463  1463 F DEBUG   :     #08 pc 000b611f  /system/lib/libandroid_runtime.so
01-03 07:34:42.990  1463  1463 F DEBUG   :     #09 pc 000b6283  /system/lib/libandroid_runtime.so
01-03 07:34:42.990  1463  1463 F DEBUG   :     #10 pc 000b6df7  /system/lib/libandroid_runtime.so
01-03 07:34:42.990  1463  1463 F DEBUG   :     #11 pc 731bbcef  /data/dalvik-cache/arm/system@framework@boot.oat (offset 0x21f7000)
01-03 07:34:43.008  1450  1544 D hawaii.hwcomposer: FBDevice::vsync called 66 times
01-03 07:34:43.047  1450  1450 D hawaii.hwcomposer: FBDevice::post called 12 times [12 0 0 0 0 0 0 0]
01-03 07:34:43.156  1463  1463 F DEBUG   : 
01-03 07:34:43.156  1463  1463 F DEBUG   : Tombstone written to: /data/tombstones/tombstone_08
01-03 07:34:43.195  1449  1449 I ServiceManager: service 'media.audio_flinger' died
01-03 07:34:43.195  1449  1449 I ServiceManager: service 'media.player' died
01-03 07:34:43.195  1449  1449 I ServiceManager: service 'media.resource_manager' died
01-03 07:34:44.002  1450  1544 D hawaii.hwcomposer: FBDevice::vsync called 66 times
01-03 07:34:44.040  1450  1450 D hawaii.hwcomposer: FBDevice::post called 12 times [12 0 0 0 0 0 0 0]
01-03 07:34:44.503  5542  5542 I chatty  : uid=0(root) /system/bin/netd expire 3 lines
01-03 07:34:45.011  1450  1544 D hawaii.hwcomposer: FBDevice::vsync called 67 times
01-03 07:34:45.050  1450  1450 D hawaii.hwcomposer: FBDevice::post called 12 times [12 0 0 0 0 0 0 0]
01-03 07:34:45.311  5543  5543 I chatty  : uid=1013(media) /system/bin/mediaserver expire 183 lines
01-03 07:34:45.506  5543  5572 I chatty  : uid=1013(media) /system/bin/mediaserver expire 1 line
01-03 07:34:45.993  5544  5544 I chatty  : uid=0(root) expire 143 lines
01-03 07:34:46.005  1450  1544 D hawaii.hwcomposer: FBDevice::vsync called 66 times
01-03 07:34:46.044  1450  1450 D hawaii.hwcomposer: FBDevice::post called 12 times [12 0 0 0 0 0 0 0]
01-03 07:34:46.174  5543  5595 I chatty  : uid=1013(media) /system/bin/mediaserver expire 1 line
01-03 07:34:47.000  1450  1544 D hawaii.hwcomposer: FBDevice::vsync called 66 times
01-03 07:34:47.053  1450  1450 D hawaii.hwcomposer: FBDevice::post called 12 times [12 0 0 0 0 0 0 0]
01-03 07:34:47.661  5666  5666 D idmap   : error: no read access to /vendor/overlay: No such file or directory
01-03 07:34:48.002  1450  1544 D hawaii.hwcomposer: FBDevice::vsync called 66 times
01-03 07:34:48.047  1450  1450 D hawaii.hwcomposer: FBDevice::post called 12 times [12 0 0 0 0 0 0 0]
01-03 07:34:48.407  5544  5612 I chatty  : uid=0(root) expire 1 line
01-03 07:34:48.563  5544  5544 F libc    : Fatal signal 6 (SIGABRT), code -6 in tid 5544 (main)
01-03 07:34:48.667  1463  1463 F DEBUG   : *** *** *** *** *** *** *** *** *** *** *** *** *** *** *** ***
01-03 07:34:48.667  1463  1463 F DEBUG   : LineageOS Version: '13.0-20170428-UNOFFICIAL-kyleprods'
01-03 07:34:48.667  1463  1463 F DEBUG   : Build fingerprint: 'unknown'
01-03 07:34:48.667  1463  1463 F DEBUG   : Revision: '0'
01-03 07:34:48.667  1463  1463 F DEBUG   : ABI: 'arm'
01-03 07:34:48.667  1463  1463 F DEBUG   : pid: 5544, tid: 5544, name: main  >>> zygote <<<
01-03 07:34:48.667  1463  1463 F DEBUG   : signal 6 (SIGABRT), code -6 (SI_TKILL), fault addr --------
01-03 07:34:48.685  1463  1463 F DEBUG   : Abort message: 'art/runtime/jni_internal.cc:497] JNI FatalError called: frameworks/base/core/jni/com_android_internal_os_Zygote.cpp:492: Unable to construct file descriptor table.'
01-03 07:34:48.685  1463  1463 F DEBUG   :     r0 00000000  r1 000015a8  r2 00000006  r3 00000000
01-03 07:34:48.685  1463  1463 F DEBUG   :     r4 4018cb88  r5 00000006  r6 4018cb38  r7 0000010c
01-03 07:34:48.685  1463  1463 F DEBUG   :     r8 4043c90d  r9 be9c2141  sl be9c219c  fp 000003e8
01-03 07:34:48.685  1463  1463 F DEBUG   :     ip 00000002  sp be9c2098  lr 406491b1  pc 4064b914  cpsr 200f0010
01-03 07:34:48.705  1463  1463 F DEBUG   : 
01-03 07:34:48.705  1463  1463 F DEBUG   : backtrace:
01-03 07:34:48.705  1463  1463 F DEBUG   :     #00 pc 0004a914  /system/lib/libc.so (tgkill+12)
01-03 07:34:48.705  1463  1463 F DEBUG   :     #01 pc 000481ad  /system/lib/libc.so (pthread_kill+36)
01-03 07:34:48.705  1463  1463 F DEBUG   :     #02 pc 0001be9b  /system/lib/libc.so (raise+10)
01-03 07:34:48.705  1463  1463 F DEBUG   :     #03 pc 00018745  /system/lib/libc.so (__libc_android_abort+36)
01-03 07:34:48.706  1463  1463 F DEBUG   :     #04 pc 0001650c  /system/lib/libc.so (abort+4)
01-03 07:34:48.708  1463  1463 F DEBUG   :     #05 pc 0029f667  /system/lib/libart.so (_ZN3art7Runtime5AbortEv+274)
01-03 07:34:48.708  1463  1463 F DEBUG   :     #06 pc 0008f5f1  /system/lib/libart.so (_ZN3art10LogMessageD2Ev+872)
01-03 07:34:48.708  1463  1463 F DEBUG   :     #07 pc 001fab9f  /system/lib/libart.so (_ZN3art3JNI10FatalErrorEP7_JNIEnvPKc+90)
01-03 07:34:48.708  1463  1463 F DEBUG   :     #08 pc 000b611f  /system/lib/libandroid_runtime.so
01-03 07:34:48.708  1463  1463 F DEBUG   :     #09 pc 000b6283  /system/lib/libandroid_runtime.so
01-03 07:34:48.709  1463  1463 F DEBUG   :     #10 pc 000b6df7  /system/lib/libandroid_runtime.so
01-03 07:34:48.709  1463  1463 F DEBUG   :     #11 pc 731bbcef  /data/dalvik-cache/arm/system@framework@boot.oat (offset 0x21f7000)
01-03 07:34:48.877  1463  1463 F DEBUG   : 
01-03 07:34:48.877  1463  1463 F DEBUG   : Tombstone written to: /data/tombstones/tombstone_09
01-03 07:34:48.953  1449  1449 I ServiceManager: service 'media.audio_flinger' died
01-03 07:34:48.953  1449  1449 I ServiceManager: service 'media.player' died
01-03 07:34:48.953  1449  1449 I ServiceManager: service 'media.resource_manager' died
01-03 07:34:49.014  1450  1544 D hawaii.hwcomposer: FBDevice::vsync called 66 times
01-03 07:34:49.055  1450  1450 D hawaii.hwcomposer: FBDevice::post called 12 times [12 0 0 0 0 0 0 0]
01-03 07:34:49.473  5722  5722 I chatty  : uid=0(root) /system/bin/netd expire 3 lines
01-03 07:34:50.008  1450  1544 D hawaii.hwcomposer: FBDevice::vsync called 66 times
01-03 07:34:50.050  1450  1450 D hawaii.hwcomposer: FBDevice::post called 12 times [12 0 0 0 0 0 0 0]
01-03 07:34:50.155  5723  5723 I chatty  : uid=1013(media) /system/bin/mediaserver expire 182 lines
01-03 07:34:50.319  5724  5724 I chatty  : uid=0(root) expire 143 lines
01-03 07:34:50.347  5723  5741 I chatty  : uid=1013(media) /system/bin/mediaserver expire 1 line
01-03 07:34:51.006  1450  1544 D hawaii.hwcomposer: FBDevice::vsync called 66 times
01-03 07:34:51.026  5723  5769 I chatty  : uid=1013(media) /system/bin/mediaserver expire 1 line
01-03 07:34:51.059  1450  1450 D hawaii.hwcomposer: FBDevice::post called 12 times [12 0 0 0 0 0 0 0]
01-03 07:34:51.797  5808  5808 D idmap   : error: no read access to /vendor/overlay: No such file or directory
01-03 07:34:52.003  1450  1544 D hawaii.hwcomposer: FBDevice::vsync called 66 times
01-03 07:34:52.053  1450  1450 D hawaii.hwcomposer: FBDevice::post called 12 times [12 0 0 0 0 0 0 0]
01-03 07:34:52.378  5724  5761 I chatty  : uid=0(root) expire 1 line
01-03 07:34:52.505  5724  5724 F libc    : Fatal signal 6 (SIGABRT), code -6 in tid 5724 (main)
01-03 07:34:52.510  1463  1463 I chatty  : uid=0(root) /system/bin/debuggerd expire 15 lines
01-03 07:34:52.611  1463  1463 F DEBUG   : *** *** *** *** *** *** *** *** *** *** *** *** *** *** *** ***
01-03 07:34:52.611  1463  1463 F DEBUG   : LineageOS Version: '13.0-20170428-UNOFFICIAL-kyleprods'
01-03 07:34:52.611  1463  1463 F DEBUG   : Build fingerprint: 'unknown'
01-03 07:34:52.611  1463  1463 F DEBUG   : Revision: '0'
01-03 07:34:52.611  1463  1463 F DEBUG   : ABI: 'arm'
01-03 07:34:52.611  1463  1463 F DEBUG   : pid: 5724, tid: 5724, name: main  >>> zygote <<<
01-03 07:34:52.611  1463  1463 F DEBUG   : signal 6 (SIGABRT), code -6 (SI_TKILL), fault addr --------
01-03 07:34:52.628  1463  1463 F DEBUG   : Abort message: 'art/runtime/jni_internal.cc:497] JNI FatalError called: frameworks/base/core/jni/com_android_internal_os_Zygote.cpp:492: Unable to construct file descriptor table.'
01-03 07:34:52.628  1463  1463 F DEBUG   :     r0 00000000  r1 0000165c  r2 00000006  r3 00000000
01-03 07:34:52.628  1463  1463 F DEBUG   :     r4 4005bb88  r5 00000006  r6 4005bb38  r7 0000010c
01-03 07:34:52.628  1463  1463 F DEBUG   :     r8 4053c90d  r9 be968141  sl be96819c  fp 000003e8
01-03 07:34:52.628  1463  1463 F DEBUG   :     ip 00000002  sp be968098  lr 4059b1b1  pc 4059d914  cpsr 200f0010
01-03 07:34:52.649  1463  1463 F DEBUG   : 
01-03 07:34:52.649  1463  1463 F DEBUG   : backtrace:
01-03 07:34:52.649  1463  1463 F DEBUG   :     #00 pc 0004a914  /system/lib/libc.so (tgkill+12)
01-03 07:34:52.649  1463  1463 F DEBUG   :     #01 pc 000481ad  /system/lib/libc.so (pthread_kill+36)
01-03 07:34:52.649  1463  1463 F DEBUG   :     #02 pc 0001be9b  /system/lib/libc.so (raise+10)
01-03 07:34:52.649  1463  1463 F DEBUG   :     #03 pc 00018745  /system/lib/libc.so (__libc_android_abort+36)
01-03 07:34:52.649  1463  1463 F DEBUG   :     #04 pc 0001650c  /system/lib/libc.so (abort+4)
01-03 07:34:52.649  1463  1463 F DEBUG   :     #05 pc 0029f667  /system/lib/libart.so (_ZN3art7Runtime5AbortEv+274)
01-03 07:34:52.650  1463  1463 F DEBUG   :     #06 pc 0008f5f1  /system/lib/libart.so (_ZN3art10LogMessageD2Ev+872)
01-03 07:34:52.650  1463  1463 F DEBUG   :     #07 pc 001fab9f  /system/lib/libart.so (_ZN3art3JNI10FatalErrorEP7_JNIEnvPKc+90)
01-03 07:34:52.650  1463  1463 F DEBUG   :     #08 pc 000b611f  /system/lib/libandroid_runtime.so
01-03 07:34:52.650  1463  1463 F DEBUG   :     #09 pc 000b6283  /system/lib/libandroid_runtime.so
01-03 07:34:52.650  1463  1463 F DEBUG   :     #10 pc 000b6df7  /system/lib/libandroid_runtime.so
01-03 07:34:52.650  1463  1463 F DEBUG   :     #11 pc 731bbcef  /data/dalvik-cache/arm/system@framework@boot.oat (offset 0x21f7000)
01-03 07:34:52.835  1463  1463 F DEBUG   : 
01-03 07:34:52.835  1463  1463 F DEBUG   : Tombstone written to: /data/tombstones/tombstone_00
01-03 07:34:52.914  1449  1449 I ServiceManager: service 'media.audio_flinger' died
01-03 07:34:52.914  1449  1449 I ServiceManager: service 'media.player' died
01-03 07:34:52.914  1449  1449 I ServiceManager: service 'media.resource_manager' died
01-03 07:34:53.012  1450  1544 D hawaii.hwcomposer: FBDevice::vsync called 67 times
01-03 07:34:53.061  1450  1450 D hawaii.hwcomposer: FBDevice::post called 12 times [12 0 0 0 0 0 0 0]
01-03 07:34:54.006  1450  1544 D hawaii.hwcomposer: FBDevice::vsync called 66 times
01-03 07:34:54.055  1450  1450 D hawaii.hwcomposer: FBDevice::post called 12 times [12 0 0 0 0 0 0 0]
01-03 07:34:54.470  5858  5858 I chatty  : uid=0(root) /system/bin/netd expire 3 lines
01-03 07:34:55.000  1450  1544 D hawaii.hwcomposer: FBDevice::vsync called 66 times
01-03 07:34:55.052  5859  5859 I chatty  : uid=1013(media) /system/bin/mediaserver expire 183 lines
01-03 07:34:55.065  1450  1450 D hawaii.hwcomposer: FBDevice::post called 12 times [12 0 0 0 0 0 0 0]
01-03 07:34:55.263  5859  5885 I chatty  : uid=1013(media) /system/bin/mediaserver expire 1 line
01-03 07:34:55.783  5860  5860 I chatty  : uid=0(root) expire 143 lines
01-03 07:34:55.920  5859  5908 I chatty  : uid=1013(media) /system/bin/mediaserver expire 1 line
01-03 07:34:56.010  1450  1544 D hawaii.hwcomposer: FBDevice::vsync called 67 times
01-03 07:34:56.059  1450  1450 D hawaii.hwcomposer: FBDevice::post called 12 times [12 0 0 0 0 0 0 0]
01-03 07:34:57.006  1450  1544 D hawaii.hwcomposer: FBDevice::vsync called 66 times
01-03 07:34:57.068  1450  1450 D hawaii.hwcomposer: FBDevice::post called 12 times [12 0 0 0 0 0 0 0]
01-03 07:34:57.166  5970  5970 D idmap   : error: no read access to /vendor/overlay: No such file or directory
01-03 07:34:57.890  5860  5920 I chatty  : uid=0(root) expire 1 line
01-03 07:34:58.001  1450  1544 D hawaii.hwcomposer: FBDevice::vsync called 66 times
01-03 07:34:58.029  5860  5860 F libc    : Fatal signal 6 (SIGABRT), code -6 in tid 5860 (main)
01-03 07:34:58.062  1450  1450 D hawaii.hwcomposer: FBDevice::post called 12 times [12 0 0 0 0 0 0 0]
01-03 07:34:58.132  1463  1463 F DEBUG   : *** *** *** *** *** *** *** *** *** *** *** *** *** *** *** ***
01-03 07:34:58.133  1463  1463 F DEBUG   : LineageOS Version: '13.0-20170428-UNOFFICIAL-kyleprods'
01-03 07:34:58.133  1463  1463 F DEBUG   : Build fingerprint: 'unknown'
01-03 07:34:58.133  1463  1463 F DEBUG   : Revision: '0'
01-03 07:34:58.133  1463  1463 F DEBUG   : ABI: 'arm'
01-03 07:34:58.133  1463  1463 F DEBUG   : pid: 5860, tid: 5860, name: main  >>> zygote <<<
01-03 07:34:58.133  1463  1463 F DEBUG   : signal 6 (SIGABRT), code -6 (SI_TKILL), fault addr --------
01-03 07:34:58.155  1463  1463 F DEBUG   : Abort message: 'art/runtime/jni_internal.cc:497] JNI FatalError called: frameworks/base/core/jni/com_android_internal_os_Zygote.cpp:492: Unable to construct file descriptor table.'
01-03 07:34:58.155  1463  1463 F DEBUG   :     r0 00000000  r1 000016e4  r2 00000006  r3 00000000
01-03 07:34:58.155  1463  1463 F DEBUG   :     r4 4004db88  r5 00000006  r6 4004db38  r7 0000010c
01-03 07:34:58.155  1463  1463 F DEBUG   :     r8 404ea90d  r9 bea82141  sl bea8219c  fp 000003e8
01-03 07:34:58.155  1463  1463 F DEBUG   :     ip 00000002  sp bea82098  lr 4034e1b1  pc 40350914  cpsr 200f0010
01-03 07:34:58.176  1463  1463 F DEBUG   : 
01-03 07:34:58.176  1463  1463 F DEBUG   : backtrace:
01-03 07:34:58.176  1463  1463 F DEBUG   :     #00 pc 0004a914  /system/lib/libc.so (tgkill+12)
01-03 07:34:58.176  1463  1463 F DEBUG   :     #01 pc 000481ad  /system/lib/libc.so (pthread_kill+36)
01-03 07:34:58.176  1463  1463 F DEBUG   :     #02 pc 0001be9b  /system/lib/libc.so (raise+10)
01-03 07:34:58.176  1463  1463 F DEBUG   :     #03 pc 00018745  /system/lib/libc.so (__libc_android_abort+36)
01-03 07:34:58.176  1463  1463 F DEBUG   :     #04 pc 0001650c  /system/lib/libc.so (abort+4)
01-03 07:34:58.176  1463  1463 F DEBUG   :     #05 pc 0029f667  /system/lib/libart.so (_ZN3art7Runtime5AbortEv+274)
01-03 07:34:58.176  1463  1463 F DEBUG   :     #06 pc 0008f5f1  /system/lib/libart.so (_ZN3art10LogMessageD2Ev+872)
01-03 07:34:58.176  1463  1463 F DEBUG   :     #07 pc 001fab9f  /system/lib/libart.so (_ZN3art3JNI10FatalErrorEP7_JNIEnvPKc+90)
01-03 07:34:58.176  1463  1463 F DEBUG   :     #08 pc 000b611f  /system/lib/libandroid_runtime.so
01-03 07:34:58.176  1463  1463 F DEBUG   :     #09 pc 000b6283  /system/lib/libandroid_runtime.so
01-03 07:34:58.176  1463  1463 F DEBUG   :     #10 pc 000b6df7  /system/lib/libandroid_runtime.so
01-03 07:34:58.177  1463  1463 F DEBUG   :     #11 pc 731bbcef  /data/dalvik-cache/arm/system@framework@boot.oat (offset 0x21f7000)
01-03 07:34:58.661  1463  1463 F DEBUG   : 
01-03 07:34:58.661  1463  1463 F DEBUG   : Tombstone written to: /data/tombstones/tombstone_01
01-03 07:34:58.725  1449  1449 I ServiceManager: service 'media.audio_flinger' died
01-03 07:34:58.725  1449  1449 I ServiceManager: service 'media.player' died
01-03 07:34:58.725  1449  1449 I ServiceManager: service 'media.resource_manager' died
01-03 07:34:59.010  1450  1544 D hawaii.hwcomposer: FBDevice::vsync called 66 times
01-03 07:34:59.071  1450  1450 D hawaii.hwcomposer: FBDevice::post called 12 times [12 0 0 0 0 0 0 0]
01-03 07:34:59.481  6037  6037 I chatty  : uid=0(root) /system/bin/netd expire 3 lines
01-03 07:35:00.005  1450  1544 D hawaii.hwcomposer: FBDevice::vsync called 66 times
01-03 07:35:00.057  6038  6038 I chatty  : uid=1013(media) /system/bin/mediaserver expire 182 lines
01-03 07:35:00.065  1450  1450 D hawaii.hwcomposer: FBDevice::post called 12 times [12 0 0 0 0 0 0 0]
01-03 07:35:00.238  6038  6052 I chatty  : uid=1013(media) /system/bin/mediaserver expire 1 line
01-03 07:35:00.600  6039  6039 I chatty  : uid=0(root) expire 143 lines
01-03 07:35:00.927  6038  6075 I chatty  : uid=1013(media) /system/bin/mediaserver expire 1 line
01-03 07:35:01.009  1450  1544 D hawaii.hwcomposer: FBDevice::vsync called 66 times
01-03 07:35:01.074  1450  1450 D hawaii.hwcomposer: FBDevice::post called 12 times [12 0 0 0 0 0 0 0]
01-03 07:35:01.858  6125  6125 D idmap   : error: no read access to /vendor/overlay: No such file or directory
01-03 07:35:02.004  1450  1544 D hawaii.hwcomposer: FBDevice::vsync called 66 times
01-03 07:35:02.068  1450  1450 D hawaii.hwcomposer: FBDevice::post called 12 times [12 0 0 0 0 0 0 0]
01-03 07:35:02.426  6039  6081 I chatty  : uid=0(root) expire 1 line
01-03 07:35:02.540  6039  6039 F libc    : Fatal signal 6 (SIGABRT), code -6 in tid 6039 (main)
01-03 07:35:02.646  1463  1463 F DEBUG   : *** *** *** *** *** *** *** *** *** *** *** *** *** *** *** ***
01-03 07:35:02.647  1463  1463 F DEBUG   : LineageOS Version: '13.0-20170428-UNOFFICIAL-kyleprods'
01-03 07:35:02.647  1463  1463 F DEBUG   : Build fingerprint: 'unknown'
01-03 07:35:02.647  1463  1463 F DEBUG   : Revision: '0'
01-03 07:35:02.647  1463  1463 F DEBUG   : ABI: 'arm'
01-03 07:35:02.647  1463  1463 F DEBUG   : pid: 6039, tid: 6039, name: main  >>> zygote <<<
01-03 07:35:02.647  1463  1463 F DEBUG   : signal 6 (SIGABRT), code -6 (SI_TKILL), fault addr --------
01-03 07:35:02.668  1463  1463 F DEBUG   : Abort message: 'art/runtime/jni_internal.cc:497] JNI FatalError called: frameworks/base/core/jni/com_android_internal_os_Zygote.cpp:492: Unable to construct file descriptor table.'
01-03 07:35:02.668  1463  1463 F DEBUG   :     r0 00000000  r1 00001797  r2 00000006  r3 00000000
01-03 07:35:02.668  1463  1463 F DEBUG   :     r4 40107b88  r5 00000006  r6 40107b38  r7 0000010c
01-03 07:35:02.668  1463  1463 F DEBUG   :     r8 409b890d  r9 bef78141  sl bef7819c  fp 000003e8
01-03 07:35:02.668  1463  1463 F DEBUG   :     ip 00000002  sp bef78098  lr 40ad21b1  pc 40ad4914  cpsr 200f0010
01-03 07:35:02.687  1463  1463 F DEBUG   : 
01-03 07:35:02.687  1463  1463 F DEBUG   : backtrace:
01-03 07:35:02.687  1463  1463 F DEBUG   :     #00 pc 0004a914  /system/lib/libc.so (tgkill+12)
01-03 07:35:02.687  1463  1463 F DEBUG   :     #01 pc 000481ad  /system/lib/libc.so (pthread_kill+36)
01-03 07:35:02.687  1463  1463 F DEBUG   :     #02 pc 0001be9b  /system/lib/libc.so (raise+10)
01-03 07:35:02.687  1463  1463 F DEBUG   :     #03 pc 00018745  /system/lib/libc.so (__libc_android_abort+36)
01-03 07:35:02.687  1463  1463 F DEBUG   :     #04 pc 0001650c  /system/lib/libc.so (abort+4)
01-03 07:35:02.687  1463  1463 F DEBUG   :     #05 pc 0029f667  /system/lib/libart.so (_ZN3art7Runtime5AbortEv+274)
01-03 07:35:02.687  1463  1463 F DEBUG   :     #06 pc 0008f5f1  /system/lib/libart.so (_ZN3art10LogMessageD2Ev+872)
01-03 07:35:02.687  1463  1463 F DEBUG   :     #07 pc 001fab9f  /system/lib/libart.so (_ZN3art3JNI10FatalErrorEP7_JNIEnvPKc+90)
01-03 07:35:02.687  1463  1463 F DEBUG   :     #08 pc 000b611f  /system/lib/libandroid_runtime.so
01-03 07:35:02.687  1463  1463 F DEBUG   :     #09 pc 000b6283  /system/lib/libandroid_runtime.so
01-03 07:35:02.687  1463  1463 F DEBUG   :     #10 pc 000b6df7  /system/lib/libandroid_runtime.so
01-03 07:35:02.687  1463  1463 F DEBUG   :     #11 pc 731bbcef  /data/dalvik-cache/arm/system@framework@boot.oat (offset 0x21f7000)
01-03 07:35:02.857  1463  1463 F DEBUG   : 
01-03 07:35:02.857  1463  1463 F DEBUG   : Tombstone written to: /data/tombstones/tombstone_02
01-03 07:35:02.925  1449  1449 I ServiceManager: service 'media.audio_flinger' died
01-03 07:35:02.925  1449  1449 I ServiceManager: service 'media.player' died
01-03 07:35:02.925  1449  1449 I ServiceManager: service 'media.resource_manager' died
01-03 07:35:03.001  1450  1544 D hawaii.hwcomposer: FBDevice::vsync called 66 times
01-03 07:35:03.001  1450  1450 D hawaii.hwcomposer: FBDevice::post called 11 times [11 0 0 0 0 0 0 0]
01-03 07:35:04.009  1450  1544 D hawaii.hwcomposer: FBDevice::vsync called 67 times
01-03 07:35:04.086  1450  1450 D hawaii.hwcomposer: FBDevice::post called 13 times [13 0 0 0 0 0 0 0]
01-03 07:35:04.499  6171  6171 I chatty  : uid=0(root) /system/bin/netd expire 3 lines
01-03 07:35:04.844  6172  6172 I chatty  : uid=1013(media) /system/bin/mediaserver expire 183 lines
01-03 07:35:05.005  1450  1450 D hawaii.hwcomposer: FBDevice::post called 11 times [11 0 0 0 0 0 0 0]
01-03 07:35:05.010  1450  1544 D hawaii.hwcomposer: FBDevice::vsync called 66 times
01-03 07:35:05.032  6172  6184 I chatty  : uid=1013(media) /system/bin/mediaserver expire 1 line
01-03 07:35:05.725  6172  6209 I chatty  : uid=1013(media) /system/bin/mediaserver expire 1 line
01-03 07:35:05.852  6173  6173 I chatty  : uid=0(root) expire 143 lines
01-03 07:35:06.005  1450  1544 D hawaii.hwcomposer: FBDevice::vsync called 66 times
01-03 07:35:06.089  1450  1450 D hawaii.hwcomposer: FBDevice::post called 13 times [13 0 0 0 0 0 0 0]
01-03 07:35:07.000  1450  1544 D hawaii.hwcomposer: FBDevice::vsync called 66 times
01-03 07:35:07.008  1450  1450 D hawaii.hwcomposer: FBDevice::post called 11 times [11 0 0 0 0 0 0 0]
01-03 07:35:07.039  6272  6272 D idmap   : error: no read access to /vendor/overlay: No such file or directory
01-03 07:35:07.611  6173  6232 I chatty  : uid=0(root) expire 1 line
01-03 07:35:07.735  6173  6173 F libc    : Fatal signal 6 (SIGABRT), code -6 in tid 6173 (main)
01-03 07:35:07.841  1463  1463 F DEBUG   : *** *** *** *** *** *** *** *** *** *** *** *** *** *** *** ***
01-03 07:35:07.841  1463  1463 F DEBUG   : LineageOS Version: '13.0-20170428-UNOFFICIAL-kyleprods'
01-03 07:35:07.841  1463  1463 F DEBUG   : Build fingerprint: 'unknown'
01-03 07:35:07.841  1463  1463 F DEBUG   : Revision: '0'
01-03 07:35:07.841  1463  1463 F DEBUG   : ABI: 'arm'
01-03 07:35:07.841  1463  1463 F DEBUG   : pid: 6173, tid: 6173, name: main  >>> zygote <<<
01-03 07:35:07.841  1463  1463 F DEBUG   : signal 6 (SIGABRT), code -6 (SI_TKILL), fault addr --------
01-03 07:35:07.858  1463  1463 F DEBUG   : Abort message: 'art/runtime/jni_internal.cc:497] JNI FatalError called: frameworks/base/core/jni/com_android_internal_os_Zygote.cpp:492: Unable to construct file descriptor table.'
01-03 07:35:07.858  1463  1463 F DEBUG   :     r0 00000000  r1 0000181d  r2 00000006  r3 00000000
01-03 07:35:07.858  1463  1463 F DEBUG   :     r4 40121b88  r5 00000006  r6 40121b38  r7 0000010c
01-03 07:35:07.858  1463  1463 F DEBUG   :     r8 409bb90d  r9 befec141  sl befec19c  fp 000003e8
01-03 07:35:07.858  1463  1463 F DEBUG   :     ip 00000002  sp befec098  lr 40c621b1  pc 40c64914  cpsr 200f0010
01-03 07:35:07.877  1463  1463 F DEBUG   : 
01-03 07:35:07.877  1463  1463 F DEBUG   : backtrace:
01-03 07:35:07.877  1463  1463 F DEBUG   :     #00 pc 0004a914  /system/lib/libc.so (tgkill+12)
01-03 07:35:07.877  1463  1463 F DEBUG   :     #01 pc 000481ad  /system/lib/libc.so (pthread_kill+36)
01-03 07:35:07.877  1463  1463 F DEBUG   :     #02 pc 0001be9b  /system/lib/libc.so (raise+10)
01-03 07:35:07.877  1463  1463 F DEBUG   :     #03 pc 00018745  /system/lib/libc.so (__libc_android_abort+36)
01-03 07:35:07.877  1463  1463 F DEBUG   :     #04 pc 0001650c  /system/lib/libc.so (abort+4)
01-03 07:35:07.877  1463  1463 F DEBUG   :     #05 pc 0029f667  /system/lib/libart.so (_ZN3art7Runtime5AbortEv+274)
01-03 07:35:07.877  1463  1463 F DEBUG   :     #06 pc 0008f5f1  /system/lib/libart.so (_ZN3art10LogMessageD2Ev+872)
01-03 07:35:07.877  1463  1463 F DEBUG   :     #07 pc 001fab9f  /system/lib/libart.so (_ZN3art3JNI10FatalErrorEP7_JNIEnvPKc+90)
01-03 07:35:07.877  1463  1463 F DEBUG   :     #08 pc 000b611f  /system/lib/libandroid_runtime.so
01-03 07:35:07.877  1463  1463 F DEBUG   :     #09 pc 000b6283  /system/lib/libandroid_runtime.so
01-03 07:35:07.877  1463  1463 F DEBUG   :     #10 pc 000b6df7  /system/lib/libandroid_runtime.so
01-03 07:35:07.877  1463  1463 F DEBUG   :     #11 pc 731bbcef  /data/dalvik-cache/arm/system@framework@boot.oat (offset 0x21f7000)
01-03 07:35:08.002  1450  1450 D hawaii.hwcomposer: FBDevice::post called 12 times [12 0 0 0 0 0 0 0]
01-03 07:35:08.003  1450  1544 D hawaii.hwcomposer: FBDevice::vsync called 66 times
01-03 07:35:08.049  1463  1463 F DEBUG   : 
01-03 07:35:08.049  1463  1463 F DEBUG   : Tombstone written to: /data/tombstones/tombstone_03
01-03 07:35:08.095  1449  1449 I ServiceManager: service 'media.audio_flinger' died
01-03 07:35:08.095  1449  1449 I ServiceManager: service 'media.player' died
01-03 07:35:08.095  1449  1449 I ServiceManager: service 'media.resource_manager' died
01-03 07:35:09.010  1450  1450 D hawaii.hwcomposer: FBDevice::post called 12 times [12 0 0 0 0 0 0 0]
01-03 07:35:09.013  1450  1544 D hawaii.hwcomposer: FBDevice::vsync called 67 times
01-03 07:35:09.459  6319  6319 I chatty  : uid=0(root) /system/bin/netd expire 3 lines
01-03 07:35:10.005  1450  1450 D hawaii.hwcomposer: FBDevice::post called 12 times [12 0 0 0 0 0 0 0]
01-03 07:35:10.007  1450  1544 D hawaii.hwcomposer: FBDevice::vsync called 66 times
01-03 07:35:10.147  6320  6320 I chatty  : uid=1013(media) /system/bin/mediaserver expire 182 lines
01-03 07:35:10.338  6320  6336 I chatty  : uid=1013(media) /system/bin/mediaserver expire 1 line
01-03 07:35:10.434  6321  6321 I chatty  : uid=0(root) expire 143 lines
01-03 07:35:11.002  1450  1544 D hawaii.hwcomposer: FBDevice::vsync called 66 times
01-03 07:35:11.014  1450  1450 D hawaii.hwcomposer: FBDevice::post called 12 times [12 0 0 0 0 0 0 0]
01-03 07:35:11.032  6320  6362 I chatty  : uid=1013(media) /system/bin/mediaserver expire 1 line
01-03 07:35:11.828  6402  6402 D idmap   : error: no read access to /vendor/overlay: No such file or directory
01-03 07:35:12.005  1450  1544 D hawaii.hwcomposer: FBDevice::vsync called 66 times
01-03 07:35:12.009  1450  1450 D hawaii.hwcomposer: FBDevice::post called 12 times [12 0 0 0 0 0 0 0]
01-03 07:35:12.394  6321  6359 I chatty  : uid=0(root) expire 1 line
01-03 07:35:12.513  6321  6321 F libc    : Fatal signal 6 (SIGABRT), code -6 in tid 6321 (main)
01-03 07:35:12.618  1463  1463 F DEBUG   : *** *** *** *** *** *** *** *** *** *** *** *** *** *** *** ***
01-03 07:35:12.618  1463  1463 F DEBUG   : LineageOS Version: '13.0-20170428-UNOFFICIAL-kyleprods'
01-03 07:35:12.618  1463  1463 F DEBUG   : Build fingerprint: 'unknown'
01-03 07:35:12.618  1463  1463 F DEBUG   : Revision: '0'
01-03 07:35:12.618  1463  1463 F DEBUG   : ABI: 'arm'
01-03 07:35:12.618  1463  1463 F DEBUG   : pid: 6321, tid: 6321, name: main  >>> zygote <<<
01-03 07:35:12.618  1463  1463 F DEBUG   : signal 6 (SIGABRT), code -6 (SI_TKILL), fault addr --------
01-03 07:35:12.635  1463  1463 F DEBUG   : Abort message: 'art/runtime/jni_internal.cc:497] JNI FatalError called: frameworks/base/core/jni/com_android_internal_os_Zygote.cpp:492: Unable to construct file descriptor table.'
01-03 07:35:12.635  1463  1463 F DEBUG   :     r0 00000000  r1 000018b1  r2 00000006  r3 00000000
01-03 07:35:12.635  1463  1463 F DEBUG   :     r4 401fbb88  r5 00000006  r6 401fbb38  r7 0000010c
01-03 07:35:12.635  1463  1463 F DEBUG   :     r8 40ca390d  r9 bebf1141  sl bebf119c  fp 000003e8
01-03 07:35:12.635  1463  1463 F DEBUG   :     ip 00000002  sp bebf1098  lr 402461b1  pc 40248914  cpsr 200f0010
01-03 07:35:12.653  1463  1463 F DEBUG   : 
01-03 07:35:12.653  1463  1463 F DEBUG   : backtrace:
01-03 07:35:12.653  1463  1463 F DEBUG   :     #00 pc 0004a914  /system/lib/libc.so (tgkill+12)
01-03 07:35:12.653  1463  1463 F DEBUG   :     #01 pc 000481ad  /system/lib/libc.so (pthread_kill+36)
01-03 07:35:12.654  1463  1463 F DEBUG   :     #02 pc 0001be9b  /system/lib/libc.so (raise+10)
01-03 07:35:12.654  1463  1463 F DEBUG   :     #03 pc 00018745  /system/lib/libc.so (__libc_android_abort+36)
01-03 07:35:12.654  1463  1463 F DEBUG   :     #04 pc 0001650c  /system/lib/libc.so (abort+4)
01-03 07:35:12.654  1463  1463 F DEBUG   :     #05 pc 0029f667  /system/lib/libart.so (_ZN3art7Runtime5AbortEv+274)
01-03 07:35:12.654  1463  1463 F DEBUG   :     #06 pc 0008f5f1  /system/lib/libart.so (_ZN3art10LogMessageD2Ev+872)
01-03 07:35:12.654  1463  1463 F DEBUG   :     #07 pc 001fab9f  /system/lib/libart.so (_ZN3art3JNI10FatalErrorEP7_JNIEnvPKc+90)
01-03 07:35:12.654  1463  1463 F DEBUG   :     #08 pc 000b611f  /system/lib/libandroid_runtime.so
01-03 07:35:12.654  1463  1463 F DEBUG   :     #09 pc 000b6283  /system/lib/libandroid_runtime.so
01-03 07:35:12.654  1463  1463 F DEBUG   :     #10 pc 000b6df7  /system/lib/libandroid_runtime.so
01-03 07:35:12.654  1463  1463 F DEBUG   :     #11 pc 731bbcef  /data/dalvik-cache/arm/system@framework@boot.oat (offset 0x21f7000)
01-03 07:35:12.842  1463  1463 F DEBUG   : 
01-03 07:35:12.842  1463  1463 F DEBUG   : Tombstone written to: /data/tombstones/tombstone_04
01-03 07:35:12.905  1449  1449 I ServiceManager: service 'media.audio_flinger' died
01-03 07:35:12.905  1449  1449 I ServiceManager: service 'media.player' died
01-03 07:35:12.905  1449  1449 I ServiceManager: service 'media.resource_manager' died
01-03 07:35:13.000  1450  1544 D hawaii.hwcomposer: FBDevice::vsync called 66 times
01-03 07:35:13.016  1450  1450 D hawaii.hwcomposer: FBDevice::post called 12 times [12 0 0 0 0 0 0 0]
01-03 07:35:14.009  1450  1544 D hawaii.hwcomposer: FBDevice::vsync called 67 times
01-03 07:35:14.011  1450  1450 D hawaii.hwcomposer: FBDevice::post called 12 times [12 0 0 0 0 0 0 0]
01-03 07:35:14.509  6451  6451 I chatty  : uid=0(root) /system/bin/netd expire 3 lines
01-03 07:35:14.830  6452  6452 I chatty  : uid=1013(media) /system/bin/mediaserver expire 183 lines
01-03 07:35:15.011  1450  1544 D hawaii.hwcomposer: FBDevice::vsync called 65 times
01-03 07:35:15.020  1450  1450 D hawaii.hwcomposer: FBDevice::post called 12 times [12 0 0 0 0 0 0 0]
01-03 07:35:15.022  6452  6460 I chatty  : uid=1013(media) /system/bin/mediaserver expire 1 line
01-03 07:35:15.709  6452  6485 I chatty  : uid=1013(media) /system/bin/mediaserver expire 1 line
01-03 07:35:15.838  6453  6453 I chatty  : uid=0(root) expire 143 lines
01-03 07:35:16.005  1450  1544 D hawaii.hwcomposer: FBDevice::vsync called 66 times
01-03 07:35:16.024  1450  1450 D hawaii.hwcomposer: FBDevice::post called 12 times [12 0 0 0 0 0 0 0]
01-03 07:35:16.999  6546  6546 D idmap   : error: no read access to /vendor/overlay: No such file or directory
01-03 07:35:17.001  1450  1544 D hawaii.hwcomposer: FBDevice::vsync called 66 times
01-03 07:35:17.018  1450  1450 D hawaii.hwcomposer: FBDevice::post called 12 times [12 0 0 0 0 0 0 0]
01-03 07:35:17.565  6453  6508 I chatty  : uid=0(root) expire 1 line
01-03 07:35:17.682  6453  6453 F libc    : Fatal signal 6 (SIGABRT), code -6 in tid 6453 (main)
01-03 07:35:17.683  1463  1463 I chatty  : uid=0(root) /system/bin/debuggerd expire 12 lines
01-03 07:35:17.784  1463  1463 F DEBUG   : *** *** *** *** *** *** *** *** *** *** *** *** *** *** *** ***
01-03 07:35:17.784  1463  1463 F DEBUG   : LineageOS Version: '13.0-20170428-UNOFFICIAL-kyleprods'
01-03 07:35:17.784  1463  1463 F DEBUG   : Build fingerprint: 'unknown'
01-03 07:35:17.784  1463  1463 F DEBUG   : Revision: '0'
01-03 07:35:17.784  1463  1463 F DEBUG   : ABI: 'arm'
01-03 07:35:17.784  1463  1463 F DEBUG   : pid: 6453, tid: 6453, name: main  >>> zygote <<<
01-03 07:35:17.784  1463  1463 F DEBUG   : signal 6 (SIGABRT), code -6 (SI_TKILL), fault addr --------
01-03 07:35:17.802  1463  1463 F DEBUG   : Abort message: 'art/runtime/jni_internal.cc:497] JNI FatalError called: frameworks/base/core/jni/com_android_internal_os_Zygote.cpp:492: Unable to construct file descriptor table.'
01-03 07:35:17.802  1463  1463 F DEBUG   :     r0 00000000  r1 00001935  r2 00000006  r3 00000000
01-03 07:35:17.802  1463  1463 F DEBUG   :     r4 400eab88  r5 00000006  r6 400eab38  r7 0000010c
01-03 07:35:17.802  1463  1463 F DEBUG   :     r8 4098590d  r9 beb29141  sl beb2919c  fp 000003e8
01-03 07:35:17.802  1463  1463 F DEBUG   :     ip 00000002  sp beb29098  lr 403ca1b1  pc 403cc914  cpsr 200f0010
01-03 07:35:17.820  1463  1463 F DEBUG   : 
01-03 07:35:17.820  1463  1463 F DEBUG   : backtrace:
01-03 07:35:17.820  1463  1463 F DEBUG   :     #00 pc 0004a914  /system/lib/libc.so (tgkill+12)
01-03 07:35:17.820  1463  1463 F DEBUG   :     #01 pc 000481ad  /system/lib/libc.so (pthread_kill+36)
01-03 07:35:17.820  1463  1463 F DEBUG   :     #02 pc 0001be9b  /system/lib/libc.so (raise+10)
01-03 07:35:17.820  1463  1463 F DEBUG   :     #03 pc 00018745  /system/lib/libc.so (__libc_android_abort+36)
01-03 07:35:17.820  1463  1463 F DEBUG   :     #04 pc 0001650c  /system/lib/libc.so (abort+4)
01-03 07:35:17.820  1463  1463 F DEBUG   :     #05 pc 0029f667  /system/lib/libart.so (_ZN3art7Runtime5AbortEv+274)
01-03 07:35:17.820  1463  1463 F DEBUG   :     #06 pc 0008f5f1  /system/lib/libart.so (_ZN3art10LogMessageD2Ev+872)
01-03 07:35:17.820  1463  1463 F DEBUG   :     #07 pc 001fab9f  /system/lib/libart.so (_ZN3art3JNI10FatalErrorEP7_JNIEnvPKc+90)
01-03 07:35:17.820  1463  1463 F DEBUG   :     #08 pc 000b611f  /system/lib/libandroid_runtime.so
01-03 07:35:17.820  1463  1463 F DEBUG   :     #09 pc 000b6283  /system/lib/libandroid_runtime.so
01-03 07:35:17.820  1463  1463 F DEBUG   :     #10 pc 000b6df7  /system/lib/libandroid_runtime.so
01-03 07:35:17.820  1463  1463 F DEBUG   :     #11 pc 731bbcef  /data/dalvik-cache/arm/system@framework@boot.oat (offset 0x21f7000)
01-03 07:35:17.993  1463  1463 F DEBUG   : 
01-03 07:35:17.993  1463  1463 F DEBUG   : Tombstone written to: /data/tombstones/tombstone_05
01-03 07:35:18.012  1450  1544 D hawaii.hwcomposer: FBDevice::vsync called 66 times
01-03 07:35:18.027  1450  1450 D hawaii.hwcomposer: FBDevice::post called 12 times [12 0 0 0 0 0 0 0]
01-03 07:35:18.054  1449  1449 I ServiceManager: service 'media.audio_flinger' died
01-03 07:35:18.054  1449  1449 I ServiceManager: service 'media.player' died
01-03 07:35:18.054  1449  1449 I ServiceManager: service 'media.resource_manager' died
01-03 07:35:19.014  1450  1544 D hawaii.hwcomposer: FBDevice::vsync called 66 times
01-03 07:35:19.020  1450  1450 D hawaii.hwcomposer: FBDevice::post called 12 times [12 0 0 0 0 0 0 0]
01-03 07:35:19.508  6592  6592 I chatty  : uid=0(root) /system/bin/netd expire 3 lines
01-03 07:35:19.850  6593  6593 I chatty  : uid=1013(media) /system/bin/mediaserver expire 183 lines
01-03 07:35:20.007  1450  1544 D hawaii.hwcomposer: FBDevice::vsync called 66 times
01-03 07:35:20.030  1450  1450 D hawaii.hwcomposer: FBDevice::post called 12 times [12 0 0 0 0 0 0 0]
01-03 07:35:20.056  6593  6604 I chatty  : uid=1013(media) /system/bin/mediaserver expire 1 line
01-03 07:35:20.735  6593  6634 I chatty  : uid=1013(media) /system/bin/mediaserver expire 1 line
01-03 07:35:20.878  6594  6594 I chatty  : uid=0(root) expire 143 lines
01-03 07:35:21.003  1450  1544 D hawaii.hwcomposer: FBDevice::vsync called 66 times
01-03 07:35:21.024  1450  1450 D hawaii.hwcomposer: FBDevice::post called 12 times [12 0 0 0 0 0 0 0]
01-03 07:35:22.013  1450  1544 D hawaii.hwcomposer: FBDevice::vsync called 67 times
01-03 07:35:22.033  1450  1450 D hawaii.hwcomposer: FBDevice::post called 12 times [12 0 0 0 0 0 0 0]
01-03 07:35:22.054  6699  6699 D idmap   : error: no read access to /vendor/overlay: No such file or directory
01-03 07:35:22.617  6594  6659 I chatty  : uid=0(root) expire 1 line
01-03 07:35:22.734  6594  6594 F libc    : Fatal signal 6 (SIGABRT), code -6 in tid 6594 (main)
01-03 07:35:22.838  1463  1463 F DEBUG   : *** *** *** *** *** *** *** *** *** *** *** *** *** *** *** ***
01-03 07:35:22.838  1463  1463 F DEBUG   : LineageOS Version: '13.0-20170428-UNOFFICIAL-kyleprods'
01-03 07:35:22.838  1463  1463 F DEBUG   : Build fingerprint: 'unknown'
01-03 07:35:22.838  1463  1463 F DEBUG   : Revision: '0'
01-03 07:35:22.838  1463  1463 F DEBUG   : ABI: 'arm'
01-03 07:35:22.838  1463  1463 F DEBUG   : pid: 6594, tid: 6594, name: main  >>> zygote <<<
01-03 07:35:22.838  1463  1463 F DEBUG   : signal 6 (SIGABRT), code -6 (SI_TKILL), fault addr --------
01-03 07:35:22.860  1463  1463 F DEBUG   : Abort message: 'art/runtime/jni_internal.cc:497] JNI FatalError called: frameworks/base/core/jni/com_android_internal_os_Zygote.cpp:492: Unable to construct file descriptor table.'
01-03 07:35:22.860  1463  1463 F DEBUG   :     r0 00000000  r1 000019c2  r2 00000006  r3 00000000
01-03 07:35:22.860  1463  1463 F DEBUG   :     r4 400d5b88  r5 00000006  r6 400d5b38  r7 0000010c
01-03 07:35:22.860  1463  1463 F DEBUG   :     r8 405f790d  r9 bebbb141  sl bebbb19c  fp 000003e8
01-03 07:35:22.860  1463  1463 F DEBUG   :     ip 00000002  sp bebbb098  lr 404971b1  pc 40499914  cpsr 200f0010
01-03 07:35:22.880  1463  1463 F DEBUG   : 
01-03 07:35:22.880  1463  1463 F DEBUG   : backtrace:
01-03 07:35:22.880  1463  1463 F DEBUG   :     #00 pc 0004a914  /system/lib/libc.so (tgkill+12)
01-03 07:35:22.880  1463  1463 F DEBUG   :     #01 pc 000481ad  /system/lib/libc.so (pthread_kill+36)
01-03 07:35:22.880  1463  1463 F DEBUG   :     #02 pc 0001be9b  /system/lib/libc.so (raise+10)
01-03 07:35:22.880  1463  1463 F DEBUG   :     #03 pc 00018745  /system/lib/libc.so (__libc_android_abort+36)
01-03 07:35:22.880  1463  1463 F DEBUG   :     #04 pc 0001650c  /system/lib/libc.so (abort+4)
01-03 07:35:22.880  1463  1463 F DEBUG   :     #05 pc 0029f667  /system/lib/libart.so (_ZN3art7Runtime5AbortEv+274)
01-03 07:35:22.881  1463  1463 F DEBUG   :     #06 pc 0008f5f1  /system/lib/libart.so (_ZN3art10LogMessageD2Ev+872)
01-03 07:35:22.881  1463  1463 F DEBUG   :     #07 pc 001fab9f  /system/lib/libart.so (_ZN3art3JNI10FatalErrorEP7_JNIEnvPKc+90)
01-03 07:35:22.881  1463  1463 F DEBUG   :     #08 pc 000b611f  /system/lib/libandroid_runtime.so
01-03 07:35:22.881  1463  1463 F DEBUG   :     #09 pc 000b6283  /system/lib/libandroid_runtime.so
01-03 07:35:22.881  1463  1463 F DEBUG   :     #10 pc 000b6df7  /system/lib/libandroid_runtime.so
01-03 07:35:22.881  1463  1463 F DEBUG   :     #11 pc 731bbcef  /data/dalvik-cache/arm/system@framework@boot.oat (offset 0x21f7000)
01-03 07:35:23.008  1450  1544 D hawaii.hwcomposer: FBDevice::vsync called 66 times
01-03 07:35:23.027  1450  1450 D hawaii.hwcomposer: FBDevice::post called 12 times [12 0 0 0 0 0 0 0]
01-03 07:35:23.069  1463  1463 F DEBUG   : 
01-03 07:35:23.069  1463  1463 F DEBUG   : Tombstone written to: /data/tombstones/tombstone_06
01-03 07:35:23.125  1449  1449 I ServiceManager: service 'media.audio_flinger' died
01-03 07:35:23.125  1449  1449 I ServiceManager: service 'media.player' died
01-03 07:35:23.125  1449  1449 I ServiceManager: service 'media.resource_manager' died
01-03 07:35:24.003  1450  1544 D hawaii.hwcomposer: FBDevice::vsync called 66 times
01-03 07:35:24.035  1450  1450 D hawaii.hwcomposer: FBDevice::post called 12 times [12 0 0 0 0 0 0 0]
01-03 07:35:24.483  6748  6748 I chatty  : uid=0(root) /system/bin/netd expire 12 lines
01-03 07:35:25.013  1450  1544 D hawaii.hwcomposer: FBDevice::vsync called 67 times
01-03 07:35:25.030  1450  1450 D hawaii.hwcomposer: FBDevice::post called 12 times [12 0 0 0 0 0 0 0]
01-03 07:35:25.292  6749  6749 I chatty  : uid=1013(media) /system/bin/mediaserver expire 383 lines
01-03 07:35:25.515  6749  6787 I chatty  : uid=1013(media) /system/bin/mediaserver expire 1 line
01-03 07:35:26.010  1450  1544 D hawaii.hwcomposer: FBDevice::vsync called 66 times
01-03 07:35:26.039  1450  1450 D hawaii.hwcomposer: FBDevice::post called 12 times [12 0 0 0 0 0 0 0]
01-03 07:35:26.054  6750  6750 I chatty  : uid=0(root) expire 49 lines
01-03 07:35:26.196  6749  6812 I chatty  : uid=1013(media) /system/bin/mediaserver expire 1 line
01-03 07:35:26.407  6832  6832 I chatty  : uid=0(root) /system/bin/dex2oat expire 15 lines
01-03 07:35:27.007  1450  1544 D hawaii.hwcomposer: FBDevice::vsync called 66 times
01-03 07:35:27.033  1450  1450 D hawaii.hwcomposer: FBDevice::post called 12 times [12 0 0 0 0 0 0 0]
01-03 07:35:28.001  1450  1544 D hawaii.hwcomposer: FBDevice::vsync called 66 times
01-03 07:35:28.042  1450  1450 D hawaii.hwcomposer: FBDevice::post called 12 times [12 0 0 0 0 0 0 0]
01-03 07:35:29.011  1450  1544 D hawaii.hwcomposer: FBDevice::vsync called 67 times
01-03 07:35:29.036  1450  1450 D hawaii.hwcomposer: FBDevice::post called 12 times [12 0 0 0 0 0 0 0]
01-03 07:35:30.006  1450  1544 D hawaii.hwcomposer: FBDevice::vsync called 66 times
01-03 07:35:30.045  1450  1450 D hawaii.hwcomposer: FBDevice::post called 12 times [12 0 0 0 0 0 0 0]
01-03 07:35:30.714  6832  6952 I chatty  : uid=0(root) /system/bin/dex2oat expire 154 lines
01-03 07:35:30.762  6748  7015 I chatty  : uid=0(root) /system/bin/netd expire 2 lines
01-03 07:35:31.010  1450  1544 D hawaii.hwcomposer: FBDevice::vsync called 66 times
01-03 07:35:31.039  1450  1450 D hawaii.hwcomposer: FBDevice::post called 12 times [12 0 0 0 0 0 0 0]
01-03 07:35:31.544  6749  7022 I chatty  : uid=1013(media) /system/bin/mediaserver expire 11 lines
01-03 07:35:31.545  6749  7020 I chatty  : uid=1013(media) /system/bin/mediaserver expire 2 lines
01-03 07:35:31.550  6749  7023 I chatty  : uid=1013(media) /system/bin/mediaserver expire 11 lines
01-03 07:35:31.559  6749  7025 I chatty  : uid=1013(media) /system/bin/mediaserver expire 1 line
01-03 07:35:31.561  6749  7024 I chatty  : uid=1013(media) /system/bin/mediaserver expire 1 line
01-03 07:35:31.572  6749  7027 I chatty  : uid=1013(media) /system/bin/mediaserver expire 1 line
01-03 07:35:31.573  6749  7026 I chatty  : uid=1013(media) /system/bin/mediaserver expire 1 line
01-03 07:35:32.004  1450  1544 D hawaii.hwcomposer: FBDevice::vsync called 66 times
01-03 07:35:32.048  1450  1450 D hawaii.hwcomposer: FBDevice::post called 12 times [12 0 0 0 0 0 0 0]
01-03 07:35:33.013  1450  1544 D hawaii.hwcomposer: FBDevice::vsync called 67 times
01-03 07:35:33.042  1450  1450 D hawaii.hwcomposer: FBDevice::post called 12 times [12 0 0 0 0 0 0 0]
01-03 07:35:34.019  1450  1544 D hawaii.hwcomposer: FBDevice::vsync called 66 times
