01-03 07:40:31.590 10045 10045 F art     : art/runtime/runtime.cc:366] Dumping all threads without appropriate locks held: thread list lock mutator lock
01-03 07:40:31.591 10045 10045 F art     : art/runtime/runtime.cc:366] All threads:
01-03 07:40:31.591 10045 10045 F art     : art/runtime/runtime.cc:366] DALVIK THREADS (1):
01-03 07:40:31.591 10045 10045 F art     : art/runtime/runtime.cc:366] "main" prio=5 tid=1 Runnable
01-03 07:40:31.591 10045 10045 F art     : art/runtime/runtime.cc:366]   | group="" sCount=0 dsCount=0 obj=0x73841828 self=0x424f6500
01-03 07:40:31.591 10045 10045 F art     : art/runtime/runtime.cc:366]   | sysTid=10045 nice=0 cgrp=default sched=0/0 handle=0x400fdb38
01-03 07:40:31.591 10045 10045 F art     : art/runtime/runtime.cc:366]   | state=R schedstat=( 0 0 0 ) utm=217 stm=27 core=0 HZ=100
01-03 07:40:31.591 10045 10045 F art     : art/runtime/runtime.cc:366]   | stack=0xbe76c000-0xbe76e000 stackSize=8MB
01-03 07:40:31.591 10045 10045 F art     : art/runtime/runtime.cc:366]   | held mutexes= "abort lock" "mutator lock"(shared held)
01-03 07:40:31.591 10045 10045 F art     : art/runtime/runtime.cc:366]   native: #00 pc 002ded6b  /system/lib/libart.so (_ZN3art15DumpNativeStackERNSt3__113basic_ostreamIcNS0_11char_traitsIcEEEEiPKcPNS_9ArtMethodEPv+98)
01-03 07:40:31.591 10045 10045 F art     : art/runtime/runtime.cc:366]   native: #01 pc 002b8adf  /system/lib/libart.so (_ZNK3art6Thread9DumpStackERNSt3__113basic_ostreamIcNS1_11char_traitsIcEEEE+298)
01-03 07:40:31.591 10045 10045 F art     : art/runtime/runtime.cc:366]   native: #02 pc 002cad07  /system/lib/libart.so (_ZN3art14DumpCheckpoint3RunEPNS_6ThreadE+758)
01-03 07:40:31.591 10045 10045 F art     : art/runtime/runtime.cc:366]   native: #03 pc 002c49a7  /system/lib/libart.so (_ZN3art10ThreadList13RunCheckpointEPNS_7ClosureE+338)
01-03 07:40:31.591 10045 10045 F art     : art/runtime/runtime.cc:366]   native: #04 pc 002c46eb  /system/lib/libart.so (_ZN3art10ThreadList4DumpERNSt3__113basic_ostreamIcNS1_11char_traitsIcEEEE+166)
01-03 07:40:31.591 10045 10045 F art     : art/runtime/runtime.cc:366]   native: #05 pc 002a9e4f  /system/lib/libart.so (_ZNK3art10AbortState4DumpERNSt3__113basic_ostreamIcNS1_11char_traitsIcEEEE+314)
01-03 07:40:31.591 10045 10045 F art     : art/runtime/runtime.cc:366]   native: #06 pc 0029f5bb  /system/lib/libart.so (_ZN3art7Runtime5AbortEv+102)
01-03 07:40:31.591 10045 10045 F art     : art/runtime/runtime.cc:366]   native: #07 pc 0008f5f1  /system/lib/libart.so (_ZN3art10LogMessageD2Ev+872)
01-03 07:40:31.591 10045 10045 F art     : art/runtime/runtime.cc:366]   native: #08 pc 001fab9f  /system/lib/libart.so (_ZN3art3JNI10FatalErrorEP7_JNIEnvPKc+90)
01-03 07:40:31.591 10045 10045 F art     : art/runtime/runtime.cc:366]   native: #09 pc 000b611f  /system/lib/libandroid_runtime.so (???)
01-03 07:40:31.591 10045 10045 F art     : art/runtime/runtime.cc:366]   native: #10 pc 000b6283  /system/lib/libandroid_runtime.so (???)
01-03 07:40:31.591 10045 10045 F art     : art/runtime/runtime.cc:366]   native: #11 pc 000b6df7  /system/lib/libandroid_runtime.so (???)
01-03 07:40:31.591 10045 10045 F art     : art/runtime/runtime.cc:366]   native: #12 pc 013c8cef  /data/dalvik-cache/arm/system@framework@boot.oat (Java_com_android_internal_os_Zygote_nativeForkSystemServer__II_3II_3_3IJJ+186)
01-03 07:40:31.591 10045 10045 F art     : art/runtime/runtime.cc:366]   at com.android.internal.os.Zygote.nativeForkSystemServer(Native method)
01-03 07:40:31.591 10045 10045 F art     : art/runtime/runtime.cc:366]   at com.android.internal.os.Zygote.forkSystemServer(Zygote.java:137)
01-03 07:40:31.591 10045 10045 F art     : art/runtime/runtime.cc:366]   at com.android.internal.os.ZygoteInit.startSystemServer(ZygoteInit.java:528)
01-03 07:40:31.591 10045 10045 F art     : art/runtime/runtime.cc:366]   at com.android.internal.os.ZygoteInit.main(ZygoteInit.java:608)
01-03 07:40:31.591 10045 10045 F art     : art/runtime/runtime.cc:366] 
01-03 07:40:31.591 10045 10045 F art     : art/runtime/runtime.cc:366] 
01-03 07:40:31.591 10045 10045 F libc    : Fatal signal 6 (SIGABRT), code -6 in tid 10045 (main)
01-03 07:40:31.595  1463  1463 I DEBUG   : property debug.db.uid not set; NOT waiting for gdb.
01-03 07:40:31.595  1463  1463 I DEBUG   : HINT: adb shell setprop debug.db.uid 100000
01-03 07:40:31.595  1463  1463 I DEBUG   : HINT: adb forward tcp:5039 tcp:5039
01-03 07:40:31.696  1463  1463 F DEBUG   : *** *** *** *** *** *** *** *** *** *** *** *** *** *** *** ***
01-03 07:40:31.696  1463  1463 F DEBUG   : LineageOS Version: '13.0-20170428-UNOFFICIAL-kyleprods'
01-03 07:40:31.696  1463  1463 F DEBUG   : Build fingerprint: 'unknown'
01-03 07:40:31.696  1463  1463 F DEBUG   : Revision: '0'
01-03 07:40:31.696  1463  1463 F DEBUG   : ABI: 'arm'
01-03 07:40:31.697  1463  1463 F DEBUG   : pid: 10045, tid: 10045, name: main  >>> zygote <<<
01-03 07:40:31.697  1463  1463 F DEBUG   : signal 6 (SIGABRT), code -6 (SI_TKILL), fault addr --------
01-03 07:40:31.714  1463  1463 F DEBUG   : Abort message: 'art/runtime/jni_internal.cc:497] JNI FatalError called: frameworks/base/core/jni/com_android_internal_os_Zygote.cpp:492: Unable to construct file descriptor table.'
01-03 07:40:31.714  1463  1463 F DEBUG   :     r0 00000000  r1 0000273d  r2 00000006  r3 00000000
01-03 07:40:31.714  1463  1463 F DEBUG   :     r4 400fdb88  r5 00000006  r6 400fdb38  r7 0000010c
01-03 07:40:31.714  1463  1463 F DEBUG   :     r8 4065c90d  r9 bef69141  sl bef6919c  fp 000003e8
01-03 07:40:31.714  1463  1463 F DEBUG   :     ip 00000002  sp bef69098  lr 403321b1  pc 40334914  cpsr 200f0010
01-03 07:40:31.733  1463  1463 F DEBUG   : 
01-03 07:40:31.733  1463  1463 F DEBUG   : backtrace:
01-03 07:40:31.733  1463  1463 F DEBUG   :     #00 pc 0004a914  /system/lib/libc.so (tgkill+12)
01-03 07:40:31.733  1463  1463 F DEBUG   :     #01 pc 000481ad  /system/lib/libc.so (pthread_kill+36)
01-03 07:40:31.733  1463  1463 F DEBUG   :     #02 pc 0001be9b  /system/lib/libc.so (raise+10)
01-03 07:40:31.734  1463  1463 F DEBUG   :     #03 pc 00018745  /system/lib/libc.so (__libc_android_abort+36)
01-03 07:40:31.734  1463  1463 F DEBUG   :     #04 pc 0001650c  /system/lib/libc.so (abort+4)
01-03 07:40:31.734  1463  1463 F DEBUG   :     #05 pc 0029f667  /system/lib/libart.so (_ZN3art7Runtime5AbortEv+274)
01-03 07:40:31.734  1463  1463 F DEBUG   :     #06 pc 0008f5f1  /system/lib/libart.so (_ZN3art10LogMessageD2Ev+872)
01-03 07:40:31.734  1463  1463 F DEBUG   :     #07 pc 001fab9f  /system/lib/libart.so (_ZN3art3JNI10FatalErrorEP7_JNIEnvPKc+90)
01-03 07:40:31.734  1463  1463 F DEBUG   :     #08 pc 000b611f  /system/lib/libandroid_runtime.so
01-03 07:40:31.734  1463  1463 F DEBUG   :     #09 pc 000b6283  /system/lib/libandroid_runtime.so
01-03 07:40:31.734  1463  1463 F DEBUG   :     #10 pc 000b6df7  /system/lib/libandroid_runtime.so
01-03 07:40:31.734  1463  1463 F DEBUG   :     #11 pc 731d6cef  /data/dalvik-cache/arm/system@framework@boot.oat (offset 0x21f7000)
01-03 07:40:31.911  1463  1463 F DEBUG   : 
01-03 07:40:31.911  1463  1463 F DEBUG   : Tombstone written to: /data/tombstones/tombstone_00
01-03 07:40:31.953  1449  1449 I ServiceManager: service 'media.audio_flinger' died
01-03 07:40:31.953  1449  1449 I ServiceManager: service 'media.player' died
01-03 07:40:31.954  1449  1449 I ServiceManager: service 'media.resource_manager' died
01-03 07:40:32.008  1450  1544 D hawaii.hwcomposer: FBDevice::vsync called 66 times
01-03 07:40:32.076  1450  1450 D hawaii.hwcomposer: FBDevice::post called 12 times [12 0 0 0 0 0 0 0]
01-03 07:40:33.002  1450  1544 D hawaii.hwcomposer: FBDevice::vsync called 66 times
01-03 07:40:33.069  1450  1450 D hawaii.hwcomposer: FBDevice::post called 12 times [12 0 0 0 0 0 0 0]
01-03 07:40:34.011  1450  1544 D hawaii.hwcomposer: FBDevice::vsync called 67 times
01-03 07:40:34.077  1450  1450 D hawaii.hwcomposer: FBDevice::post called 12 times [12 0 0 0 0 0 0 0]
01-03 07:40:34.263 10152 10152 D AndroidRuntime: >>>>>> START com.android.internal.os.ZygoteInit uid 0 <<<<<<
01-03 07:40:34.269 10152 10152 D AndroidRuntime: CheckJNI is OFF
01-03 07:40:34.270 10152 10152 I art     : option[0]=-Xzygote
01-03 07:40:34.270 10152 10152 I art     : option[1]=-Xstacktracefile:/data/anr/traces.txt
01-03 07:40:34.270 10152 10152 I art     : option[2]=exit
01-03 07:40:34.270 10152 10152 I art     : option[3]=vfprintf
01-03 07:40:34.270 10152 10152 I art     : option[4]=sensitiveThread
01-03 07:40:34.270 10152 10152 I art     : option[5]=-verbose:gc
01-03 07:40:34.270 10152 10152 I art     : option[6]=-Xms8m
01-03 07:40:34.270 10152 10152 I art     : option[7]=-Xmx256m
01-03 07:40:34.270 10152 10152 I art     : option[8]=-XX:HeapGrowthLimit=96m
01-03 07:40:34.270 10152 10152 I art     : option[9]=-XX:HeapMinFree=2m
01-03 07:40:34.270 10152 10152 I art     : option[10]=-XX:HeapMaxFree=8m
01-03 07:40:34.270 10152 10152 I art     : option[11]=-XX:HeapTargetUtilization=0.75
01-03 07:40:34.270 10152 10152 I art     : option[12]=-agentlib:jdwp=transport=dt_android_adb,suspend=n,server=y
01-03 07:40:34.270 10152 10152 I art     : option[13]=-Xlockprofthreshold:500
01-03 07:40:34.270 10152 10152 I art     : option[14]=-Ximage-compiler-option
01-03 07:40:34.270 10152 10152 I art     : option[15]=--runtime-arg
01-03 07:40:34.270 10152 10152 I art     : option[16]=-Ximage-compiler-option
01-03 07:40:34.270 10152 10152 I art     : option[17]=-Xms64m
01-03 07:40:34.270 10152 10152 I art     : option[18]=-Ximage-compiler-option
01-03 07:40:34.270 10152 10152 I art     : option[19]=--runtime-arg
01-03 07:40:34.270 10152 10152 I art     : option[20]=-Ximage-compiler-option
01-03 07:40:34.270 10152 10152 I art     : option[21]=-Xmx64m
01-03 07:40:34.270 10152 10152 I art     : option[22]=-Ximage-compiler-option
01-03 07:40:34.270 10152 10152 I art     : option[23]=--image-classes=/system/etc/preloaded-classes
01-03 07:40:34.270 10152 10152 I art     : option[24]=-Xcompiler-option
01-03 07:40:34.270 10152 10152 I art     : option[25]=--runtime-arg
01-03 07:40:34.270 10152 10152 I art     : option[26]=-Xcompiler-option
01-03 07:40:34.270 10152 10152 I art     : option[27]=-Xms64m
01-03 07:40:34.270 10152 10152 I art     : option[28]=-Xcompiler-option
01-03 07:40:34.270 10152 10152 I art     : option[29]=--runtime-arg
01-03 07:40:34.270 10152 10152 I art     : option[30]=-Xcompiler-option
01-03 07:40:34.270 10152 10152 I art     : option[31]=-Xmx512m
01-03 07:40:34.271 10152 10152 I art     : option[32]=-Ximage-compiler-option
01-03 07:40:34.271 10152 10152 I art     : option[33]=--instruction-set-variant=cortex-a9
01-03 07:40:34.271 10152 10152 I art     : option[34]=-Xcompiler-option
01-03 07:40:34.271 10152 10152 I art     : option[35]=--instruction-set-variant=cortex-a9
01-03 07:40:34.271 10152 10152 I art     : option[36]=-Ximage-compiler-option
01-03 07:40:34.271 10152 10152 I art     : option[37]=--instruction-set-features=default
01-03 07:40:34.271 10152 10152 I art     : option[38]=-Xcompiler-option
01-03 07:40:34.271 10152 10152 I art     : option[39]=--instruction-set-features=default
01-03 07:40:34.271 10152 10152 I art     : option[40]=-Duser.locale=zh-CN
01-03 07:40:34.271 10152 10152 I art     : option[41]=--cpu-abilist=armeabi-v7a,armeabi
01-03 07:40:34.276 10152 10152 W art     : Incomplete boot detected. Pruning dalvik cache
01-03 07:40:34.447 10153 10153 I Netd    : Netd 1.0 starting
01-03 07:40:34.447 10153 10153 I QtiConnectivityAdapter: Failed to open libconnctrl, some features may not be present.
01-03 07:40:34.447 10153 10153 D TetherController: Setting IP forward enable = 0
01-03 07:40:34.563 10152 10152 W art     : Invalid image header in '/data/dalvik-cache/arm/system@framework@boot.art'
01-03 07:40:34.563 10152 10152 I art     : Pruning dalvik-cache since we are generating an image and will need to recompile
01-03 07:40:34.563 10152 10152 I art     : Using an offset of 0xff643000 from default art base address of 0x70000000
01-03 07:40:34.563 10152 10152 I art     : GenerateImage: /system/bin/dex2oat --image=/data/dalvik-cache/arm/system@framework@boot.art --dex-file=/system/framework/core-libart.jar --dex-file=/system/framework/conscrypt.jar --dex-file=/system/framework/okhttp.jar --dex-file=/system/framework/core-junit.jar --dex-file=/system/framework/bouncycastle.jar --dex-file=/system/framework/ext.jar --dex-file=/system/framework/framework.jar --dex-file=/system/framework/telephony-common.jar --dex-file=/system/framework/voip-common.jar --dex-file=/system/framework/ims-common.jar --dex-file=/system/framework/apache-xml.jar --dex-file=/system/framework/org.apache.http.legacy.boot.jar --dex-file=/system/framework/flyme-framework.jar --dex-file=/system/framework/flyme-telephony-common.jar --oat-file=/data/dalvik-cache/arm/system@framework@boot.oat --instruction-set=arm --instruction-set-features=smp,-div,-atomic_ldrd_strd --base=0x6f643000 --runtime-arg -Xms64m --runtime-arg -Xmx64m --image-classes=/system/etc/preloaded-classes --instruction-set-variant=cortex-a9 --in
01-03 07:40:34.655 10159 10159 I dex2oat : Adjusted thread count (for runtime dex2oat): 2, 2
01-03 07:40:34.656 10159 10159 I dex2oat : /system/bin/dex2oat --image=/data/dalvik-cache/arm/system@framework@boot.art --dex-file=/system/framework/core-libart.jar --dex-file=/system/framework/conscrypt.jar --dex-file=/system/framework/okhttp.jar --dex-file=/system/framework/core-junit.jar --dex-file=/system/framework/bouncycastle.jar --dex-file=/system/framework/ext.jar --dex-file=/system/framework/framework.jar --dex-file=/system/framework/telephony-common.jar --dex-file=/system/framework/voip-common.jar --dex-file=/system/framework/ims-common.jar --dex-file=/system/framework/apache-xml.jar --dex-file=/system/framework/org.apache.http.legacy.boot.jar --dex-file=/system/framework/flyme-framework.jar --dex-file=/system/framework/flyme-telephony-common.jar --oat-file=/data/dalvik-cache/arm/system@framework@boot.oat --instruction-set=arm --instruction-set-features=smp,-div,-atomic_ldrd_strd --base=0x6f643000 --runtime-arg -Xms64m --runtime-arg -Xmx64m --image-classes=/system/etc/preloaded-classes --instruction-set-variant=cortex-a9 --instruction-set-f
01-03 07:40:34.658 10159 10159 I dex2oat : setting boot class path to /system/framework/core-libart.jar:/system/framework/conscrypt.jar:/system/framework/okhttp.jar:/system/framework/core-junit.jar:/system/framework/bouncycastle.jar:/system/framework/ext.jar:/system/framework/framework.jar:/system/framework/telephony-common.jar:/system/framework/voip-common.jar:/system/framework/ims-common.jar:/system/framework/apache-xml.jar:/system/framework/org.apache.http.legacy.boot.jar:/system/framework/flyme-framework.jar:/system/framework/flyme-telephony-common.jar
01-03 07:40:35.007  1450  1544 D hawaii.hwcomposer: FBDevice::vsync called 66 times
01-03 07:40:35.071  1450  1450 D hawaii.hwcomposer: FBDevice::post called 12 times [12 0 0 0 0 0 0 0]
01-03 07:40:35.100 10154 10154 V MediaUtils: physMem: 753459200
01-03 07:40:35.100 10154 10154 V MediaUtils: requested limit: 489748480
01-03 07:40:35.100 10154 10154 V MediaUtils: actual limit: 489748480
01-03 07:40:35.100 10154 10154 V MediaUtils: original limits: 4294967295/4294967295
01-03 07:40:35.100 10154 10154 V MediaUtils: new limits: 489748480/4294967295
01-03 07:40:35.101 10154 10154 I mediaserver: ServiceManager: 0x4128e120
01-03 07:40:35.101 10154 10154 I AudioFlinger: Using default 3000 mSec as standby time.
01-03 07:40:35.110 10154 10154 E BatteryNotifier: batterystats service unavailable!
01-03 07:40:35.110 10154 10154 E BatteryNotifier: batterystats service unavailable!
01-03 07:40:35.111 10154 10154 I CameraService: CameraService started (pid=10154)
01-03 07:40:35.111 10154 10154 I CameraService: CameraService process starting
01-03 07:40:35.111 10154 10154 E BatteryNotifier: batterystats service unavailable!
01-03 07:40:35.111 10154 10154 E BatteryNotifier: batterystats service unavailable!
01-03 07:40:35.137 10154 10154 D         : gHwMemAllocator client 1
01-03 07:40:35.137 10154 10154 D         : gHwMemAllocator client 2
01-03 07:40:35.152 10154 10154 I V4L2CameraDevice: checkSupportedCameras(): detected 2 v4l2 cameras
01-03 07:40:35.152 10154 10154 I CameraHAL: init_camera_info(): detected 2 v4l2 cameras
01-03 07:40:35.152 10154 10154 D V4L2CameraDevice: static int android::V4L2CameraDevice::checkOrientation(int)(), nOrientation=90
01-03 07:40:35.153 10154 10154 I CameraHAL: init_camera_info(): camera0 orientation=90 facing=0
01-03 07:40:35.153 10154 10154 D V4L2CameraDevice: static int android::V4L2CameraDevice::checkOrientation(int)(), nOrientation=270
01-03 07:40:35.154 10154 10154 I CameraHAL: init_camera_info(): camera1 orientation=270 facing=1
01-03 07:40:35.154 10154 10154 I CameraHAL: get_number_of_cameras(): reports 2 cameras
01-03 07:40:35.154 10154 10154 I CameraService: Loaded "Broadcom CameraHal Module" camera module
01-03 07:40:35.154 10154 10154 I CameraHAL: get_number_of_cameras(): reports 2 cameras
01-03 07:40:35.154 10154 10154 I CameraHAL: get_number_of_cameras(): reports 2 cameras
01-03 07:40:35.154 10154 10154 I CameraFlashlight: Opening camera 0
01-03 07:40:35.154 10154 10154 I CameraHAL: get_number_of_cameras(): reports 2 cameras
01-03 07:40:35.154 10154 10154 I CameraHAL: get_camera_info(): camera0 set to orient=90 facing=0
01-03 07:40:35.154 10154 10154 I CameraHAL: +device_open(module=0x42cfe060, name=0, device=0x412969c4)
01-03 07:40:35.154 10154 10154 I CameraHAL: get_number_of_cameras(): reports 2 cameras
01-03 07:40:35.154 10154 10154 D CameraHAL: cameraid=0 num_cameras=2
01-03 07:40:35.309 10154 10154 I V4L2CameraDevice: Name of input channel[0] is camdrv_ss
01-03 07:40:35.309 10154 10154 I V4L2CameraDevice: Initialize(): mReportedOrientation = 90, mCameraOrientation = 90
01-03 07:40:35.309 10154 10154 E V4L2CameraDevice: unsupported pixel format JPEG
01-03 07:40:35.309 10154 10154 I V4L2CameraDevice: Sensor does not support JPEG capture.
01-03 07:40:35.309 10154 10154 I V4L2CameraDevice: Initialize(): thumbnail not supported
01-03 07:40:35.309 10154 10154 I V4L2CameraDevice: Initialize(): successfully initialized /dev/video0 ...
01-03 07:40:35.309 10154 10154 D         : gHwMemAllocator client 3
01-03 07:40:35.310 10154 10154 I CameraHAL: initDefaultParameters(): camera device supports 640x480,1024x768,1280x960,176x144,288x352,320x240,352x288,640x360,640x384,720x480,800x480,1280x720 preview sizes
01-03 07:40:35.310 10154 10154 I V4L2CameraParameters: queryPictureSize(): checking if sensor supports jpeg capture
01-03 07:40:35.310 10154 10154 E V4L2CameraParameters: ISP UNKNOWN FORMAT
01-03 07:40:35.310 10154 10154 E V4L2CameraParameters: ISP UNKNOWN FORMAT
01-03 07:40:35.310 10154 10154 I V4L2CameraParameters: queryPictureSize(): jpeg capture not supported instead it will do raw capture
01-03 07:40:35.310 10154 10154 I CameraHAL: initDefaultParameters(): camera device supports 640x480,1024x768,1280x960,2560x1920,144x176,176x144,192x256,240x352,256x192,288x352,320x240,352x240,352x288,480x320,640x384,720x480,800x480,960x720,1280x720,1600x960,1600x1200,2048x1152,2048x1232,2560x1536,2048x1536 picture sizes
01-03 07:40:35.310 10154 10154 I CameraHAL: initDefaultParameters(): hardware thumbnail not supported, using software
01-03 07:40:35.310 10154 10154 I V4L2CameraParameters: ctrl:Framerate control supported
01-03 07:40:35.310 10154 10154 I CameraHAL: initDefaultParameters():camera device supports (5000,10000),(5000,15000),(16000,25000),(4000,30000),(16000,30000) frame range(default=4000,30000)
01-03 07:40:35.310 10154 10154 I V4L2CameraParameters: ctrl:Framerate control supported
01-03 07:40:35.310 10154 10154 I CameraHAL: initDefaultParameters():camera device supports 10,15,25,30 frame rates(default=30)
01-03 07:40:35.310 10154 10154 I V4L2CameraParameters: ctrl:Whilte Balance supported
01-03 07:40:35.310 10154 10154 I CameraHAL: initDefaultParameters(): camera device supports auto,cloudy-daylight,fluorescent,daylight,incandescent modes
01-03 07:40:35.310 10154 10154 I V4L2CameraParameters: ctrl:Brightness supported
01-03 07:40:35.310 10154 10154 I CameraHAL: initDefaultParameters(): camera device supports -4~4,1 exposure modes
01-03 07:40:35.310 10154 10154 I V4L2CameraParameters: ctrl:Color Effects supported and is currently set to 1, maximum=78
01-03 07:40:35.310 10154 10154 I CameraHAL: initDefaultParameters(): camera device supports none,mono,sepia,negative color effects
01-03 07:40:35.310 10154 10154 I V4L2CameraParameters: ctrl:Scene Mode supported and is currently set to 1, maximum=32766
01-03 07:40:35.311 10154 10154 I CameraHAL: initDefaultParameters(): camera device supports auto,portrait,night,back-light,landscape,sports,party,beach,snow,sunset,dusk-dawn,fall-color,fireworks,text,candlelight scene modes
01-03 07:40:35.311 10154 10154 I V4L2CameraParameters: ctrl:Anti Banding supported and is currently set to 1
01-03 07:40:35.311 10154 10154 I CameraHAL: initDefaultParameters(): camera device supports auto,50hz,60hz,off antibanding modes
01-03 07:40:35.311 10154 10154 I V4L2CameraParameters: ctrl:Focus supported
01-03 07:40:35.311 10154 10154 I CameraHAL: initDefaultParameters(): camera device supports auto,macro,infinity focus modes
01-03 07:40:35.311 10154 10154 I V4L2CameraParameters: ctrl:Flash supported
01-03 07:40:35.311 10154 10154 I CameraHAL: initDefaultParameters(): camera device supports off,auto,on,torch flash modes
01-03 07:40:35.311 10154 10154 I V4L2CameraParameters: queryZoomStages(): checking if sensor supports zoom
01-03 07:40:35.311 10154 10154 I V4L2CameraParameters: queryZoomStages(): checking if sensor supports zoom
01-03 07:40:35.311 10154 10154 I V4L2CameraParameters: ctrl:AEAWUNLOCK supported and defaultly currently set to 1
01-03 07:40:35.311 10154 10154 I V4L2CameraParameters: queryAEAWBLockUnLock: aelock_awblock supported
01-03 07:40:35.311 10154 10154 I CameraHAL: initDefaultParameters(): camera device supports AE/AWB lock
01-03 07:40:35.311 10154 10154 I V4L2CameraParameters: ctrl:Touchfocus areas supported and is currently set to 1
01-03 07:40:35.311 10154 10154 I V4L2CameraParameters: ctrl:ISO supported and is currently set to 1
01-03 07:40:35.311 10154 10154 I CameraHAL: initDefaultParameters(): camera device supports auto,50,100,200,400,800,1200,1600,2400,3200,sports,night,movie iso modes
01-03 07:40:35.311 10154 10154 I V4L2CameraParameters: ctrl:Metering supported and is currently set to 2
01-03 07:40:35.311 10154 10154 I CameraHAL: initDefaultParameters(): camera device supports matrix,center,spot metering modes
01-03 07:40:35.311 10154 10154 I V4L2CameraParameters: ctrl:WDR supported and is currently set to 1
01-03 07:40:35.311 10154 10154 I CameraHAL: initDefaultParameters(): camera device supports wdr mode
01-03 07:40:35.311 10154 10154 I CameraHAL: initDefaultParameters(): camera device doesnot support antishake mode
01-03 07:40:35.311 10154 10154 I CameraHAL: initDefaultParameters(): camera device doesnot support beauty shot
01-03 07:40:35.311 10154 10154 I CameraHAL: initDefaultParameters(): camera device doesnot support blur levels
01-03 07:40:35.311 10154 10154 I CameraHAL: initDefaultParameters(): camera device doesnot support firmware mode
01-03 07:40:35.311 10154 10154 I V4L2CameraParameters: ctrl:Check Dataline supported and is currently set to 0
01-03 07:40:35.311 10154 10154 I CameraHAL: initDefaultParameters(): camera device supports dtp mode
01-03 07:40:35.311 10154 10154 I V4L2CameraParameters: ctrl:Vtmode supported and is currently set to 1
01-03 07:40:35.312 10154 10154 I CameraHAL: initDefaultParameters(): camera device supports vt mode
01-03 07:40:35.312 10154 10154 I V4L2CameraParameters: ctrl:Cam mode supported and is currently set to 1
01-03 07:40:35.312 10154 10154 I CameraHAL: initDefaultParameters(): camera device supports movie mode
01-03 07:40:35.312 10154 10154 E CameraHAL: -device_open(rc=0)
01-03 07:40:35.313 10154 10154 I V4L2CameraDevice: setPreviewWindow(): current: 0x0 -> new: 0x412969d0
01-03 07:40:35.314 10154 10154 I CameraHAL: verifyParameters(KEY_EXPOSURE_COMPENSATION): 0
01-03 07:40:35.314 10154 10154 I CameraHAL: verifyParameters(): Foucs Area ---
01-03 07:40:35.314 10154 10154 I CameraHAL: verifyParameters(): max_focus_areas = 1
01-03 07:40:35.314 10154 10154 I CameraHAL: verifyParameters(): focus area=(0, 0, 1, 1, 1)
01-03 07:40:35.314 10154 10154 I CameraHAL: verifyParameters(): focus area passed !!
01-03 07:40:35.314 10154 10154 W CameraHAL: stopPreview(): camera device is not streaming
01-03 07:40:35.314 10154 10154 I V4L2CameraDevice: setPreviewWindow(): current: 0x412969d0 -> new: 0x0
01-03 07:40:35.314 10154 10154 I CameraFlashlight: Destroying camera 0
01-03 07:40:35.314 10154 10154 W BrcmAbstractCameraDevice: stopDeliveringFrames: Device is not started
01-03 07:40:35.314 10154 10154 E V4L2CameraDevice: ERR(int v4l2_streamoff(int)):VIDIOC_STREAMOFF failed
01-03 07:40:35.314 10154 10154 E V4L2CameraDevice: stopDeliveringFrames(): failed to stop streaming
01-03 07:40:35.314 10154 10154 W CameraHAL: closeCamera(): error while stoping streaming
01-03 07:40:35.314 10154 10154 W V4L2CameraDevice: stopDevice():camera device is not started.
01-03 07:40:35.314 10154 10154 I CameraHAL: +closeCamera and cancelAutoFocus()
01-03 07:40:35.314 10154 10154 I V4L2CameraParameters: Canceled auto focus success 
01-03 07:40:35.315 10154 10182 I CallbackNotifier: inNotifierThread(): Received exit command, exiting notifier thread
01-03 07:40:35.711 10154 10154 E CallbackNotifier: putMsg(): invalid thread control fd
01-03 07:40:35.711 10154 10154 E CallbackNotifier: stopThread(): failed to stop notifier thread
01-03 07:40:35.712 10154 10154 I CameraFlashlight: Opening camera 1
01-03 07:40:35.712 10154 10154 I CameraHAL: get_number_of_cameras(): reports 2 cameras
01-03 07:40:35.712 10154 10154 I CameraHAL: get_camera_info(): camera1 set to orient=270 facing=1
01-03 07:40:35.712 10154 10154 I CameraHAL: +device_open(module=0x42cfe060, name=1, device=0x41296a24)
01-03 07:40:35.712 10154 10154 I CameraHAL: get_number_of_cameras(): reports 2 cameras
01-03 07:40:35.712 10154 10154 D CameraHAL: cameraid=1 num_cameras=2
01-03 07:40:35.973 10154 10154 I V4L2CameraDevice: Name of input channel[0] is camdrv_ss_sub
01-03 07:40:35.974 10154 10154 I V4L2CameraDevice: Initialize(): mReportedOrientation = 270, mCameraOrientation = 270
01-03 07:40:35.974 10154 10154 E V4L2CameraDevice: unsupported pixel format JPEG
01-03 07:40:35.974 10154 10154 I V4L2CameraDevice: Sensor does not support JPEG capture.
01-03 07:40:35.974 10154 10154 I V4L2CameraDevice: Initialize(): thumbnail not supported
01-03 07:40:35.974 10154 10154 I V4L2CameraDevice: Initialize(): successfully initialized /dev/video1 ...
01-03 07:40:35.974 10154 10154 D         : gHwMemAllocator client 4
01-03 07:40:35.974 10154 10154 I CameraHAL: initDefaultParameters(): camera device supports 640x480,176x144,288x352,320x240,352x288,640x360,640x384 preview sizes
01-03 07:40:35.974 10154 10154 I V4L2CameraParameters: queryPictureSize(): checking if sensor supports jpeg capture
01-03 07:40:35.974 10154 10154 E V4L2CameraParameters: ISP UNKNOWN FORMAT
01-03 07:40:35.974 10154 10154 E V4L2CameraParameters: ISP UNKNOWN FORMAT
01-03 07:40:35.974 10154 10154 I V4L2CameraParameters: queryPictureSize(): jpeg capture not supported instead it will do raw capture
01-03 07:40:35.974 10154 10154 I CameraHAL: initDefaultParameters(): camera device supports 640x480,144x176,176x144,192x256,240x352,256x192,288x352,320x240,352x240,352x288,480x320,640x384 picture sizes
01-03 07:40:35.974 10154 10154 I CameraHAL: initDefaultParameters(): hardware thumbnail not supported, using software
01-03 07:40:35.974 10154 10154 I V4L2CameraParameters: ctrl:Framerate control supported
01-03 07:40:35.974 10154 10154 I CameraHAL: initDefaultParameters():camera device supports (5000,10000),(5000,15000),(16000,25000),(4000,30000),(16000,30000) frame range(default=4000,30000)
01-03 07:40:35.974 10154 10154 I V4L2CameraParameters: ctrl:Framerate control supported
01-03 07:40:35.974 10154 10154 I CameraHAL: initDefaultParameters():camera device supports 10,15,25,30 frame rates(default=30)
01-03 07:40:35.974 10154 10154 I V4L2CameraParameters: ctrl:Whilte Balance supported
01-03 07:40:35.974 10154 10154 I CameraHAL: initDefaultParameters(): camera device supports auto,cloudy-daylight,fluorescent,daylight,incandescent modes
01-03 07:40:35.974 10154 10154 I V4L2CameraParameters: ctrl:Brightness supported
01-03 07:40:35.974 10154 10154 I CameraHAL: initDefaultParameters(): camera device supports -4~4,1 exposure modes
01-03 07:40:35.974 10154 10154 I V4L2CameraParameters: ctrl:Color Effects supported and is currently set to 1, maximum=78
01-03 07:40:35.974 10154 10154 I CameraHAL: initDefaultParameters(): camera device supports none,mono,sepia,negative color effects
01-03 07:40:35.974 10154 10154 I V4L2CameraParameters: ctrl:Scene Mode supported and is currently set to 1, maximum=2
01-03 07:40:35.974 10154 10154 I CameraHAL: initDefaultParameters(): camera device supports auto scene modes
01-03 07:40:35.974 10154 10154 I V4L2CameraParameters: ctrl:Anti Banding supported and is currently set to 1
01-03 07:40:35.975 10154 10154 I CameraHAL: initDefaultParameters(): camera device supports auto,50hz,60hz,off antibanding modes
01-03 07:40:35.975 10154 10154 I V4L2CameraParameters: ctrl:Focus supported
01-03 07:40:35.975 10154 10154 I CameraHAL: initDefaultParameters(): camera device supports infinity focus modes
01-03 07:40:35.975 10154 10154 I V4L2CameraParameters: ctrl:Flash supported
01-03 07:40:35.975 10154 10154 I CameraHAL: initDefaultParameters(): camera device supports off flash modes
01-03 07:40:35.975 10154 10154 I V4L2CameraParameters: queryZoomStages(): checking if sensor supports zoom
01-03 07:40:35.975 10154 10154 I V4L2CameraParameters: queryZoomStages(): checking if sensor supports zoom
01-03 07:40:35.975 10154 10154 I CameraHAL: initDefaultParameters(): camera device doesnot support AE/AWB lock
01-03 07:40:35.975 10154 10154 I CameraHAL: initDefaultParameters(): camera device doesnot support iso
01-03 07:40:35.975 10154 10154 I V4L2CameraParameters: ctrl:Metering supported and is currently set to 2
01-03 07:40:35.975 10154 10154 I CameraHAL: initDefaultParameters(): camera device supports matrix,center,spot metering modes
01-03 07:40:35.975 10154 10154 I CameraHAL: initDefaultParameters(): camera device doesnot support wdr mode
01-03 07:40:35.975 10154 10154 I CameraHAL: initDefaultParameters(): camera device doesnot support antishake mode
01-03 07:40:35.975 10154 10154 I CameraHAL: initDefaultParameters(): camera device doesnot support beauty shot
01-03 07:40:35.975 10154 10154 I CameraHAL: initDefaultParameters(): camera device doesnot support blur levels
01-03 07:40:35.975 10154 10154 I CameraHAL: initDefaultParameters(): camera device doesnot support firmware mode
01-03 07:40:35.975 10154 10154 I CameraHAL: initDefaultParamters(): camera device doesnot support dtp mode
01-03 07:40:35.975 10154 10154 I V4L2CameraParameters: ctrl:Vtmode supported and is currently set to 1
01-03 07:40:35.975 10154 10154 I CameraHAL: initDefaultParameters(): camera device supports vt mode
01-03 07:40:35.975 10154 10154 I V4L2CameraParameters: ctrl:Cam mode supported and is currently set to 1
01-03 07:40:35.975 10154 10154 I CameraHAL: initDefaultParameters(): camera device supports movie mode
01-03 07:40:35.975 10154 10154 E CameraHAL: -device_open(rc=0)
01-03 07:40:35.976 10154 10154 I V4L2CameraDevice: setPreviewWindow(): current: 0x0 -> new: 0x41296a30
01-03 07:40:35.976 10154 10154 I CameraHAL: verifyParameters(KEY_EXPOSURE_COMPENSATION): 0
01-03 07:40:35.976 10154 10154 I CameraHAL: verifyParameters(): Foucs Area ---
01-03 07:40:35.976 10154 10154 I CameraHAL: verifyParameters(): max_focus_areas = 0
01-03 07:40:35.976 10154 10154 W CameraHAL: verifyParameters(KEY_FOCUS_AREAS):[WARNING]camera does not support focus areas(=0), ignore APP's focus areas(=(0,0,1,1,1)) here
01-03 07:40:35.976 10154 10154 W CameraHAL: stopPreview(): camera device is not streaming
01-03 07:40:35.977 10154 10154 I V4L2CameraDevice: setPreviewWindow(): current: 0x41296a30 -> new: 0x0
01-03 07:40:35.977 10154 10154 I CameraFlashlight: Destroying camera 1
01-03 07:40:35.977 10154 10154 W BrcmAbstractCameraDevice: stopDeliveringFrames: Device is not started
01-03 07:40:35.978 10154 10154 E V4L2CameraDevice: ERR(int v4l2_streamoff(int)):VIDIOC_STREAMOFF failed
01-03 07:40:35.978 10154 10154 E V4L2CameraDevice: stopDeliveringFrames(): failed to stop streaming
01-03 07:40:35.978 10154 10154 W CameraHAL: closeCamera(): error while stoping streaming
01-03 07:40:35.978 10154 10154 W V4L2CameraDevice: stopDevice():camera device is not started.
01-03 07:40:35.978 10154 10154 I CameraHAL: +closeCamera and cancelAutoFocus()
01-03 07:40:35.978 10154 10154 I V4L2CameraParameters: Canceled auto focus success 
01-03 07:40:35.978 10154 10207 I CallbackNotifier: inNotifierThread(): Received exit command, exiting notifier thread
01-03 07:40:36.004  1450  1544 D hawaii.hwcomposer: FBDevice::vsync called 66 times
01-03 07:40:36.079  1450  1450 D hawaii.hwcomposer: FBDevice::post called 12 times [12 0 0 0 0 0 0 0]
01-03 07:40:36.281 10154 10154 E CallbackNotifier: putMsg(): invalid thread control fd
01-03 07:40:36.281 10154 10154 E CallbackNotifier: stopThread(): failed to stop notifier thread
01-03 07:40:36.282 10154 10154 I CameraHAL: get_number_of_cameras(): reports 2 cameras
01-03 07:40:36.282 10154 10154 I CameraHAL: get_camera_info(): camera0 set to orient=90 facing=0
01-03 07:40:36.282 10154 10154 I CameraHAL: get_number_of_cameras(): reports 2 cameras
01-03 07:40:36.282 10154 10154 I CameraHAL: get_camera_info(): camera1 set to orient=270 facing=1
01-03 07:40:36.282 10154 10154 I ServiceManager: Waiting for service media.camera.proxy...
01-03 07:40:37.013  1450  1544 D hawaii.hwcomposer: FBDevice::vsync called 67 times
01-03 07:40:37.087  1450  1450 D hawaii.hwcomposer: FBDevice::post called 12 times [12 0 0 0 0 0 0 0]
01-03 07:40:37.283 10154 10154 I ServiceManager: Waiting for service media.camera.proxy...
01-03 07:40:38.004  1450  1450 D hawaii.hwcomposer: FBDevice::post called 11 times [11 0 0 0 0 0 0 0]
01-03 07:40:38.008  1450  1544 D hawaii.hwcomposer: FBDevice::vsync called 66 times
01-03 07:40:38.283 10154 10154 I ServiceManager: Waiting for service media.camera.proxy...
01-03 07:40:39.000  1450  1544 D hawaii.hwcomposer: FBDevice::vsync called 64 times
01-03 07:40:39.088  1450  1450 D hawaii.hwcomposer: FBDevice::post called 13 times [13 0 0 0 0 0 0 0]
01-03 07:40:39.283 10154 10154 I ServiceManager: Waiting for service media.camera.proxy...
01-03 07:40:39.290 10153 10153 V NatController: runCmd(/system/bin/iptables -w -F natctrl_FORWARD) res=0
01-03 07:40:39.320 10153 10153 V NatController: runCmd(/system/bin/iptables -w -A natctrl_FORWARD -j DROP) res=0
01-03 07:40:39.350 10153 10153 V NatController: runCmd(/system/bin/iptables -w -t nat -F natctrl_nat_POSTROUTING) res=0
01-03 07:40:39.380 10153 10153 V NatController: runCmd(/system/bin/iptables -w -F natctrl_tether_counters) res=0
01-03 07:40:39.408 10153 10153 V NatController: runCmd(/system/bin/iptables -w -X natctrl_tether_counters) res=0
01-03 07:40:39.430 10153 10153 V NatController: runCmd(/system/bin/iptables -w -N natctrl_tether_counters) res=0
01-03 07:40:39.460 10153 10153 V NatController: runCmd(/system/bin/iptables -w -t mangle -A natctrl_mangle_FORWARD -p tcp --tcp-flags SYN SYN -j TCPMSS --clamp-mss-to-pmtu) res=0
01-03 07:40:39.477 10159 10299 W dex2oat : Skipping class com.flyme.internal.R$anim from /system/framework/framework.jar:classes2.dex previously found in /system/framework/framework.jar
01-03 07:40:39.477 10159 10299 W dex2oat : Skipping class com.flyme.internal.R$animator from /system/framework/framework.jar:classes2.dex previously found in /system/framework/framework.jar
01-03 07:40:39.477 10159 10299 W dex2oat : Skipping class com.flyme.internal.R$array from /system/framework/framework.jar:classes2.dex previously found in /system/framework/framework.jar
01-03 07:40:39.477 10159 10299 W dex2oat : Skipping class com.flyme.internal.R$attr from /system/framework/framework.jar:classes2.dex previously found in /system/framework/framework.jar
01-03 07:40:39.477 10159 10299 W dex2oat : Skipping class com.flyme.internal.R$bool from /system/framework/framework.jar:classes2.dex previously found in /system/framework/framework.jar
01-03 07:40:39.477 10159 10299 W dex2oat : Skipping class com.flyme.internal.R$color from /system/framework/framework.jar:classes2.dex previously found in /system/framework/framework.jar
01-03 07:40:39.477 10159 10299 W dex2oat : Skipping class com.flyme.internal.R$dimen from /system/framework/framework.jar:classes2.dex previously found in /system/framework/framework.jar
01-03 07:40:39.477 10159 10299 W dex2oat : Skipping class com.flyme.internal.R$drawable from /system/framework/framework.jar:classes2.dex previously found in /system/framework/framework.jar
01-03 07:40:39.477 10159 10299 W dex2oat : Skipping class com.flyme.internal.R$fraction from /system/framework/framework.jar:classes2.dex previously found in /system/framework/framework.jar
01-03 07:40:39.477 10159 10299 W dex2oat : Skipping class com.flyme.internal.R$id from /system/framework/framework.jar:classes2.dex previously found in /system/framework/framework.jar
01-03 07:40:39.477 10159 10299 W dex2oat : Skipping class com.flyme.internal.R$integer from /system/framework/framework.jar:classes2.dex previously found in /system/framework/framework.jar
01-03 07:40:39.477 10159 10299 W dex2oat : Skipping class com.flyme.internal.R$interpolator from /system/framework/framework.jar:classes2.dex previously found in /system/framework/framework.jar
01-03 07:40:39.477 10159 10299 W dex2oat : Skipping class com.flyme.internal.R$layout from /system/framework/framework.jar:classes2.dex previously found in /system/framework/framework.jar
01-03 07:40:39.477 10159 10299 W dex2oat : Skipping class com.flyme.internal.R$menu from /system/framework/framework.jar:classes2.dex previously found in /system/framework/framework.jar
01-03 07:40:39.477 10159 10299 W dex2oat : Skipping class com.flyme.internal.R$raw from /system/framework/framework.jar:classes2.dex previously found in /system/framework/framework.jar
01-03 07:40:39.477 10159 10299 W dex2oat : Skipping class com.flyme.internal.R$string from /system/framework/framework.jar:classes2.dex previously found in /system/framework/framework.jar
01-03 07:40:39.477 10159 10299 W dex2oat : Skipping class com.flyme.internal.R$style from /system/framework/framework.jar:classes2.dex previously found in /system/framework/framework.jar
01-03 07:40:39.477 10159 10299 W dex2oat : Skipping class com.flyme.internal.R$styleable from /system/framework/framework.jar:classes2.dex previously found in /system/framework/framework.jar
01-03 07:40:39.477 10159 10299 W dex2oat : Skipping class com.flyme.internal.R$xml from /system/framework/framework.jar:classes2.dex previously found in /system/framework/framework.jar
01-03 07:40:39.477 10159 10299 W dex2oat : Skipping class com.flyme.internal.R from /system/framework/framework.jar:classes2.dex previously found in /system/framework/framework.jar
01-03 07:40:39.478 10159 10299 W dex2oat : Skipping class com.meizu.common.alphame.AlphaMe$1 from /system/framework/framework.jar:classes2.dex previously found in /system/framework/framework.jar
01-03 07:40:39.479 10159 10299 W dex2oat : Skipping class com.meizu.common.alphame.Receiver from /system/framework/framework.jar:classes2.dex previously found in /system/framework/framework.jar
01-03 07:40:39.479 10159 10299 W dex2oat : Skipping class com.meizu.common.alphame.AlphaMe$ActionReceiver from /system/framework/framework.jar:classes2.dex previously found in /system/framework/framework.jar
01-03 07:40:39.479 10159 10299 W dex2oat : Skipping class com.meizu.common.alphame.IAlphaMeClient from /system/framework/framework.jar:classes2.dex previously found in /system/framework/framework.jar
01-03 07:40:39.479 10159 10299 W dex2oat : Skipping class com.meizu.common.alphame.AlphaMeClientNative from /system/framework/framework.jar:classes2.dex previously found in /system/framework/framework.jar
01-03 07:40:39.479 10159 10299 W dex2oat : Skipping class com.meizu.common.alphame.AlphaMe$AlphaMeClient from /system/framework/framework.jar:classes2.dex previously found in /system/framework/framework.jar
01-03 07:40:39.479 10159 10299 W dex2oat : Skipping class com.meizu.common.alphame.AlphaMe$Instance from /system/framework/framework.jar:classes2.dex previously found in /system/framework/framework.jar
01-03 07:40:39.479 10159 10299 W dex2oat : Skipping class com.meizu.common.alphame.AlphaMe$ResultReceiver from /system/framework/framework.jar:classes2.dex previously found in /system/framework/framework.jar
01-03 07:40:39.479 10159 10299 W dex2oat : Skipping class com.meizu.common.alphame.AlphaMe$MyResultReceiver from /system/framework/framework.jar:classes2.dex previously found in /system/framework/framework.jar
01-03 07:40:39.479 10159 10299 W dex2oat : Skipping class com.meizu.common.alphame.AlphaMe$ServerDeathRecipient from /system/framework/framework.jar:classes2.dex previously found in /system/framework/framework.jar
01-03 07:40:39.479 10159 10299 W dex2oat : Skipping class com.meizu.common.alphame.AlphaMe from /system/framework/framework.jar:classes2.dex previously found in /system/framework/framework.jar
01-03 07:40:39.479 10159 10299 W dex2oat : Skipping class com.meizu.common.alphame.AlphaMeClientProxy from /system/framework/framework.jar:classes2.dex previously found in /system/framework/framework.jar
01-03 07:40:39.479 10159 10299 W dex2oat : Skipping class com.meizu.common.alphame.IAlphaMe from /system/framework/framework.jar:classes2.dex previously found in /system/framework/framework.jar
01-03 07:40:39.479 10159 10299 W dex2oat : Skipping class com.meizu.common.alphame.AlphaMeNative from /system/framework/framework.jar:classes2.dex previously found in /system/framework/framework.jar
01-03 07:40:39.479 10159 10299 W dex2oat : Skipping class com.meizu.common.alphame.AlphaMeProxy from /system/framework/framework.jar:classes2.dex previously found in /system/framework/framework.jar
01-03 07:40:39.479 10159 10299 W dex2oat : Skipping class com.meizu.common.alphame.Args$1 from /system/framework/framework.jar:classes2.dex previously found in /system/framework/framework.jar
01-03 07:40:39.479 10159 10299 W dex2oat : Skipping class com.meizu.common.alphame.Args from /system/framework/framework.jar:classes2.dex previously found in /system/framework/framework.jar
01-03 07:40:39.479 10159 10299 W dex2oat : Skipping class com.meizu.common.alphame.Consts from /system/framework/framework.jar:classes2.dex previously found in /system/framework/framework.jar
01-03 07:40:39.479 10159 10299 W dex2oat : Skipping class com.meizu.common.alphame.ServiceManager from /system/framework/framework.jar:classes2.dex previously found in /system/framework/framework.jar
01-03 07:40:39.479 10159 10299 W dex2oat : Skipping class com.meizu.storage.DiskInfo$1 from /system/framework/framework.jar:classes2.dex previously found in /system/framework/framework.jar
01-03 07:40:39.479 10159 10299 W dex2oat : Skipping class com.meizu.storage.DiskInfo from /system/framework/framework.jar:classes2.dex previously found in /system/framework/framework.jar
01-03 07:40:39.479 10159 10299 W dex2oat : Skipping class com.meizu.transition.PositionScaleTransition$ScaleXAnimation from /system/framework/framework.jar:classes2.dex previously found in /system/framework/framework.jar
01-03 07:40:39.479 10159 10299 W dex2oat : Skipping class com.meizu.transition.PositionScaleTransition$ScaleYAnimation from /system/framework/framework.jar:classes2.dex previously found in /system/framework/framework.jar
01-03 07:40:39.479 10159 10299 W dex2oat : Skipping class com.meizu.transition.PositionScaleTransition from /system/framework/framework.jar:classes2.dex previously found in /system/framework/framework.jar
01-03 07:40:39.479 10159 10299 W dex2oat : Skipping class com.meizu.util.AlphabetUtils from /system/framework/framework.jar:classes2.dex previously found in /system/framework/framework.jar
01-03 07:40:39.479 10159 10299 W dex2oat : Skipping class com.meizu.util.AppDisplayNameComparator from /system/framework/framework.jar:classes2.dex previously found in /system/framework/framework.jar
01-03 07:40:39.479 10159 10299 W dex2oat : Skipping class com.meizu.util.InternalResUtils from /system/framework/framework.jar:classes2.dex previously found in /system/framework/framework.jar
01-03 07:40:39.479 10159 10299 W dex2oat : Skipping class com.meizu.util.StrokeDrawableUtils$StrokeLruCache$1 from /system/framework/framework.jar:classes2.dex previously found in /system/framework/framework.jar
01-03 07:40:39.482 10159 10159 W dex2oat : Skipping class com.meizu.util.StrokeDrawableUtils from /system/framework/framework.jar:classes2.dex previously found in /system/framework/framework.jar
01-03 07:40:39.482 10159 10159 W dex2oat : Skipping class com.meizu.util.ToastUtils from /system/framework/framework.jar:classes2.dex previously found in /system/framework/framework.jar
01-03 07:40:39.482 10159 10159 W dex2oat : Skipping class com.meizu.widget.CheckBoxAnimHook$1 from /system/framework/framework.jar:classes2.dex previously found in /system/framework/framework.jar
01-03 07:40:39.482 10159 10159 W dex2oat : Skipping class com.meizu.widget.CheckBoxAnimHook$2 from /system/framework/framework.jar:classes2.dex previously found in /system/framework/framework.jar
01-03 07:40:39.482 10159 10159 W dex2oat : Skipping class com.meizu.widget.CheckBoxAnimHook from /system/framework/framework.jar:classes2.dex previously found in /system/framework/framework.jar
01-03 07:40:39.482 10159 10159 W dex2oat : Skipping class com.meizu.widget.CircleProgressBar from /system/framework/framework.jar:classes2.dex previously found in /system/framework/framework.jar
01-03 07:40:39.482 10159 10159 W dex2oat : Skipping class com.meizu.widget.DragGridView$1 from /system/framework/framework.jar:classes2.dex previously found in /system/framework/framework.jar
01-03 07:40:39.482 10159 10159 W dex2oat : Skipping class com.meizu.widget.DragGridView$InnerListenerImpl from /system/framework/framework.jar:classes2.dex previously found in /system/framework/framework.jar
01-03 07:40:39.482 10159 10159 W dex2oat : Skipping class com.meizu.widget.DragGridView$InnerShadowBuilder from /system/framework/framework.jar:classes2.dex previously found in /system/framework/framework.jar
01-03 07:40:39.482 10159 10159 W dex2oat : Skipping class com.meizu.widget.DragGridView$ItemDragShadowGetter from /system/framework/framework.jar:classes2.dex previously found in /system/framework/framework.jar
01-03 07:40:39.482 10159 10159 W dex2oat : Skipping class com.meizu.widget.DragGridView$MoveBackwardAnimator$1 from /system/framework/framework.jar:classes2.dex previously found in /system/framework/framework.jar
01-03 07:40:39.482 10159 10159 W dex2oat : Skipping class com.meizu.widget.DragGridView$MoveBackwardAnimator from /system/framework/framework.jar:classes2.dex previously found in /system/framework/framework.jar
01-03 07:40:39.482 10159 10159 W dex2oat : Skipping class com.meizu.widget.DragGridView$MoveForwardAnimator$1 from /system/framework/framework.jar:classes2.dex previously found in /system/framework/framework.jar
01-03 07:40:39.482 10159 10159 W dex2oat : Skipping class com.meizu.widget.DragGridView$MoveForwardAnimator from /system/framework/framework.jar:classes2.dex previously found in /system/framework/framework.jar
01-03 07:40:39.482 10159 10159 W dex2oat : Skipping class com.meizu.widget.DragGridView$OnItemClickListener from /system/framework/framework.jar:classes2.dex previously found in /system/framework/framework.jar
01-03 07:40:39.482 10159 10159 W dex2oat : Skipping class com.meizu.widget.DragGridView$OnItemPositionChangeListener from /system/framework/framework.jar:classes2.dex previously found in /system/framework/framework.jar
01-03 07:40:39.483 10159 10159 W dex2oat : Skipping class com.meizu.widget.DragGridView from /system/framework/framework.jar:classes2.dex previously found in /system/framework/framework.jar
01-03 07:40:39.483 10159 10159 W dex2oat : Skipping class com.meizu.widget.DragSortController$1 from /system/framework/framework.jar:classes2.dex previously found in /system/framework/framework.jar
01-03 07:40:39.483 10159 10159 W dex2oat : Skipping class com.meizu.widget.DragSortListView$FloatViewManager from /system/framework/framework.jar:classes2.dex previously found in /system/framework/framework.jar
01-03 07:40:39.483 10159 10159 W dex2oat : Skipping class com.meizu.widget.SimpleFloatViewManager from /system/framework/framework.jar:classes2.dex previously found in /system/framework/framework.jar
01-03 07:40:39.483 10159 10159 W dex2oat : Skipping class com.meizu.widget.DragSortController from /system/framework/framework.jar:classes2.dex previously found in /system/framework/framework.jar
01-03 07:40:39.483 10159 10159 W dex2oat : Skipping class com.meizu.widget.DragSortItemView from /system/framework/framework.jar:classes2.dex previously found in /system/framework/framework.jar
01-03 07:40:39.483 10159 10159 W dex2oat : Skipping class com.meizu.widget.DragSortItemViewCheckable from /system/framework/framework.jar:classes2.dex previously found in /system/framework/framework.jar
01-03 07:40:39.483 10159 10159 W dex2oat : Skipping class com.meizu.widget.DragSortListView$DragScrollProfile from /system/framework/framework.jar:classes2.dex previously found in /system/framework/framework.jar
