01-03 07:37:37.144  7923  7979 I chatty  : uid=1013(media) /system/bin/mediaserver expire 1 line
01-03 07:37:38.012  1450  1544 D hawaii.hwcomposer: FBDevice::vsync called 67 times
01-03 07:37:38.059  1450  1450 D hawaii.hwcomposer: FBDevice::post called 12 times [12 0 0 0 0 0 0 0]
01-03 07:37:38.178  8031  8031 D idmap   : error: no read access to /vendor/overlay: No such file or directory
01-03 07:37:38.753  7924  7989 I chatty  : uid=0(root) expire 1 line
01-03 07:37:38.869  7924  7924 F libc    : Fatal signal 6 (SIGABRT), code -6 in tid 7924 (main)
01-03 07:37:38.974  1463  1463 F DEBUG   : *** *** *** *** *** *** *** *** *** *** *** *** *** *** *** ***
01-03 07:37:38.974  1463  1463 F DEBUG   : LineageOS Version: '13.0-20170428-UNOFFICIAL-kyleprods'
01-03 07:37:38.974  1463  1463 F DEBUG   : Build fingerprint: 'unknown'
01-03 07:37:38.974  1463  1463 F DEBUG   : Revision: '0'
01-03 07:37:38.974  1463  1463 F DEBUG   : ABI: 'arm'
01-03 07:37:38.975  1463  1463 F DEBUG   : pid: 7924, tid: 7924, name: main  >>> zygote <<<
01-03 07:37:38.975  1463  1463 F DEBUG   : signal 6 (SIGABRT), code -6 (SI_TKILL), fault addr --------
01-03 07:37:38.995  1463  1463 F DEBUG   : Abort message: 'art/runtime/jni_internal.cc:497] JNI FatalError called: frameworks/base/core/jni/com_android_internal_os_Zygote.cpp:492: Unable to construct file descriptor table.'
01-03 07:37:38.995  1463  1463 F DEBUG   :     r0 00000000  r1 00001ef4  r2 00000006  r3 00000000
01-03 07:37:38.995  1463  1463 F DEBUG   :     r4 400b7b88  r5 00000006  r6 400b7b38  r7 0000010c
01-03 07:37:38.995  1463  1463 F DEBUG   :     r8 40a0090d  r9 bef7b141  sl bef7b19c  fp 000003e8
01-03 07:37:38.995  1463  1463 F DEBUG   :     ip 00000002  sp bef7b098  lr 402ed1b1  pc 402ef914  cpsr 200f0010
01-03 07:37:39.008  1450  1544 D hawaii.hwcomposer: FBDevice::vsync called 66 times
01-03 07:37:39.013  1463  1463 F DEBUG   : 
01-03 07:37:39.013  1463  1463 F DEBUG   : backtrace:
01-03 07:37:39.014  1463  1463 F DEBUG   :     #00 pc 0004a914  /system/lib/libc.so (tgkill+12)
01-03 07:37:39.014  1463  1463 F DEBUG   :     #01 pc 000481ad  /system/lib/libc.so (pthread_kill+36)
01-03 07:37:39.014  1463  1463 F DEBUG   :     #02 pc 0001be9b  /system/lib/libc.so (raise+10)
01-03 07:37:39.014  1463  1463 F DEBUG   :     #03 pc 00018745  /system/lib/libc.so (__libc_android_abort+36)
01-03 07:37:39.014  1463  1463 F DEBUG   :     #04 pc 0001650c  /system/lib/libc.so (abort+4)
01-03 07:37:39.014  1463  1463 F DEBUG   :     #05 pc 0029f667  /system/lib/libart.so (_ZN3art7Runtime5AbortEv+274)
01-03 07:37:39.014  1463  1463 F DEBUG   :     #06 pc 0008f5f1  /system/lib/libart.so (_ZN3art10LogMessageD2Ev+872)
01-03 07:37:39.014  1463  1463 F DEBUG   :     #07 pc 001fab9f  /system/lib/libart.so (_ZN3art3JNI10FatalErrorEP7_JNIEnvPKc+90)
01-03 07:37:39.014  1463  1463 F DEBUG   :     #08 pc 000b611f  /system/lib/libandroid_runtime.so
01-03 07:37:39.014  1463  1463 F DEBUG   :     #09 pc 000b6283  /system/lib/libandroid_runtime.so
01-03 07:37:39.014  1463  1463 F DEBUG   :     #10 pc 000b6df7  /system/lib/libandroid_runtime.so
01-03 07:37:39.014  1463  1463 F DEBUG   :     #11 pc 745d0cef  /data/dalvik-cache/arm/system@framework@boot.oat (offset 0x21f7000)
01-03 07:37:39.068  1450  1450 D hawaii.hwcomposer: FBDevice::post called 12 times [12 0 0 0 0 0 0 0]
01-03 07:37:39.190  1463  1463 F DEBUG   : 
01-03 07:37:39.190  1463  1463 F DEBUG   : Tombstone written to: /data/tombstones/tombstone_04
01-03 07:37:39.225  1449  1449 I ServiceManager: service 'media.audio_flinger' died
01-03 07:37:39.225  1449  1449 I ServiceManager: service 'media.player' died
01-03 07:37:39.225  1449  1449 I ServiceManager: service 'media.resource_manager' died
01-03 07:37:40.008  1450  1544 D hawaii.hwcomposer: FBDevice::vsync called 66 times
01-03 07:37:40.061  1450  1450 D hawaii.hwcomposer: FBDevice::post called 12 times [12 0 0 0 0 0 0 0]
01-03 07:37:40.466  8076  8076 I chatty  : uid=0(root) /system/bin/netd expire 3 lines
01-03 07:37:40.777  8077  8077 I chatty  : uid=1013(media) /system/bin/mediaserver expire 183 lines
01-03 07:37:40.955  8077  8085 I chatty  : uid=1013(media) /system/bin/mediaserver expire 1 line
01-03 07:37:41.003  1450  1544 D hawaii.hwcomposer: FBDevice::vsync called 66 times
01-03 07:37:41.056  1450  1450 D hawaii.hwcomposer: FBDevice::post called 12 times [12 0 0 0 0 0 0 0]
01-03 07:37:41.636  8077  8106 I chatty  : uid=1013(media) /system/bin/mediaserver expire 1 line
01-03 07:37:41.824  8078  8078 I chatty  : uid=0(root) expire 143 lines
01-03 07:37:42.012  1450  1544 D hawaii.hwcomposer: FBDevice::vsync called 67 times
01-03 07:37:42.064  1450  1450 D hawaii.hwcomposer: FBDevice::post called 12 times [12 0 0 0 0 0 0 0]
01-03 07:37:43.007  1450  1544 D hawaii.hwcomposer: FBDevice::vsync called 66 times
01-03 07:37:43.013  8170  8170 D idmap   : error: no read access to /vendor/overlay: No such file or directory
01-03 07:37:43.058  1450  1450 D hawaii.hwcomposer: FBDevice::post called 12 times [12 0 0 0 0 0 0 0]
01-03 07:37:43.588  8078  8132 I chatty  : uid=0(root) expire 1 line
01-03 07:37:43.704  8078  8078 F libc    : Fatal signal 6 (SIGABRT), code -6 in tid 8078 (main)
01-03 07:37:43.809  1463  1463 F DEBUG   : *** *** *** *** *** *** *** *** *** *** *** *** *** *** *** ***
01-03 07:37:43.809  1463  1463 F DEBUG   : LineageOS Version: '13.0-20170428-UNOFFICIAL-kyleprods'
01-03 07:37:43.809  1463  1463 F DEBUG   : Build fingerprint: 'unknown'
01-03 07:37:43.809  1463  1463 F DEBUG   : Revision: '0'
01-03 07:37:43.809  1463  1463 F DEBUG   : ABI: 'arm'
01-03 07:37:43.809  1463  1463 F DEBUG   : pid: 8078, tid: 8078, name: main  >>> zygote <<<
01-03 07:37:43.810  1463  1463 F DEBUG   : signal 6 (SIGABRT), code -6 (SI_TKILL), fault addr --------
01-03 07:37:43.827  1463  1463 F DEBUG   : Abort message: 'art/runtime/jni_internal.cc:497] JNI FatalError called: frameworks/base/core/jni/com_android_internal_os_Zygote.cpp:492: Unable to construct file descriptor table.'
01-03 07:37:43.827  1463  1463 F DEBUG   :     r0 00000000  r1 00001f8e  r2 00000006  r3 00000000
01-03 07:37:43.827  1463  1463 F DEBUG   :     r4 4019cb88  r5 00000006  r6 4019cb38  r7 0000010c
01-03 07:37:43.827  1463  1463 F DEBUG   :     r8 40b5e90d  r9 bebb8141  sl bebb819c  fp 000003e8
01-03 07:37:43.827  1463  1463 F DEBUG   :     ip 00000002  sp bebb8098  lr 4011b1b1  pc 4011d914  cpsr 200f0010
01-03 07:37:43.846  1463  1463 F DEBUG   : 
01-03 07:37:43.846  1463  1463 F DEBUG   : backtrace:
01-03 07:37:43.846  1463  1463 F DEBUG   :     #00 pc 0004a914  /system/lib/libc.so (tgkill+12)
01-03 07:37:43.846  1463  1463 F DEBUG   :     #01 pc 000481ad  /system/lib/libc.so (pthread_kill+36)
01-03 07:37:43.846  1463  1463 F DEBUG   :     #02 pc 0001be9b  /system/lib/libc.so (raise+10)
01-03 07:37:43.846  1463  1463 F DEBUG   :     #03 pc 00018745  /system/lib/libc.so (__libc_android_abort+36)
01-03 07:37:43.846  1463  1463 F DEBUG   :     #04 pc 0001650c  /system/lib/libc.so (abort+4)
01-03 07:37:43.846  1463  1463 F DEBUG   :     #05 pc 0029f667  /system/lib/libart.so (_ZN3art7Runtime5AbortEv+274)
01-03 07:37:43.847  1463  1463 F DEBUG   :     #06 pc 0008f5f1  /system/lib/libart.so (_ZN3art10LogMessageD2Ev+872)
01-03 07:37:43.847  1463  1463 F DEBUG   :     #07 pc 001fab9f  /system/lib/libart.so (_ZN3art3JNI10FatalErrorEP7_JNIEnvPKc+90)
01-03 07:37:43.847  1463  1463 F DEBUG   :     #08 pc 000b611f  /system/lib/libandroid_runtime.so
01-03 07:37:43.847  1463  1463 F DEBUG   :     #09 pc 000b6283  /system/lib/libandroid_runtime.so
01-03 07:37:43.847  1463  1463 F DEBUG   :     #10 pc 000b6df7  /system/lib/libandroid_runtime.so
01-03 07:37:43.847  1463  1463 F DEBUG   :     #11 pc 745d0cef  /data/dalvik-cache/arm/system@framework@boot.oat (offset 0x21f7000)
01-03 07:37:44.008  1450  1544 D hawaii.hwcomposer: FBDevice::vsync called 66 times
01-03 07:37:44.038  1463  1463 F DEBUG   : 
01-03 07:37:44.038  1463  1463 F DEBUG   : Tombstone written to: /data/tombstones/tombstone_05
01-03 07:37:44.068  1450  1450 D hawaii.hwcomposer: FBDevice::post called 12 times [12 0 0 0 0 0 0 0]
01-03 07:37:44.095  1449  1449 I ServiceManager: service 'media.audio_flinger' died
01-03 07:37:44.095  1449  1449 I ServiceManager: service 'media.player' died
01-03 07:37:44.095  1449  1449 I ServiceManager: service 'media.resource_manager' died
01-03 07:37:45.014  1450  1544 D hawaii.hwcomposer: FBDevice::vsync called 66 times
01-03 07:37:45.061  1450  1450 D hawaii.hwcomposer: FBDevice::post called 12 times [12 0 0 0 0 0 0 0]
01-03 07:37:45.494  8217  8217 I chatty  : uid=0(root) /system/bin/netd expire 3 lines
01-03 07:37:45.795  8218  8218 I chatty  : uid=1013(media) /system/bin/mediaserver expire 183 lines
01-03 07:37:45.967  8218  8225 I chatty  : uid=1013(media) /system/bin/mediaserver expire 1 line
01-03 07:37:46.010  1450  1544 D hawaii.hwcomposer: FBDevice::vsync called 66 times
01-03 07:37:46.071  1450  1450 D hawaii.hwcomposer: FBDevice::post called 12 times [12 0 0 0 0 0 0 0]
01-03 07:37:46.651  8218  8247 I chatty  : uid=1013(media) /system/bin/mediaserver expire 1 line
01-03 07:37:46.807  8219  8219 I chatty  : uid=0(root) expire 143 lines
01-03 07:37:47.009  1450  1544 D hawaii.hwcomposer: FBDevice::vsync called 66 times
01-03 07:37:47.065  1450  1450 D hawaii.hwcomposer: FBDevice::post called 12 times [12 0 0 0 0 0 0 0]
01-03 07:37:47.975  8312  8312 D idmap   : error: no read access to /vendor/overlay: No such file or directory
01-03 07:37:48.004  1450  1544 D hawaii.hwcomposer: FBDevice::vsync called 66 times
01-03 07:37:48.074  1450  1450 D hawaii.hwcomposer: FBDevice::post called 12 times [12 0 0 0 0 0 0 0]
01-03 07:37:48.541  8219  8272 I chatty  : uid=0(root) expire 1 line
01-03 07:37:48.664  8219  8219 F libc    : Fatal signal 6 (SIGABRT), code -6 in tid 8219 (main)
01-03 07:37:48.768  1463  1463 F DEBUG   : *** *** *** *** *** *** *** *** *** *** *** *** *** *** *** ***
01-03 07:37:48.768  1463  1463 F DEBUG   : LineageOS Version: '13.0-20170428-UNOFFICIAL-kyleprods'
01-03 07:37:48.768  1463  1463 F DEBUG   : Build fingerprint: 'unknown'
01-03 07:37:48.768  1463  1463 F DEBUG   : Revision: '0'
01-03 07:37:48.768  1463  1463 F DEBUG   : ABI: 'arm'
01-03 07:37:48.768  1463  1463 F DEBUG   : pid: 8219, tid: 8219, name: main  >>> zygote <<<
01-03 07:37:48.768  1463  1463 F DEBUG   : signal 6 (SIGABRT), code -6 (SI_TKILL), fault addr --------
01-03 07:37:48.785  1463  1463 F DEBUG   : Abort message: 'art/runtime/jni_internal.cc:497] JNI FatalError called: frameworks/base/core/jni/com_android_internal_os_Zygote.cpp:492: Unable to construct file descriptor table.'
01-03 07:37:48.785  1463  1463 F DEBUG   :     r0 00000000  r1 0000201b  r2 00000006  r3 00000000
01-03 07:37:48.785  1463  1463 F DEBUG   :     r4 400f4b88  r5 00000006  r6 400f4b38  r7 0000010c
01-03 07:37:48.785  1463  1463 F DEBUG   :     r8 406c590d  r9 bec56141  sl bec5619c  fp 000003e8
01-03 07:37:48.785  1463  1463 F DEBUG   :     ip 00000002  sp bec56098  lr 407991b1  pc 4079b914  cpsr 200f0010
01-03 07:37:48.804  1463  1463 F DEBUG   : 
01-03 07:37:48.804  1463  1463 F DEBUG   : backtrace:
01-03 07:37:48.804  1463  1463 F DEBUG   :     #00 pc 0004a914  /system/lib/libc.so (tgkill+12)
01-03 07:37:48.804  1463  1463 F DEBUG   :     #01 pc 000481ad  /system/lib/libc.so (pthread_kill+36)
01-03 07:37:48.804  1463  1463 F DEBUG   :     #02 pc 0001be9b  /system/lib/libc.so (raise+10)
01-03 07:37:48.804  1463  1463 F DEBUG   :     #03 pc 00018745  /system/lib/libc.so (__libc_android_abort+36)
01-03 07:37:48.804  1463  1463 F DEBUG   :     #04 pc 0001650c  /system/lib/libc.so (abort+4)
01-03 07:37:48.804  1463  1463 F DEBUG   :     #05 pc 0029f667  /system/lib/libart.so (_ZN3art7Runtime5AbortEv+274)
01-03 07:37:48.804  1463  1463 F DEBUG   :     #06 pc 0008f5f1  /system/lib/libart.so (_ZN3art10LogMessageD2Ev+872)
01-03 07:37:48.804  1463  1463 F DEBUG   :     #07 pc 001fab9f  /system/lib/libart.so (_ZN3art3JNI10FatalErrorEP7_JNIEnvPKc+90)
01-03 07:37:48.804  1463  1463 F DEBUG   :     #08 pc 000b611f  /system/lib/libandroid_runtime.so
01-03 07:37:48.804  1463  1463 F DEBUG   :     #09 pc 000b6283  /system/lib/libandroid_runtime.so
01-03 07:37:48.804  1463  1463 F DEBUG   :     #10 pc 000b6df7  /system/lib/libandroid_runtime.so
01-03 07:37:48.804  1463  1463 F DEBUG   :     #11 pc 745d0cef  /data/dalvik-cache/arm/system@framework@boot.oat (offset 0x21f7000)
01-03 07:37:48.995  1463  1463 F DEBUG   : 
01-03 07:37:48.995  1463  1463 F DEBUG   : Tombstone written to: /data/tombstones/tombstone_06
01-03 07:37:49.014  1450  1544 D hawaii.hwcomposer: FBDevice::vsync called 67 times
01-03 07:37:49.055  1449  1449 I ServiceManager: service 'media.audio_flinger' died
01-03 07:37:49.055  1449  1449 I ServiceManager: service 'media.player' died
01-03 07:37:49.055  1449  1449 I ServiceManager: service 'media.resource_manager' died
01-03 07:37:49.068  1450  1450 D hawaii.hwcomposer: FBDevice::post called 12 times [12 0 0 0 0 0 0 0]
01-03 07:37:50.008  1450  1544 D hawaii.hwcomposer: FBDevice::vsync called 66 times
01-03 07:37:50.076  1450  1450 D hawaii.hwcomposer: FBDevice::post called 12 times [12 0 0 0 0 0 0 0]
01-03 07:37:50.449  8360  8360 I chatty  : uid=0(root) /system/bin/netd expire 3 lines
01-03 07:37:51.002  1450  1544 D hawaii.hwcomposer: FBDevice::vsync called 66 times
01-03 07:37:51.071  1450  1450 D hawaii.hwcomposer: FBDevice::post called 12 times [12 0 0 0 0 0 0 0]
01-03 07:37:51.249  8361  8361 I chatty  : uid=1013(media) /system/bin/mediaserver expire 182 lines
01-03 07:37:51.465  8361  8398 I chatty  : uid=1013(media) /system/bin/mediaserver expire 1 line
01-03 07:37:52.010  8362  8362 I chatty  : uid=0(root) expire 143 lines
01-03 07:37:52.012  1450  1544 D hawaii.hwcomposer: FBDevice::vsync called 67 times
01-03 07:37:52.080  1450  1450 D hawaii.hwcomposer: FBDevice::post called 12 times [12 0 0 0 0 0 0 0]
01-03 07:37:52.154  8361  8422 I chatty  : uid=1013(media) /system/bin/mediaserver expire 1 line
01-03 07:37:53.007  1450  1544 D hawaii.hwcomposer: FBDevice::vsync called 66 times
01-03 07:37:53.074  1450  1450 D hawaii.hwcomposer: FBDevice::post called 12 times [12 0 0 0 0 0 0 0]
01-03 07:37:53.268  8478  8478 D idmap   : error: no read access to /vendor/overlay: No such file or directory
01-03 07:37:53.849  8362  8435 I chatty  : uid=0(root) expire 1 line
01-03 07:37:53.965  8362  8362 F libc    : Fatal signal 6 (SIGABRT), code -6 in tid 8362 (main)
01-03 07:37:53.968  1463  1463 I chatty  : uid=0(root) /system/bin/debuggerd expire 12 lines
01-03 07:37:54.006  1450  1544 D hawaii.hwcomposer: FBDevice::vsync called 66 times
01-03 07:37:54.069  1463  1463 F DEBUG   : *** *** *** *** *** *** *** *** *** *** *** *** *** *** *** ***
01-03 07:37:54.069  1463  1463 F DEBUG   : LineageOS Version: '13.0-20170428-UNOFFICIAL-kyleprods'
01-03 07:37:54.069  1463  1463 F DEBUG   : Build fingerprint: 'unknown'
01-03 07:37:54.069  1463  1463 F DEBUG   : Revision: '0'
01-03 07:37:54.070  1463  1463 F DEBUG   : ABI: 'arm'
01-03 07:37:54.070  1463  1463 F DEBUG   : pid: 8362, tid: 8362, name: main  >>> zygote <<<
01-03 07:37:54.070  1463  1463 F DEBUG   : signal 6 (SIGABRT), code -6 (SI_TKILL), fault addr --------
01-03 07:37:54.083  1450  1450 D hawaii.hwcomposer: FBDevice::post called 12 times [12 0 0 0 0 0 0 0]
01-03 07:37:54.091  1463  1463 F DEBUG   : Abort message: 'art/runtime/jni_internal.cc:497] JNI FatalError called: frameworks/base/core/jni/com_android_internal_os_Zygote.cpp:492: Unable to construct file descriptor table.'
01-03 07:37:54.091  1463  1463 F DEBUG   :     r0 00000000  r1 000020aa  r2 00000006  r3 00000000
01-03 07:37:54.091  1463  1463 F DEBUG   :     r4 400cab88  r5 00000006  r6 400cab38  r7 0000010c
01-03 07:37:54.091  1463  1463 F DEBUG   :     r8 4061890d  r9 beb83141  sl beb8319c  fp 000003e8
01-03 07:37:54.091  1463  1463 F DEBUG   :     ip 00000002  sp beb83098  lr 404041b1  pc 40406914  cpsr 200f0010
01-03 07:37:54.110  1463  1463 F DEBUG   : 
01-03 07:37:54.110  1463  1463 F DEBUG   : backtrace:
01-03 07:37:54.110  1463  1463 F DEBUG   :     #00 pc 0004a914  /system/lib/libc.so (tgkill+12)
01-03 07:37:54.110  1463  1463 F DEBUG   :     #01 pc 000481ad  /system/lib/libc.so (pthread_kill+36)
01-03 07:37:54.110  1463  1463 F DEBUG   :     #02 pc 0001be9b  /system/lib/libc.so (raise+10)
01-03 07:37:54.110  1463  1463 F DEBUG   :     #03 pc 00018745  /system/lib/libc.so (__libc_android_abort+36)
01-03 07:37:54.110  1463  1463 F DEBUG   :     #04 pc 0001650c  /system/lib/libc.so (abort+4)
01-03 07:37:54.110  1463  1463 F DEBUG   :     #05 pc 0029f667  /system/lib/libart.so (_ZN3art7Runtime5AbortEv+274)
01-03 07:37:54.110  1463  1463 F DEBUG   :     #06 pc 0008f5f1  /system/lib/libart.so (_ZN3art10LogMessageD2Ev+872)
01-03 07:37:54.110  1463  1463 F DEBUG   :     #07 pc 001fab9f  /system/lib/libart.so (_ZN3art3JNI10FatalErrorEP7_JNIEnvPKc+90)
01-03 07:37:54.110  1463  1463 F DEBUG   :     #08 pc 000b611f  /system/lib/libandroid_runtime.so
01-03 07:37:54.110  1463  1463 F DEBUG   :     #09 pc 000b6283  /system/lib/libandroid_runtime.so
01-03 07:37:54.110  1463  1463 F DEBUG   :     #10 pc 000b6df7  /system/lib/libandroid_runtime.so
01-03 07:37:54.110  1463  1463 F DEBUG   :     #11 pc 745d0cef  /data/dalvik-cache/arm/system@framework@boot.oat (offset 0x21f7000)
01-03 07:37:54.299  1463  1463 F DEBUG   : 
01-03 07:37:54.299  1463  1463 F DEBUG   : Tombstone written to: /data/tombstones/tombstone_07
01-03 07:37:54.365  1449  1449 I ServiceManager: service 'media.audio_flinger' died
01-03 07:37:54.365  1449  1449 I ServiceManager: service 'media.player' died
01-03 07:37:54.365  1449  1449 I ServiceManager: service 'media.resource_manager' died
01-03 07:37:55.000  1450  1544 D hawaii.hwcomposer: FBDevice::vsync called 66 times
01-03 07:37:55.001  1450  1450 D hawaii.hwcomposer: FBDevice::post called 11 times [11 0 0 0 0 0 0 0]
01-03 07:37:55.515  8529  8529 I chatty  : uid=0(root) /system/bin/netd expire 3 lines
01-03 07:37:56.009  1450  1544 D hawaii.hwcomposer: FBDevice::vsync called 67 times
01-03 07:37:56.086  1450  1450 D hawaii.hwcomposer: FBDevice::post called 13 times [13 0 0 0 0 0 0 0]
01-03 07:37:56.208  8530  8530 I chatty  : uid=1013(media) /system/bin/mediaserver expire 182 lines
01-03 07:37:56.315  8531  8531 I chatty  : uid=0(root) expire 143 lines
01-03 07:37:56.449  8530  8546 I chatty  : uid=1013(media) /system/bin/mediaserver expire 1 line
01-03 07:37:57.005  1450  1450 D hawaii.hwcomposer: FBDevice::post called 11 times [11 0 0 0 0 0 0 0]
01-03 07:37:57.007  1450  1544 D hawaii.hwcomposer: FBDevice::vsync called 66 times
01-03 07:37:57.110  8530  8573 I chatty  : uid=1013(media) /system/bin/mediaserver expire 1 line
01-03 07:37:57.773  8607  8607 D idmap   : error: no read access to /vendor/overlay: No such file or directory
01-03 07:37:58.006  1450  1544 D hawaii.hwcomposer: FBDevice::vsync called 66 times
01-03 07:37:58.089  1450  1450 D hawaii.hwcomposer: FBDevice::post called 13 times [13 0 0 0 0 0 0 0]
01-03 07:37:58.348  8531  8557 I chatty  : uid=0(root) expire 1 line
01-03 07:37:58.466  8531  8531 F libc    : Fatal signal 6 (SIGABRT), code -6 in tid 8531 (main)
01-03 07:37:58.571  1463  1463 F DEBUG   : *** *** *** *** *** *** *** *** *** *** *** *** *** *** *** ***
01-03 07:37:58.571  1463  1463 F DEBUG   : LineageOS Version: '13.0-20170428-UNOFFICIAL-kyleprods'
01-03 07:37:58.571  1463  1463 F DEBUG   : Build fingerprint: 'unknown'
01-03 07:37:58.571  1463  1463 F DEBUG   : Revision: '0'
01-03 07:37:58.571  1463  1463 F DEBUG   : ABI: 'arm'
01-03 07:37:58.571  1463  1463 F DEBUG   : pid: 8531, tid: 8531, name: main  >>> zygote <<<
01-03 07:37:58.571  1463  1463 F DEBUG   : signal 6 (SIGABRT), code -6 (SI_TKILL), fault addr --------
01-03 07:37:58.593  1463  1463 F DEBUG   : Abort message: 'art/runtime/jni_internal.cc:497] JNI FatalError called: frameworks/base/core/jni/com_android_internal_os_Zygote.cpp:492: Unable to construct file descriptor table.'
01-03 07:37:58.594  1463  1463 F DEBUG   :     r0 00000000  r1 00002153  r2 00000006  r3 00000000
01-03 07:37:58.594  1463  1463 F DEBUG   :     r4 4008cb88  r5 00000006  r6 4008cb38  r7 0000010c
01-03 07:37:58.594  1463  1463 F DEBUG   :     r8 407c790d  r9 bef9e141  sl bef9e19c  fp 000003e8
01-03 07:37:58.594  1463  1463 F DEBUG   :     ip 00000002  sp bef9e098  lr 405971b1  pc 40599914  cpsr 200f0010
01-03 07:37:58.613  1463  1463 F DEBUG   : 
01-03 07:37:58.613  1463  1463 F DEBUG   : backtrace:
01-03 07:37:58.613  1463  1463 F DEBUG   :     #00 pc 0004a914  /system/lib/libc.so (tgkill+12)
01-03 07:37:58.613  1463  1463 F DEBUG   :     #01 pc 000481ad  /system/lib/libc.so (pthread_kill+36)
01-03 07:37:58.613  1463  1463 F DEBUG   :     #02 pc 0001be9b  /system/lib/libc.so (raise+10)
01-03 07:37:58.613  1463  1463 F DEBUG   :     #03 pc 00018745  /system/lib/libc.so (__libc_android_abort+36)
01-03 07:37:58.613  1463  1463 F DEBUG   :     #04 pc 0001650c  /system/lib/libc.so (abort+4)
01-03 07:37:58.613  1463  1463 F DEBUG   :     #05 pc 0029f667  /system/lib/libart.so (_ZN3art7Runtime5AbortEv+274)
01-03 07:37:58.613  1463  1463 F DEBUG   :     #06 pc 0008f5f1  /system/lib/libart.so (_ZN3art10LogMessageD2Ev+872)
01-03 07:37:58.613  1463  1463 F DEBUG   :     #07 pc 001fab9f  /system/lib/libart.so (_ZN3art3JNI10FatalErrorEP7_JNIEnvPKc+90)
01-03 07:37:58.613  1463  1463 F DEBUG   :     #08 pc 000b611f  /system/lib/libandroid_runtime.so
01-03 07:37:58.614  1463  1463 F DEBUG   :     #09 pc 000b6283  /system/lib/libandroid_runtime.so
01-03 07:37:58.614  1463  1463 F DEBUG   :     #10 pc 000b6df7  /system/lib/libandroid_runtime.so
01-03 07:37:58.614  1463  1463 F DEBUG   :     #11 pc 745d0cef  /data/dalvik-cache/arm/system@framework@boot.oat (offset 0x21f7000)
01-03 07:37:58.799  1463  1463 F DEBUG   : 
01-03 07:37:58.799  1463  1463 F DEBUG   : Tombstone written to: /data/tombstones/tombstone_08
01-03 07:37:58.853  1449  1449 I ServiceManager: service 'media.audio_flinger' died
01-03 07:37:58.853  1449  1449 I ServiceManager: service 'media.player' died
01-03 07:37:58.853  1449  1449 I ServiceManager: service 'media.resource_manager' died
01-03 07:37:59.000  1450  1544 D hawaii.hwcomposer: FBDevice::vsync called 66 times
01-03 07:37:59.007  1450  1450 D hawaii.hwcomposer: FBDevice::post called 11 times [11 0 0 0 0 0 0 0]
01-03 07:38:00.009  1450  1544 D hawaii.hwcomposer: FBDevice::vsync called 67 times
01-03 07:38:00.016  1450  1450 D hawaii.hwcomposer: FBDevice::post called 12 times [12 0 0 0 0 0 0 0]
01-03 07:38:00.499  8654  8654 I chatty  : uid=0(root) /system/bin/netd expire 12 lines
01-03 07:38:01.004  1450  1544 D hawaii.hwcomposer: FBDevice::vsync called 66 times
01-03 07:38:01.011  1450  1450 D hawaii.hwcomposer: FBDevice::post called 12 times [12 0 0 0 0 0 0 0]
01-03 07:38:01.090  8655  8655 I chatty  : uid=1013(media) /system/bin/mediaserver expire 383 lines
01-03 07:38:01.303  8655  8670 I chatty  : uid=1013(media) /system/bin/mediaserver expire 1 line
01-03 07:38:01.495  8656  8656 I chatty  : uid=0(root) expire 49 lines
01-03 07:38:01.922  8704  8704 I chatty  : uid=0(root) /system/bin/dex2oat expire 159 lines
01-03 07:38:01.988  8655  8695 I chatty  : uid=1013(media) /system/bin/mediaserver expire 1 line
01-03 07:38:02.000  1450  1544 D hawaii.hwcomposer: FBDevice::vsync called 66 times
01-03 07:38:02.020  1450  1450 D hawaii.hwcomposer: FBDevice::post called 12 times [12 0 0 0 0 0 0 0]
01-03 07:38:03.009  1450  1544 D hawaii.hwcomposer: FBDevice::vsync called 67 times
01-03 07:38:03.013  1450  1450 D hawaii.hwcomposer: FBDevice::post called 12 times [12 0 0 0 0 0 0 0]
01-03 07:38:04.004  1450  1544 D hawaii.hwcomposer: FBDevice::vsync called 66 times
01-03 07:38:04.024  1450  1450 D hawaii.hwcomposer: FBDevice::post called 12 times [12 0 0 0 0 0 0 0]
01-03 07:38:05.014  1450  1544 D hawaii.hwcomposer: FBDevice::vsync called 67 times
01-03 07:38:05.017  1450  1450 D hawaii.hwcomposer: FBDevice::post called 12 times [12 0 0 0 0 0 0 0]
01-03 07:38:06.011  1450  1544 D hawaii.hwcomposer: FBDevice::vsync called 65 times
01-03 07:38:06.026  1450  1450 D hawaii.hwcomposer: FBDevice::post called 12 times [12 0 0 0 0 0 0 0]
01-03 07:38:07.003  1450  1544 D hawaii.hwcomposer: FBDevice::vsync called 64 times
01-03 07:38:07.020  1450  1450 D hawaii.hwcomposer: FBDevice::post called 12 times [12 0 0 0 0 0 0 0]
01-03 07:38:07.126  8654  8920 I chatty  : uid=0(root) /system/bin/netd expire 2 lines
01-03 07:38:07.299  8655  8927 I chatty  : uid=1013(media) /system/bin/mediaserver expire 11 lines
01-03 07:38:07.300  8655  8925 I chatty  : uid=1013(media) /system/bin/mediaserver expire 2 lines
01-03 07:38:07.304  8655  8928 I chatty  : uid=1013(media) /system/bin/mediaserver expire 11 lines
01-03 07:38:07.312  8655  8930 I chatty  : uid=1013(media) /system/bin/mediaserver expire 1 line
01-03 07:38:07.314  8655  8929 I chatty  : uid=1013(media) /system/bin/mediaserver expire 1 line
01-03 07:38:07.323  8655  8932 I chatty  : uid=1013(media) /system/bin/mediaserver expire 1 line
01-03 07:38:07.325  8655  8931 I chatty  : uid=1013(media) /system/bin/mediaserver expire 1 line
01-03 07:38:08.000  1450  1544 D hawaii.hwcomposer: FBDevice::vsync called 66 times
01-03 07:38:08.028  1450  1450 D hawaii.hwcomposer: FBDevice::post called 12 times [12 0 0 0 0 0 0 0]
01-03 07:38:09.009  1450  1544 D hawaii.hwcomposer: FBDevice::vsync called 67 times
01-03 07:38:09.022  1450  1450 D hawaii.hwcomposer: FBDevice::post called 12 times [12 0 0 0 0 0 0 0]
01-03 07:38:10.005  1450  1544 D hawaii.hwcomposer: FBDevice::vsync called 65 times
01-03 07:38:10.032  1450  1450 D hawaii.hwcomposer: FBDevice::post called 12 times [12 0 0 0 0 0 0 0]
01-03 07:38:11.014  1450  1544 D hawaii.hwcomposer: FBDevice::vsync called 67 times
01-03 07:38:11.026  1450  1450 D hawaii.hwcomposer: FBDevice::post called 12 times [12 0 0 0 0 0 0 0]
01-03 07:38:12.013  1450  1544 D hawaii.hwcomposer: FBDevice::vsync called 66 times
01-03 07:38:12.035  1450  1450 D hawaii.hwcomposer: FBDevice::post called 12 times [12 0 0 0 0 0 0 0]
01-03 07:38:13.006  1450  1544 D hawaii.hwcomposer: FBDevice::vsync called 66 times
01-03 07:38:13.029  1450  1450 D hawaii.hwcomposer: FBDevice::post called 12 times [12 0 0 0 0 0 0 0]
01-03 07:38:14.001  1450  1544 D hawaii.hwcomposer: FBDevice::vsync called 66 times
01-03 07:38:14.023  1450  1450 D hawaii.hwcomposer: FBDevice::post called 12 times [12 0 0 0 0 0 0 0]
01-03 07:38:15.011  1450  1544 D hawaii.hwcomposer: FBDevice::vsync called 67 times
01-03 07:38:15.032  1450  1450 D hawaii.hwcomposer: FBDevice::post called 12 times [12 0 0 0 0 0 0 0]
01-03 07:38:16.005  1450  1544 D hawaii.hwcomposer: FBDevice::vsync called 66 times
01-03 07:38:16.026  1450  1450 D hawaii.hwcomposer: FBDevice::post called 12 times [12 0 0 0 0 0 0 0]
01-03 07:38:17.014  1450  1544 D hawaii.hwcomposer: FBDevice::vsync called 67 times
01-03 07:38:17.035  1450  1450 D hawaii.hwcomposer: FBDevice::post called 12 times [12 0 0 0 0 0 0 0]
01-03 07:38:18.008  1450  1544 D hawaii.hwcomposer: FBDevice::vsync called 66 times
01-03 07:38:18.029  1450  1450 D hawaii.hwcomposer: FBDevice::post called 12 times [12 0 0 0 0 0 0 0]
01-03 07:38:19.003  1450  1544 D hawaii.hwcomposer: FBDevice::vsync called 66 times
01-03 07:38:19.038  1450  1450 D hawaii.hwcomposer: FBDevice::post called 12 times [12 0 0 0 0 0 0 0]
01-03 07:38:19.071  8704  8828 I chatty  : uid=0(root) /system/bin/dex2oat expire 160 lines
01-03 07:38:20.002  1450  1544 D hawaii.hwcomposer: FBDevice::vsync called 66 times
01-03 07:38:20.032  1450  1450 D hawaii.hwcomposer: FBDevice::post called 12 times [12 0 0 0 0 0 0 0]
01-03 07:38:21.011  1450  1544 D hawaii.hwcomposer: FBDevice::vsync called 67 times
01-03 07:38:21.041  1450  1450 D hawaii.hwcomposer: FBDevice::post called 12 times [12 0 0 0 0 0 0 0]
01-03 07:38:21.163  8704  8704 I chatty  : uid=0(root) /system/bin/dex2oat expire 163 lines
01-03 07:38:22.011  1450  1544 D hawaii.hwcomposer: FBDevice::vsync called 66 times
01-03 07:38:22.035  1450  1450 D hawaii.hwcomposer: FBDevice::post called 12 times [12 0 0 0 0 0 0 0]
01-03 07:38:23.004  1450  1544 D hawaii.hwcomposer: FBDevice::vsync called 65 times
01-03 07:38:23.044  1450  1450 D hawaii.hwcomposer: FBDevice::post called 12 times [12 0 0 0 0 0 0 0]
01-03 07:38:24.013  1450  1544 D hawaii.hwcomposer: FBDevice::vsync called 67 times
01-03 07:38:24.038  1450  1450 D hawaii.hwcomposer: FBDevice::post called 12 times [12 0 0 0 0 0 0 0]
01-03 07:38:25.006  1450  1544 D hawaii.hwcomposer: FBDevice::vsync called 66 times
01-03 07:38:25.047  1450  1450 D hawaii.hwcomposer: FBDevice::post called 12 times [12 0 0 0 0 0 0 0]
01-03 07:38:26.001  1450  1544 D hawaii.hwcomposer: FBDevice::vsync called 66 times
01-03 07:38:26.041  1450  1450 D hawaii.hwcomposer: FBDevice::post called 12 times [12 0 0 0 0 0 0 0]
01-03 07:38:27.010  1450  1544 D hawaii.hwcomposer: FBDevice::vsync called 67 times
01-03 07:38:27.050  1450  1450 D hawaii.hwcomposer: FBDevice::post called 12 times [12 0 0 0 0 0 0 0]
01-03 07:38:28.005  1450  1544 D hawaii.hwcomposer: FBDevice::vsync called 66 times
01-03 07:38:28.044  1450  1450 D hawaii.hwcomposer: FBDevice::post called 12 times [12 0 0 0 0 0 0 0]
01-03 07:38:29.014  1450  1544 D hawaii.hwcomposer: FBDevice::vsync called 67 times
01-03 07:38:29.053  1450  1450 D hawaii.hwcomposer: FBDevice::post called 12 times [12 0 0 0 0 0 0 0]
01-03 07:38:30.008  1450  1544 D hawaii.hwcomposer: FBDevice::vsync called 66 times
01-03 07:38:30.047  1450  1450 D hawaii.hwcomposer: FBDevice::post called 12 times [12 0 0 0 0 0 0 0]
01-03 07:38:31.011  1450  1544 D hawaii.hwcomposer: FBDevice::vsync called 66 times
01-03 07:38:31.056  1450  1450 D hawaii.hwcomposer: FBDevice::post called 12 times [12 0 0 0 0 0 0 0]
01-03 07:38:32.005  1450  1544 D hawaii.hwcomposer: FBDevice::vsync called 66 times
01-03 07:38:32.065  1450  1450 D hawaii.hwcomposer: FBDevice::post called 12 times [12 0 0 0 0 0 0 0]
01-03 07:38:33.014  1450  1544 D hawaii.hwcomposer: FBDevice::vsync called 67 times
01-03 07:38:33.059  1450  1450 D hawaii.hwcomposer: FBDevice::post called 12 times [12 0 0 0 0 0 0 0]
01-03 07:38:34.009  1450  1544 D hawaii.hwcomposer: FBDevice::vsync called 66 times
01-03 07:38:34.068  1450  1450 D hawaii.hwcomposer: FBDevice::post called 12 times [12 0 0 0 0 0 0 0]
01-03 07:38:35.003  1450  1544 D hawaii.hwcomposer: FBDevice::vsync called 66 times
01-03 07:38:35.062  1450  1450 D hawaii.hwcomposer: FBDevice::post called 12 times [12 0 0 0 0 0 0 0]
01-03 07:38:36.012  1450  1544 D hawaii.hwcomposer: FBDevice::vsync called 67 times
01-03 07:38:36.071  1450  1450 D hawaii.hwcomposer: FBDevice::post called 12 times [12 0 0 0 0 0 0 0]
01-03 07:38:37.013  1450  1544 D hawaii.hwcomposer: FBDevice::vsync called 66 times
01-03 07:38:37.065  1450  1450 D hawaii.hwcomposer: FBDevice::post called 12 times [12 0 0 0 0 0 0 0]
01-03 07:38:38.007  1450  1544 D hawaii.hwcomposer: FBDevice::vsync called 66 times
01-03 07:38:38.074  1450  1450 D hawaii.hwcomposer: FBDevice::post called 12 times [12 0 0 0 0 0 0 0]
01-03 07:38:39.002  1450  1544 D hawaii.hwcomposer: FBDevice::vsync called 66 times
01-03 07:38:39.068  1450  1450 D hawaii.hwcomposer: FBDevice::post called 12 times [12 0 0 0 0 0 0 0]
01-03 07:38:40.011  1450  1544 D hawaii.hwcomposer: FBDevice::vsync called 67 times
01-03 07:38:40.077  1450  1450 D hawaii.hwcomposer: FBDevice::post called 12 times [12 0 0 0 0 0 0 0]
01-03 07:38:41.005  1450  1544 D hawaii.hwcomposer: FBDevice::vsync called 66 times
01-03 07:38:41.071  1450  1450 D hawaii.hwcomposer: FBDevice::post called 12 times [12 0 0 0 0 0 0 0]
01-03 07:38:42.014  1450  1544 D hawaii.hwcomposer: FBDevice::vsync called 67 times
01-03 07:38:42.080  1450  1450 D hawaii.hwcomposer: FBDevice::post called 12 times [12 0 0 0 0 0 0 0]
01-03 07:38:43.008  1450  1544 D hawaii.hwcomposer: FBDevice::vsync called 66 times
01-03 07:38:43.074  1450  1450 D hawaii.hwcomposer: FBDevice::post called 12 times [12 0 0 0 0 0 0 0]
01-03 07:38:43.817  8704  8704 I chatty  : uid=0(root) /system/bin/dex2oat expire 116 lines
01-03 07:38:44.002  1450  1544 D hawaii.hwcomposer: FBDevice::vsync called 66 times
01-03 07:38:44.083  1450  1450 D hawaii.hwcomposer: FBDevice::post called 12 times [12 0 0 0 0 0 0 0]
01-03 07:38:45.002  1450  1450 D hawaii.hwcomposer: FBDevice::post called 11 times [11 0 0 0 0 0 0 0]
01-03 07:38:45.011  1450  1544 D hawaii.hwcomposer: FBDevice::vsync called 67 times
01-03 07:38:46.013  1450  1544 D hawaii.hwcomposer: FBDevice::vsync called 66 times
01-03 07:38:46.086  1450  1450 D hawaii.hwcomposer: FBDevice::post called 13 times [13 0 0 0 0 0 0 0]
01-03 07:38:46.199  8704  8828 I chatty  : uid=0(root) /system/bin/dex2oat expire 2 lines
01-03 07:38:47.005  1450  1450 D hawaii.hwcomposer: FBDevice::post called 11 times [11 0 0 0 0 0 0 0]
01-03 07:38:47.007  1450  1544 D hawaii.hwcomposer: FBDevice::vsync called 66 times
01-03 07:38:48.001  1450  1544 D hawaii.hwcomposer: FBDevice::vsync called 66 times
01-03 07:38:48.089  1450  1450 D hawaii.hwcomposer: FBDevice::post called 13 times [13 0 0 0 0 0 0 0]
01-03 07:38:49.008  1450  1450 D hawaii.hwcomposer: FBDevice::post called 11 times [11 0 0 0 0 0 0 0]
01-03 07:38:49.011  1450  1544 D hawaii.hwcomposer: FBDevice::vsync called 67 times
01-03 07:38:50.002  1450  1450 D hawaii.hwcomposer: FBDevice::post called 12 times [12 0 0 0 0 0 0 0]
01-03 07:38:50.005  1450  1544 D hawaii.hwcomposer: FBDevice::vsync called 66 times
01-03 07:38:51.000  1450  1544 D hawaii.hwcomposer: FBDevice::vsync called 66 times
01-03 07:38:51.011  1450  1450 D hawaii.hwcomposer: FBDevice::post called 12 times [12 0 0 0 0 0 0 0]
01-03 07:38:52.005  1450  1450 D hawaii.hwcomposer: FBDevice::post called 12 times [12 0 0 0 0 0 0 0]
01-03 07:38:52.009  1450  1544 D hawaii.hwcomposer: FBDevice::vsync called 67 times
01-03 07:38:53.011  1450  1544 D hawaii.hwcomposer: FBDevice::vsync called 66 times
01-03 07:38:53.014  1450  1450 D hawaii.hwcomposer: FBDevice::post called 12 times [12 0 0 0 0 0 0 0]
01-03 07:38:54.005  1450  1544 D hawaii.hwcomposer: FBDevice::vsync called 66 times
01-03 07:38:54.008  1450  1450 D hawaii.hwcomposer: FBDevice::post called 12 times [12 0 0 0 0 0 0 0]
01-03 07:38:55.015  1450  1544 D hawaii.hwcomposer: FBDevice::vsync called 67 times
01-03 07:38:55.017  1450  1450 D hawaii.hwcomposer: FBDevice::post called 12 times [12 0 0 0 0 0 0 0]
01-03 07:38:56.009  1450  1544 D hawaii.hwcomposer: FBDevice::vsync called 66 times
01-03 07:38:56.011  1450  1450 D hawaii.hwcomposer: FBDevice::post called 12 times [12 0 0 0 0 0 0 0]
01-03 07:38:57.003  1450  1544 D hawaii.hwcomposer: FBDevice::vsync called 66 times
01-03 07:38:57.020  1450  1450 D hawaii.hwcomposer: FBDevice::post called 12 times [12 0 0 0 0 0 0 0]
01-03 07:38:58.006  1450  1544 D hawaii.hwcomposer: FBDevice::vsync called 66 times
01-03 07:38:58.014  1450  1450 D hawaii.hwcomposer: FBDevice::post called 12 times [12 0 0 0 0 0 0 0]
01-03 07:38:59.000  1450  1544 D hawaii.hwcomposer: FBDevice::vsync called 66 times
01-03 07:38:59.023  1450  1450 D hawaii.hwcomposer: FBDevice::post called 12 times [12 0 0 0 0 0 0 0]
01-03 07:39:00.009  1450  1544 D hawaii.hwcomposer: FBDevice::vsync called 67 times
01-03 07:39:00.017  1450  1450 D hawaii.hwcomposer: FBDevice::post called 12 times [12 0 0 0 0 0 0 0]
01-03 07:39:01.004  1450  1544 D hawaii.hwcomposer: FBDevice::vsync called 66 times
01-03 07:39:01.026  1450  1450 D hawaii.hwcomposer: FBDevice::post called 12 times [12 0 0 0 0 0 0 0]
01-03 07:39:02.013  1450  1544 D hawaii.hwcomposer: FBDevice::vsync called 67 times
01-03 07:39:02.020  1450  1450 D hawaii.hwcomposer: FBDevice::post called 12 times [12 0 0 0 0 0 0 0]
01-03 07:39:03.008  1450  1544 D hawaii.hwcomposer: FBDevice::vsync called 66 times
01-03 07:39:03.029  1450  1450 D hawaii.hwcomposer: FBDevice::post called 12 times [12 0 0 0 0 0 0 0]
01-03 07:39:04.014  1450  1544 D hawaii.hwcomposer: FBDevice::vsync called 66 times
01-03 07:39:04.023  1450  1450 D hawaii.hwcomposer: FBDevice::post called 12 times [12 0 0 0 0 0 0 0]
01-03 07:39:05.009  1450  1544 D hawaii.hwcomposer: FBDevice::vsync called 66 times
01-03 07:39:05.032  1450  1450 D hawaii.hwcomposer: FBDevice::post called 12 times [12 0 0 0 0 0 0 0]
01-03 07:39:06.004  1450  1544 D hawaii.hwcomposer: FBDevice::vsync called 66 times
01-03 07:39:06.026  1450  1450 D hawaii.hwcomposer: FBDevice::post called 12 times [12 0 0 0 0 0 0 0]
01-03 07:39:07.013  1450  1544 D hawaii.hwcomposer: FBDevice::vsync called 67 times
01-03 07:39:07.035  1450  1450 D hawaii.hwcomposer: FBDevice::post called 12 times [12 0 0 0 0 0 0 0]
01-03 07:39:08.008  1450  1544 D hawaii.hwcomposer: FBDevice::vsync called 66 times
01-03 07:39:08.029  1450  1450 D hawaii.hwcomposer: FBDevice::post called 12 times [12 0 0 0 0 0 0 0]
01-03 07:39:09.006  1450  1544 D hawaii.hwcomposer: FBDevice::vsync called 66 times
01-03 07:39:09.038  1450  1450 D hawaii.hwcomposer: FBDevice::post called 12 times [12 0 0 0 0 0 0 0]
01-03 07:39:10.001  1450  1544 D hawaii.hwcomposer: FBDevice::vsync called 66 times
01-03 07:39:10.032  1450  1450 D hawaii.hwcomposer: FBDevice::post called 12 times [12 0 0 0 0 0 0 0]
01-03 07:39:11.003  1450  1544 D hawaii.hwcomposer: FBDevice::vsync called 66 times
01-03 07:39:11.041  1450  1450 D hawaii.hwcomposer: FBDevice::post called 12 times [12 0 0 0 0 0 0 0]
01-03 07:39:12.012  1450  1544 D hawaii.hwcomposer: FBDevice::vsync called 67 times
01-03 07:39:12.035  1450  1450 D hawaii.hwcomposer: FBDevice::post called 12 times [12 0 0 0 0 0 0 0]
01-03 07:39:13.014  1450  1544 D hawaii.hwcomposer: FBDevice::vsync called 66 times
01-03 07:39:13.044  1450  1450 D hawaii.hwcomposer: FBDevice::post called 12 times [12 0 0 0 0 0 0 0]
01-03 07:39:14.012  1450  1544 D hawaii.hwcomposer: FBDevice::vsync called 66 times
01-03 07:39:14.038  1450  1450 D hawaii.hwcomposer: FBDevice::post called 12 times [12 0 0 0 0 0 0 0]
01-03 07:39:15.006  1450  1544 D hawaii.hwcomposer: FBDevice::vsync called 66 times
01-03 07:39:15.027  8704  8704 I chatty  : uid=0(root) /system/bin/dex2oat expire 46 lines
01-03 07:39:15.048  1450  1450 D hawaii.hwcomposer: FBDevice::post called 12 times [12 0 0 0 0 0 0 0]
01-03 07:39:16.001  1450  1544 D hawaii.hwcomposer: FBDevice::vsync called 66 times
01-03 07:39:16.042  1450  1450 D hawaii.hwcomposer: FBDevice::post called 12 times [12 0 0 0 0 0 0 0]
01-03 07:39:17.012  1450  1544 D hawaii.hwcomposer: FBDevice::vsync called 66 times
01-03 07:39:17.051  1450  1450 D hawaii.hwcomposer: FBDevice::post called 12 times [12 0 0 0 0 0 0 0]
01-03 07:39:18.006  1450  1544 D hawaii.hwcomposer: FBDevice::vsync called 66 times
01-03 07:39:18.045  1450  1450 D hawaii.hwcomposer: FBDevice::post called 12 times [12 0 0 0 0 0 0 0]
01-03 07:39:19.002  1450  1544 D hawaii.hwcomposer: FBDevice::vsync called 66 times
01-03 07:39:19.054  1450  1450 D hawaii.hwcomposer: FBDevice::post called 12 times [12 0 0 0 0 0 0 0]
01-03 07:39:20.005  1450  1544 D hawaii.hwcomposer: FBDevice::vsync called 66 times
01-03 07:39:20.048  1450  1450 D hawaii.hwcomposer: FBDevice::post called 12 times [12 0 0 0 0 0 0 0]
01-03 07:39:21.000  1450  1544 D hawaii.hwcomposer: FBDevice::vsync called 66 times
01-03 07:39:21.057  1450  1450 D hawaii.hwcomposer: FBDevice::post called 12 times [12 0 0 0 0 0 0 0]
01-03 07:39:22.000  1450  1544 D hawaii.hwcomposer: FBDevice::vsync called 66 times
01-03 07:39:22.051  1450  1450 D hawaii.hwcomposer: FBDevice::post called 12 times [12 0 0 0 0 0 0 0]
01-03 07:39:23.002  1450  1544 D hawaii.hwcomposer: FBDevice::vsync called 66 times
01-03 07:39:23.060  1450  1450 D hawaii.hwcomposer: FBDevice::post called 12 times [12 0 0 0 0 0 0 0]
01-03 07:39:24.019  1450  1544 D hawaii.hwcomposer: FBDevice::vsync called 67 times
01-03 07:39:24.054  1450  1450 D hawaii.hwcomposer: FBDevice::post called 12 times [12 0 0 0 0 0 0 0]
01-03 07:39:25.014  1450  1544 D hawaii.hwcomposer: FBDevice::vsync called 66 times
01-03 07:39:25.063  1450  1450 D hawaii.hwcomposer: FBDevice::post called 12 times [12 0 0 0 0 0 0 0]
01-03 07:39:26.008  1450  1544 D hawaii.hwcomposer: FBDevice::vsync called 66 times
01-03 07:39:26.057  1450  1450 D hawaii.hwcomposer: FBDevice::post called 12 times [12 0 0 0 0 0 0 0]
01-03 07:39:27.002  1450  1544 D hawaii.hwcomposer: FBDevice::vsync called 66 times
01-03 07:39:27.044  8704  8704 I chatty  : uid=0(root) /system/bin/dex2oat expire 2 lines
01-03 07:39:27.066  1450  1450 D hawaii.hwcomposer: FBDevice::post called 12 times [12 0 0 0 0 0 0 0]
01-03 07:39:28.000  1450  1544 D hawaii.hwcomposer: FBDevice::vsync called 66 times
01-03 07:39:28.061  1450  1450 D hawaii.hwcomposer: FBDevice::post called 12 times [12 0 0 0 0 0 0 0]
01-03 07:39:29.006  1450  1544 D hawaii.hwcomposer: FBDevice::vsync called 66 times
01-03 07:39:29.069  1450  1450 D hawaii.hwcomposer: FBDevice::post called 12 times [12 0 0 0 0 0 0 0]
01-03 07:39:30.000  1450  1544 D hawaii.hwcomposer: FBDevice::vsync called 66 times
01-03 07:39:30.062  1450  1450 D hawaii.hwcomposer: FBDevice::post called 12 times [12 0 0 0 0 0 0 0]
01-03 07:39:31.011  1450  1544 D hawaii.hwcomposer: FBDevice::vsync called 67 times
01-03 07:39:31.073  1450  1450 D hawaii.hwcomposer: FBDevice::post called 12 times [12 0 0 0 0 0 0 0]
01-03 07:39:32.004  1450  1544 D hawaii.hwcomposer: FBDevice::vsync called 66 times
01-03 07:39:32.065  1450  1450 D hawaii.hwcomposer: FBDevice::post called 12 times [12 0 0 0 0 0 0 0]
01-03 07:39:33.013  1450  1544 D hawaii.hwcomposer: FBDevice::vsync called 67 times
01-03 07:39:33.075  1450  1450 D hawaii.hwcomposer: FBDevice::post called 12 times [12 0 0 0 0 0 0 0]
01-03 07:39:34.011  1450  1544 D hawaii.hwcomposer: FBDevice::vsync called 66 times
01-03 07:39:34.068  1450  1450 D hawaii.hwcomposer: FBDevice::post called 12 times [12 0 0 0 0 0 0 0]
01-03 07:39:35.007  1450  1544 D hawaii.hwcomposer: FBDevice::vsync called 66 times
01-03 07:39:35.078  1450  1450 D hawaii.hwcomposer: FBDevice::post called 12 times [12 0 0 0 0 0 0 0]
01-03 07:39:36.001  1450  1544 D hawaii.hwcomposer: FBDevice::vsync called 66 times
01-03 07:39:36.072  1450  1450 D hawaii.hwcomposer: FBDevice::post called 12 times [12 0 0 0 0 0 0 0]
01-03 07:39:37.010  1450  1544 D hawaii.hwcomposer: FBDevice::vsync called 67 times
01-03 07:39:37.081  1450  1450 D hawaii.hwcomposer: FBDevice::post called 12 times [12 0 0 0 0 0 0 0]
01-03 07:39:37.419  8656  8656 I chatty  : uid=0(root) expire 99 lines
01-03 07:39:38.006  1450  1544 D hawaii.hwcomposer: FBDevice::vsync called 66 times
01-03 07:39:38.075  1450  1450 D hawaii.hwcomposer: FBDevice::post called 12 times [12 0 0 0 0 0 0 0]
01-03 07:39:38.386  8956  8956 D idmap   : error: no read access to /vendor/overlay: No such file or directory
01-03 07:39:38.889  8656  8955 I chatty  : uid=0(root) expire 1 line
01-03 07:39:39.004  8656  8656 F libc    : Fatal signal 6 (SIGABRT), code -6 in tid 8656 (main)
01-03 07:39:39.014  1450  1544 D hawaii.hwcomposer: FBDevice::vsync called 67 times
01-03 07:39:39.084  1450  1450 D hawaii.hwcomposer: FBDevice::post called 12 times [12 0 0 0 0 0 0 0]
01-03 07:39:39.108  1463  1463 F DEBUG   : *** *** *** *** *** *** *** *** *** *** *** *** *** *** *** ***
01-03 07:39:39.108  1463  1463 F DEBUG   : LineageOS Version: '13.0-20170428-UNOFFICIAL-kyleprods'
01-03 07:39:39.108  1463  1463 F DEBUG   : Build fingerprint: 'unknown'
01-03 07:39:39.108  1463  1463 F DEBUG   : Revision: '0'
01-03 07:39:39.108  1463  1463 F DEBUG   : ABI: 'arm'
01-03 07:39:39.108  1463  1463 F DEBUG   : pid: 8656, tid: 8656, name: main  >>> zygote <<<
01-03 07:39:39.108  1463  1463 F DEBUG   : signal 6 (SIGABRT), code -6 (SI_TKILL), fault addr --------
01-03 07:39:39.125  1463  1463 F DEBUG   : Abort message: 'art/runtime/jni_internal.cc:497] JNI FatalError called: frameworks/base/core/jni/com_android_internal_os_Zygote.cpp:492: Unable to construct file descriptor table.'
01-03 07:39:39.125  1463  1463 F DEBUG   :     r0 00000000  r1 000021d0  r2 00000006  r3 00000000
01-03 07:39:39.125  1463  1463 F DEBUG   :     r4 401aab88  r5 00000006  r6 401aab38  r7 0000010c
01-03 07:39:39.125  1463  1463 F DEBUG   :     r8 4087790d  r9 be832141  sl be83219c  fp 000003e8
01-03 07:39:39.125  1463  1463 F DEBUG   :     ip 00000002  sp be832098  lr 4012d1b1  pc 4012f914  cpsr 200f0010
01-03 07:39:39.143  1463  1463 F DEBUG   : 
01-03 07:39:39.143  1463  1463 F DEBUG   : backtrace:
01-03 07:39:39.143  1463  1463 F DEBUG   :     #00 pc 0004a914  /system/lib/libc.so (tgkill+12)
01-03 07:39:39.143  1463  1463 F DEBUG   :     #01 pc 000481ad  /system/lib/libc.so (pthread_kill+36)
01-03 07:39:39.143  1463  1463 F DEBUG   :     #02 pc 0001be9b  /system/lib/libc.so (raise+10)
01-03 07:39:39.143  1463  1463 F DEBUG   :     #03 pc 00018745  /system/lib/libc.so (__libc_android_abort+36)
01-03 07:39:39.143  1463  1463 F DEBUG   :     #04 pc 0001650c  /system/lib/libc.so (abort+4)
01-03 07:39:39.143  1463  1463 F DEBUG   :     #05 pc 0029f667  /system/lib/libart.so (_ZN3art7Runtime5AbortEv+274)
01-03 07:39:39.143  1463  1463 F DEBUG   :     #06 pc 0008f5f1  /system/lib/libart.so (_ZN3art10LogMessageD2Ev+872)
01-03 07:39:39.143  1463  1463 F DEBUG   :     #07 pc 001fab9f  /system/lib/libart.so (_ZN3art3JNI10FatalErrorEP7_JNIEnvPKc+90)
01-03 07:39:39.143  1463  1463 F DEBUG   :     #08 pc 000b611f  /system/lib/libandroid_runtime.so
01-03 07:39:39.143  1463  1463 F DEBUG   :     #09 pc 000b6283  /system/lib/libandroid_runtime.so
01-03 07:39:39.143  1463  1463 F DEBUG   :     #10 pc 000b6df7  /system/lib/libandroid_runtime.so
01-03 07:39:39.143  1463  1463 F DEBUG   :     #11 pc 731d6cef  /data/dalvik-cache/arm/system@framework@boot.oat (offset 0x21f7000)
01-03 07:39:39.307  1463  1463 F DEBUG   : 
01-03 07:39:39.307  1463  1463 F DEBUG   : Tombstone written to: /data/tombstones/tombstone_09
01-03 07:39:39.377  1449  1449 I ServiceManager: service 'media.audio_flinger' died
01-03 07:39:39.377  1449  1449 I ServiceManager: service 'media.player' died
01-03 07:39:39.377  1449  1449 I ServiceManager: service 'media.resource_manager' died
01-03 07:39:39.377  1449  1449 I ServiceManager: service 'media.camera' died
01-03 07:39:39.377  1449  1449 I ServiceManager: service 'media.audio_policy' died
01-03 07:39:39.377  1449  1449 I ServiceManager: service 'media.sound_trigger_hw' died
01-03 07:39:39.377  1449  1449 I ServiceManager: service 'media.radio' died
01-03 07:39:39.459  8962  8962 I chatty  : uid=0(root) /system/bin/netd expire 3 lines
01-03 07:39:39.961  8963  8963 I chatty  : uid=1013(media) /system/bin/mediaserver expire 182 lines
01-03 07:39:40.001  1450  1544 D hawaii.hwcomposer: FBDevice::vsync called 65 times
01-03 07:39:40.003  1450  1450 D hawaii.hwcomposer: FBDevice::post called 11 times [11 0 0 0 0 0 0 0]
01-03 07:39:40.173  8963  8978 I chatty  : uid=1013(media) /system/bin/mediaserver expire 1 line
01-03 07:39:40.634  8961  8961 I chatty  : uid=0(root) expire 143 lines
01-03 07:39:40.844  8963  9000 I chatty  : uid=1013(media) /system/bin/mediaserver expire 1 line
01-03 07:39:41.013  1450  1544 D hawaii.hwcomposer: FBDevice::vsync called 67 times
01-03 07:39:41.087  1450  1450 D hawaii.hwcomposer: FBDevice::post called 13 times [13 0 0 0 0 0 0 0]
01-03 07:39:41.867  9051  9051 D idmap   : error: no read access to /vendor/overlay: No such file or directory
01-03 07:39:42.006  1450  1450 D hawaii.hwcomposer: FBDevice::post called 11 times [11 0 0 0 0 0 0 0]
01-03 07:39:42.008  1450  1544 D hawaii.hwcomposer: FBDevice::vsync called 66 times
01-03 07:39:42.442  8961  9010 I chatty  : uid=0(root) expire 1 line
01-03 07:39:42.560  8961  8961 F libc    : Fatal signal 6 (SIGABRT), code -6 in tid 8961 (main)
01-03 07:39:42.664  1463  1463 F DEBUG   : *** *** *** *** *** *** *** *** *** *** *** *** *** *** *** ***
01-03 07:39:42.664  1463  1463 F DEBUG   : LineageOS Version: '13.0-20170428-UNOFFICIAL-kyleprods'
01-03 07:39:42.664  1463  1463 F DEBUG   : Build fingerprint: 'unknown'
01-03 07:39:42.664  1463  1463 F DEBUG   : Revision: '0'
01-03 07:39:42.664  1463  1463 F DEBUG   : ABI: 'arm'
01-03 07:39:42.664  1463  1463 F DEBUG   : pid: 8961, tid: 8961, name: main  >>> zygote <<<
01-03 07:39:42.664  1463  1463 F DEBUG   : signal 6 (SIGABRT), code -6 (SI_TKILL), fault addr --------
01-03 07:39:42.683  1463  1463 F DEBUG   : Abort message: 'art/runtime/jni_internal.cc:497] JNI FatalError called: frameworks/base/core/jni/com_android_internal_os_Zygote.cpp:492: Unable to construct file descriptor table.'
01-03 07:39:42.684  1463  1463 F DEBUG   :     r0 00000000  r1 00002301  r2 00000006  r3 00000000
01-03 07:39:42.684  1463  1463 F DEBUG   :     r4 40109b88  r5 00000006  r6 40109b38  r7 0000010c
01-03 07:39:42.684  1463  1463 F DEBUG   :     r8 409b690d  r9 be8fc141  sl be8fc19c  fp 000003e8
01-03 07:39:42.684  1463  1463 F DEBUG   :     ip 00000002  sp be8fc098  lr 403b51b1  pc 403b7914  cpsr 200f0010
01-03 07:39:42.702  1463  1463 F DEBUG   : 
01-03 07:39:42.702  1463  1463 F DEBUG   : backtrace:
01-03 07:39:42.702  1463  1463 F DEBUG   :     #00 pc 0004a914  /system/lib/libc.so (tgkill+12)
01-03 07:39:42.702  1463  1463 F DEBUG   :     #01 pc 000481ad  /system/lib/libc.so (pthread_kill+36)
01-03 07:39:42.702  1463  1463 F DEBUG   :     #02 pc 0001be9b  /system/lib/libc.so (raise+10)
01-03 07:39:42.702  1463  1463 F DEBUG   :     #03 pc 00018745  /system/lib/libc.so (__libc_android_abort+36)
01-03 07:39:42.702  1463  1463 F DEBUG   :     #04 pc 0001650c  /system/lib/libc.so (abort+4)
01-03 07:39:42.702  1463  1463 F DEBUG   :     #05 pc 0029f667  /system/lib/libart.so (_ZN3art7Runtime5AbortEv+274)
01-03 07:39:42.702  1463  1463 F DEBUG   :     #06 pc 0008f5f1  /system/lib/libart.so (_ZN3art10LogMessageD2Ev+872)
01-03 07:39:42.702  1463  1463 F DEBUG   :     #07 pc 001fab9f  /system/lib/libart.so (_ZN3art3JNI10FatalErrorEP7_JNIEnvPKc+90)
